

================================================================
== Vitis HLS Report for 'aggregate_paths_and_select'
================================================================
* Date:           Sat Apr 11 03:26:27 2026

* Version:        2023.1 (Build 3854077 on May  4 2023)
* Project:        sgm_kernel
* Solution:       solution1 (Vivado IP Flow Target)
* Product family: zynq
* Target device:  xc7z010-clg400-1


================================================================
== Performance Estimates
================================================================
+ Timing: 
    * Summary: 
    +--------+----------+----------+------------+
    |  Clock |  Target  | Estimated| Uncertainty|
    +--------+----------+----------+------------+
    |ap_clk  |  10.00 ns|  7.035 ns|     2.70 ns|
    +--------+----------+----------+------------+

+ Latency: 
    * Summary: 
    +---------+---------+----------+----------+-----+-----+---------+
    |  Latency (cycles) |  Latency (absolute) |  Interval | Pipeline|
    |   min   |   max   |    min   |    max   | min | max |   Type  |
    +---------+---------+----------+----------+-----+-----+---------+
    |       39|       39|  0.390 us|  0.390 us|   39|   39|       no|
    +---------+---------+----------+----------+-----+-----+---------+

    + Detail: 
        * Instance: 
        +-----------------------------------------------------------------+-----------------------------------------------------+---------+---------+----------+----------+-----+-----+---------+
        |                                                                 |                                                     |  Latency (cycles) |  Latency (absolute) |  Interval | Pipeline|
        |                             Instance                            |                        Module                       |   min   |   max   |    min   |    max   | min | max |   Type  |
        +-----------------------------------------------------------------+-----------------------------------------------------+---------+---------+----------+----------+-----+-----+---------+
        |grp_aggregate_paths_and_select_Pipeline_AggregationLoop_fu_1060  |aggregate_paths_and_select_Pipeline_AggregationLoop  |       36|       36|  0.360 us|  0.360 us|   36|   36|       no|
        +-----------------------------------------------------------------+-----------------------------------------------------+---------+---------+----------+----------+-----+-----+---------+

        * Loop: 
        N/A



================================================================
== Utilization Estimates
================================================================
* Summary: 
+-----------------+---------+----+-------+-------+-----+
|       Name      | BRAM_18K| DSP|   FF  |  LUT  | URAM|
+-----------------+---------+----+-------+-------+-----+
|DSP              |        -|   -|      -|      -|    -|
|Expression       |        -|   -|      0|     76|    -|
|FIFO             |        -|   -|      -|      -|    -|
|Instance         |        -|   -|    384|   3818|    -|
|Memory           |        -|   -|      -|      -|    -|
|Multiplexer      |        -|   -|      -|     25|    -|
|Register         |        -|   -|     29|      -|    -|
+-----------------+---------+----+-------+-------+-----+
|Total            |        0|   0|    413|   3919|    0|
+-----------------+---------+----+-------+-------+-----+
|Available        |      120|  80|  35200|  17600|    0|
+-----------------+---------+----+-------+-------+-----+
|Utilization (%)  |        0|   0|      1|     22|    0|
+-----------------+---------+----+-------+-------+-----+

+ Detail: 
    * Instance: 
    +-----------------------------------------------------------------+-----------------------------------------------------+---------+----+-----+------+-----+
    |                             Instance                            |                        Module                       | BRAM_18K| DSP|  FF |  LUT | URAM|
    +-----------------------------------------------------------------+-----------------------------------------------------+---------+----+-----+------+-----+
    |grp_aggregate_paths_and_select_Pipeline_AggregationLoop_fu_1060  |aggregate_paths_and_select_Pipeline_AggregationLoop  |        0|   0|  384|  3818|    0|
    +-----------------------------------------------------------------+-----------------------------------------------------+---------+----+-----+------+-----+
    |Total                                                            |                                                     |        0|   0|  384|  3818|    0|
    +-----------------------------------------------------------------+-----------------------------------------------------+---------+----+-----+------+-----+

    * DSP: 
    N/A

    * Memory: 
    N/A

    * FIFO: 
    N/A

    * Expression: 
    +---------------------------+----------+----+---+----+------------+------------+
    |       Variable Name       | Operation| DSP| FF| LUT| Bitwidth P0| Bitwidth P1|
    +---------------------------+----------+----+---+----+------------+------------+
    |add_i108_fu_1609_p2        |         +|   0|  0|  14|          13|           8|
    |add_i279_fu_1585_p2        |         +|   0|  0|  14|          13|           8|
    |conv2_i_i_i254_fu_1599_p2  |         +|   0|  0|  12|          12|           8|
    |conv2_i_i_i83_fu_1623_p2   |         +|   0|  0|  12|          12|           8|
    |p3_LR_fu_1629_p3           |    select|   0|  0|  12|           1|           2|
    |p3_TB_fu_1637_p3           |    select|   0|  0|  12|           1|           2|
    +---------------------------+----------+----+---+----+------------+------------+
    |Total                      |          |   0|  0|  76|          52|          36|
    +---------------------------+----------+----+---+----+------------+------------+

    * Multiplexer: 
    +-----------+----+-----------+-----+-----------+
    |    Name   | LUT| Input Size| Bits| Total Bits|
    +-----------+----+-----------+-----+-----------+
    |ap_NS_fsm  |  25|          5|    1|          5|
    +-----------+----+-----------+-----+-----------+
    |Total      |  25|          5|    1|          5|
    +-----------+----+-----------+-----+-----------+

    * Register: 
    +------------------------------------------------------------------------------+----+----+-----+-----------+
    |                                     Name                                     | FF | LUT| Bits| Const Bits|
    +------------------------------------------------------------------------------+----+----+-----+-----------+
    |ap_CS_fsm                                                                     |   4|   0|    4|          0|
    |grp_aggregate_paths_and_select_Pipeline_AggregationLoop_fu_1060_ap_start_reg  |   1|   0|    1|          0|
    |p3_LR_reg_2304                                                                |  12|   0|   12|          0|
    |p3_TB_reg_2309                                                                |  12|   0|   12|          0|
    +------------------------------------------------------------------------------+----+----+-----+-----------+
    |Total                                                                         |  29|   0|   29|          0|
    +------------------------------------------------------------------------------+----+----+-----+-----------+



================================================================
== Interface
================================================================
* Summary: 
+-------------------------------------------------------------------------------+-----+-----+------------+------------------------------------------------------------------------+--------------+
|                                   RTL Ports                                   | Dir | Bits|  Protocol  |                              Source Object                             |    C Type    |
+-------------------------------------------------------------------------------+-----+-----+------------+------------------------------------------------------------------------+--------------+
|ap_clk                                                                         |   in|    1|  ap_ctrl_hs|                                              aggregate_paths_and_select|  return value|
|ap_rst                                                                         |   in|    1|  ap_ctrl_hs|                                              aggregate_paths_and_select|  return value|
|ap_start                                                                       |   in|    1|  ap_ctrl_hs|                                              aggregate_paths_and_select|  return value|
|ap_done                                                                        |  out|    1|  ap_ctrl_hs|                                              aggregate_paths_and_select|  return value|
|ap_idle                                                                        |  out|    1|  ap_ctrl_hs|                                              aggregate_paths_and_select|  return value|
|ap_ready                                                                       |  out|    1|  ap_ctrl_hs|                                              aggregate_paths_and_select|  return value|
|ap_return                                                                      |  out|    8|  ap_ctrl_hs|                                              aggregate_paths_and_select|  return value|
|prevCostT_col_0_val                                                            |   in|   12|     ap_none|                                                     prevCostT_col_0_val|        scalar|
|prevCostT_col_1_val                                                            |   in|   12|     ap_none|                                                     prevCostT_col_1_val|        scalar|
|prevCostT_col_2_val                                                            |   in|   12|     ap_none|                                                     prevCostT_col_2_val|        scalar|
|prevCostT_col_3_val                                                            |   in|   12|     ap_none|                                                     prevCostT_col_3_val|        scalar|
|prevCostT_col_4_val                                                            |   in|   12|     ap_none|                                                     prevCostT_col_4_val|        scalar|
|prevCostT_col_5_val                                                            |   in|   12|     ap_none|                                                     prevCostT_col_5_val|        scalar|
|prevCostT_col_6_val                                                            |   in|   12|     ap_none|                                                     prevCostT_col_6_val|        scalar|
|prevCostT_col_7_val                                                            |   in|   12|     ap_none|                                                     prevCostT_col_7_val|        scalar|
|prevCostT_col_8_val                                                            |   in|   12|     ap_none|                                                     prevCostT_col_8_val|        scalar|
|prevCostT_col_9_val                                                            |   in|   12|     ap_none|                                                     prevCostT_col_9_val|        scalar|
|prevCostT_col_10_val                                                           |   in|   12|     ap_none|                                                    prevCostT_col_10_val|        scalar|
|prevCostT_col_11_val                                                           |   in|   12|     ap_none|                                                    prevCostT_col_11_val|        scalar|
|prevCostT_col_12_val                                                           |   in|   12|     ap_none|                                                    prevCostT_col_12_val|        scalar|
|prevCostT_col_13_val                                                           |   in|   12|     ap_none|                                                    prevCostT_col_13_val|        scalar|
|prevCostT_col_14_val                                                           |   in|   12|     ap_none|                                                    prevCostT_col_14_val|        scalar|
|prevCostT_col_15_val                                                           |   in|   12|     ap_none|                                                    prevCostT_col_15_val|        scalar|
|prevCostT_col_16_val                                                           |   in|   12|     ap_none|                                                    prevCostT_col_16_val|        scalar|
|prevCostT_col_17_val                                                           |   in|   12|     ap_none|                                                    prevCostT_col_17_val|        scalar|
|prevCostT_col_18_val                                                           |   in|   12|     ap_none|                                                    prevCostT_col_18_val|        scalar|
|prevCostT_col_19_val                                                           |   in|   12|     ap_none|                                                    prevCostT_col_19_val|        scalar|
|prevCostT_col_20_val                                                           |   in|   12|     ap_none|                                                    prevCostT_col_20_val|        scalar|
|prevCostT_col_21_val                                                           |   in|   12|     ap_none|                                                    prevCostT_col_21_val|        scalar|
|prevCostT_col_22_val                                                           |   in|   12|     ap_none|                                                    prevCostT_col_22_val|        scalar|
|prevCostT_col_23_val                                                           |   in|   12|     ap_none|                                                    prevCostT_col_23_val|        scalar|
|prevCostT_col_24_val                                                           |   in|   12|     ap_none|                                                    prevCostT_col_24_val|        scalar|
|prevCostT_col_25_val                                                           |   in|   12|     ap_none|                                                    prevCostT_col_25_val|        scalar|
|prevCostT_col_26_val                                                           |   in|   12|     ap_none|                                                    prevCostT_col_26_val|        scalar|
|prevCostT_col_27_val                                                           |   in|   12|     ap_none|                                                    prevCostT_col_27_val|        scalar|
|prevCostT_col_28_val                                                           |   in|   12|     ap_none|                                                    prevCostT_col_28_val|        scalar|
|prevCostT_col_29_val                                                           |   in|   12|     ap_none|                                                    prevCostT_col_29_val|        scalar|
|prevCostT_col_30_val                                                           |   in|   12|     ap_none|                                                    prevCostT_col_30_val|        scalar|
|prevCostT_col_31_val                                                           |   in|   12|     ap_none|                                                    prevCostT_col_31_val|        scalar|
|prevCostT_col_32_val                                                           |   in|   12|     ap_none|                                                    prevCostT_col_32_val|        scalar|
|prevCostT_col_33_val                                                           |   in|   12|     ap_none|                                                    prevCostT_col_33_val|        scalar|
|prevCostT_col_34_val                                                           |   in|   12|     ap_none|                                                    prevCostT_col_34_val|        scalar|
|prevCostT_col_35_val                                                           |   in|   12|     ap_none|                                                    prevCostT_col_35_val|        scalar|
|prevCostT_col_36_val                                                           |   in|   12|     ap_none|                                                    prevCostT_col_36_val|        scalar|
|prevCostT_col_37_val                                                           |   in|   12|     ap_none|                                                    prevCostT_col_37_val|        scalar|
|prevCostT_col_38_val                                                           |   in|   12|     ap_none|                                                    prevCostT_col_38_val|        scalar|
|prevCostT_col_39_val                                                           |   in|   12|     ap_none|                                                    prevCostT_col_39_val|        scalar|
|prevCostT_col_40_val                                                           |   in|   12|     ap_none|                                                    prevCostT_col_40_val|        scalar|
|prevCostT_col_41_val                                                           |   in|   12|     ap_none|                                                    prevCostT_col_41_val|        scalar|
|prevCostT_col_42_val                                                           |   in|   12|     ap_none|                                                    prevCostT_col_42_val|        scalar|
|prevCostT_col_43_val                                                           |   in|   12|     ap_none|                                                    prevCostT_col_43_val|        scalar|
|prevCostT_col_44_val                                                           |   in|   12|     ap_none|                                                    prevCostT_col_44_val|        scalar|
|prevCostT_col_45_val                                                           |   in|   12|     ap_none|                                                    prevCostT_col_45_val|        scalar|
|prevCostT_col_46_val                                                           |   in|   12|     ap_none|                                                    prevCostT_col_46_val|        scalar|
|prevCostT_col_47_val                                                           |   in|   12|     ap_none|                                                    prevCostT_col_47_val|        scalar|
|prevCostT_col_48_val                                                           |   in|   12|     ap_none|                                                    prevCostT_col_48_val|        scalar|
|prevCostT_col_49_val                                                           |   in|   12|     ap_none|                                                    prevCostT_col_49_val|        scalar|
|prevCostT_col_50_val                                                           |   in|   12|     ap_none|                                                    prevCostT_col_50_val|        scalar|
|prevCostT_col_51_val                                                           |   in|   12|     ap_none|                                                    prevCostT_col_51_val|        scalar|
|prevCostT_col_52_val                                                           |   in|   12|     ap_none|                                                    prevCostT_col_52_val|        scalar|
|prevCostT_col_53_val                                                           |   in|   12|     ap_none|                                                    prevCostT_col_53_val|        scalar|
|prevCostT_col_54_val                                                           |   in|   12|     ap_none|                                                    prevCostT_col_54_val|        scalar|
|prevCostT_col_55_val                                                           |   in|   12|     ap_none|                                                    prevCostT_col_55_val|        scalar|
|prevCostT_col_56_val                                                           |   in|   12|     ap_none|                                                    prevCostT_col_56_val|        scalar|
|prevCostT_col_57_val                                                           |   in|   12|     ap_none|                                                    prevCostT_col_57_val|        scalar|
|prevCostT_col_58_val                                                           |   in|   12|     ap_none|                                                    prevCostT_col_58_val|        scalar|
|prevCostT_col_59_val                                                           |   in|   12|     ap_none|                                                    prevCostT_col_59_val|        scalar|
|prevCostT_col_60_val                                                           |   in|   12|     ap_none|                                                    prevCostT_col_60_val|        scalar|
|prevCostT_col_61_val                                                           |   in|   12|     ap_none|                                                    prevCostT_col_61_val|        scalar|
|prevCostT_col_62_val                                                           |   in|   12|     ap_none|                                                    prevCostT_col_62_val|        scalar|
|prevCostT_col_63_val                                                           |   in|   12|     ap_none|                                                    prevCostT_col_63_val|        scalar|
|minPrevLR_val                                                                  |   in|   12|     ap_none|                                                           minPrevLR_val|        scalar|
|minPrevTB_val                                                                  |   in|   12|     ap_none|                                                           minPrevTB_val|        scalar|
|sgm_kernel_stream_stream_ap_uint_8_0_stream_ap_uint_8_0_prevCostL_9            |   in|   12|     ap_none|     sgm_kernel_stream_stream_ap_uint_8_0_stream_ap_uint_8_0_prevCostL_9|       pointer|
|sgm_kernel_stream_stream_ap_uint_8_0_stream_ap_uint_8_0_prevCostL_7            |   in|   12|     ap_none|     sgm_kernel_stream_stream_ap_uint_8_0_stream_ap_uint_8_0_prevCostL_7|       pointer|
|sgm_kernel_stream_stream_ap_uint_8_0_stream_ap_uint_8_0_prevCostL_5            |   in|   12|     ap_none|     sgm_kernel_stream_stream_ap_uint_8_0_stream_ap_uint_8_0_prevCostL_5|       pointer|
|sgm_kernel_stream_stream_ap_uint_8_0_stream_ap_uint_8_0_prevCostL_3            |   in|   12|     ap_none|     sgm_kernel_stream_stream_ap_uint_8_0_stream_ap_uint_8_0_prevCostL_3|       pointer|
|sgm_kernel_stream_stream_ap_uint_8_0_stream_ap_uint_8_0_prevCostL_1            |   in|   12|     ap_none|     sgm_kernel_stream_stream_ap_uint_8_0_stream_ap_uint_8_0_prevCostL_1|       pointer|
|p_ZZ10sgm_kernelRN3hls6streamI7ap_uintILi8EELi0EEES4_S4_E9prevCostL_10         |   in|   12|     ap_none|  p_ZZ10sgm_kernelRN3hls6streamI7ap_uintILi8EELi0EEES4_S4_E9prevCostL_10|       pointer|
|p_ZZ10sgm_kernelRN3hls6streamI7ap_uintILi8EELi0EEES4_S4_E9prevCostL_12         |   in|   12|     ap_none|  p_ZZ10sgm_kernelRN3hls6streamI7ap_uintILi8EELi0EEES4_S4_E9prevCostL_12|       pointer|
|p_ZZ10sgm_kernelRN3hls6streamI7ap_uintILi8EELi0EEES4_S4_E9prevCostL_14         |   in|   12|     ap_none|  p_ZZ10sgm_kernelRN3hls6streamI7ap_uintILi8EELi0EEES4_S4_E9prevCostL_14|       pointer|
|p_ZZ10sgm_kernelRN3hls6streamI7ap_uintILi8EELi0EEES4_S4_E9prevCostL_16         |   in|   12|     ap_none|  p_ZZ10sgm_kernelRN3hls6streamI7ap_uintILi8EELi0EEES4_S4_E9prevCostL_16|       pointer|
|p_ZZ10sgm_kernelRN3hls6streamI7ap_uintILi8EELi0EEES4_S4_E9prevCostL_18         |   in|   12|     ap_none|  p_ZZ10sgm_kernelRN3hls6streamI7ap_uintILi8EELi0EEES4_S4_E9prevCostL_18|       pointer|
|p_ZZ10sgm_kernelRN3hls6streamI7ap_uintILi8EELi0EEES4_S4_E9prevCostL_20         |   in|   12|     ap_none|  p_ZZ10sgm_kernelRN3hls6streamI7ap_uintILi8EELi0EEES4_S4_E9prevCostL_20|       pointer|
|p_ZZ10sgm_kernelRN3hls6streamI7ap_uintILi8EELi0EEES4_S4_E9prevCostL_22         |   in|   12|     ap_none|  p_ZZ10sgm_kernelRN3hls6streamI7ap_uintILi8EELi0EEES4_S4_E9prevCostL_22|       pointer|
|p_ZZ10sgm_kernelRN3hls6streamI7ap_uintILi8EELi0EEES4_S4_E9prevCostL_24         |   in|   12|     ap_none|  p_ZZ10sgm_kernelRN3hls6streamI7ap_uintILi8EELi0EEES4_S4_E9prevCostL_24|       pointer|
|p_ZZ10sgm_kernelRN3hls6streamI7ap_uintILi8EELi0EEES4_S4_E9prevCostL_26         |   in|   12|     ap_none|  p_ZZ10sgm_kernelRN3hls6streamI7ap_uintILi8EELi0EEES4_S4_E9prevCostL_26|       pointer|
|p_ZZ10sgm_kernelRN3hls6streamI7ap_uintILi8EELi0EEES4_S4_E9prevCostL_28         |   in|   12|     ap_none|  p_ZZ10sgm_kernelRN3hls6streamI7ap_uintILi8EELi0EEES4_S4_E9prevCostL_28|       pointer|
|p_ZZ10sgm_kernelRN3hls6streamI7ap_uintILi8EELi0EEES4_S4_E9prevCostL_30         |   in|   12|     ap_none|  p_ZZ10sgm_kernelRN3hls6streamI7ap_uintILi8EELi0EEES4_S4_E9prevCostL_30|       pointer|
|p_ZZ10sgm_kernelRN3hls6streamI7ap_uintILi8EELi0EEES4_S4_E9prevCostL_32         |   in|   12|     ap_none|  p_ZZ10sgm_kernelRN3hls6streamI7ap_uintILi8EELi0EEES4_S4_E9prevCostL_32|       pointer|
|p_ZZ10sgm_kernelRN3hls6streamI7ap_uintILi8EELi0EEES4_S4_E9prevCostL_34         |   in|   12|     ap_none|  p_ZZ10sgm_kernelRN3hls6streamI7ap_uintILi8EELi0EEES4_S4_E9prevCostL_34|       pointer|
|p_ZZ10sgm_kernelRN3hls6streamI7ap_uintILi8EELi0EEES4_S4_E9prevCostL_36         |   in|   12|     ap_none|  p_ZZ10sgm_kernelRN3hls6streamI7ap_uintILi8EELi0EEES4_S4_E9prevCostL_36|       pointer|
|p_ZZ10sgm_kernelRN3hls6streamI7ap_uintILi8EELi0EEES4_S4_E9prevCostL_38         |   in|   12|     ap_none|  p_ZZ10sgm_kernelRN3hls6streamI7ap_uintILi8EELi0EEES4_S4_E9prevCostL_38|       pointer|
|p_ZZ10sgm_kernelRN3hls6streamI7ap_uintILi8EELi0EEES4_S4_E9prevCostL_40         |   in|   12|     ap_none|  p_ZZ10sgm_kernelRN3hls6streamI7ap_uintILi8EELi0EEES4_S4_E9prevCostL_40|       pointer|
|p_ZZ10sgm_kernelRN3hls6streamI7ap_uintILi8EELi0EEES4_S4_E9prevCostL_42         |   in|   12|     ap_none|  p_ZZ10sgm_kernelRN3hls6streamI7ap_uintILi8EELi0EEES4_S4_E9prevCostL_42|       pointer|
|p_ZZ10sgm_kernelRN3hls6streamI7ap_uintILi8EELi0EEES4_S4_E9prevCostL_44         |   in|   12|     ap_none|  p_ZZ10sgm_kernelRN3hls6streamI7ap_uintILi8EELi0EEES4_S4_E9prevCostL_44|       pointer|
|p_ZZ10sgm_kernelRN3hls6streamI7ap_uintILi8EELi0EEES4_S4_E9prevCostL_46         |   in|   12|     ap_none|  p_ZZ10sgm_kernelRN3hls6streamI7ap_uintILi8EELi0EEES4_S4_E9prevCostL_46|       pointer|
|p_ZZ10sgm_kernelRN3hls6streamI7ap_uintILi8EELi0EEES4_S4_E9prevCostL_48         |   in|   12|     ap_none|  p_ZZ10sgm_kernelRN3hls6streamI7ap_uintILi8EELi0EEES4_S4_E9prevCostL_48|       pointer|
|p_ZZ10sgm_kernelRN3hls6streamI7ap_uintILi8EELi0EEES4_S4_E9prevCostL_50         |   in|   12|     ap_none|  p_ZZ10sgm_kernelRN3hls6streamI7ap_uintILi8EELi0EEES4_S4_E9prevCostL_50|       pointer|
|p_ZZ10sgm_kernelRN3hls6streamI7ap_uintILi8EELi0EEES4_S4_E9prevCostL_52         |   in|   12|     ap_none|  p_ZZ10sgm_kernelRN3hls6streamI7ap_uintILi8EELi0EEES4_S4_E9prevCostL_52|       pointer|
|p_ZZ10sgm_kernelRN3hls6streamI7ap_uintILi8EELi0EEES4_S4_E9prevCostL_54         |   in|   12|     ap_none|  p_ZZ10sgm_kernelRN3hls6streamI7ap_uintILi8EELi0EEES4_S4_E9prevCostL_54|       pointer|
|p_ZZ10sgm_kernelRN3hls6streamI7ap_uintILi8EELi0EEES4_S4_E9prevCostL_56         |   in|   12|     ap_none|  p_ZZ10sgm_kernelRN3hls6streamI7ap_uintILi8EELi0EEES4_S4_E9prevCostL_56|       pointer|
|p_ZZ10sgm_kernelRN3hls6streamI7ap_uintILi8EELi0EEES4_S4_E9prevCostL_58         |   in|   12|     ap_none|  p_ZZ10sgm_kernelRN3hls6streamI7ap_uintILi8EELi0EEES4_S4_E9prevCostL_58|       pointer|
|p_ZZ10sgm_kernelRN3hls6streamI7ap_uintILi8EELi0EEES4_S4_E9prevCostL_60         |   in|   12|     ap_none|  p_ZZ10sgm_kernelRN3hls6streamI7ap_uintILi8EELi0EEES4_S4_E9prevCostL_60|       pointer|
|p_ZZ10sgm_kernelRN3hls6streamI7ap_uintILi8EELi0EEES4_S4_E9prevCostL_62         |   in|   12|     ap_none|  p_ZZ10sgm_kernelRN3hls6streamI7ap_uintILi8EELi0EEES4_S4_E9prevCostL_62|       pointer|
|sgm_kernel_stream_stream_ap_uint_8_0_stream_ap_uint_8_0_prevCostL_8            |   in|   12|     ap_none|     sgm_kernel_stream_stream_ap_uint_8_0_stream_ap_uint_8_0_prevCostL_8|       pointer|
|sgm_kernel_stream_stream_ap_uint_8_0_stream_ap_uint_8_0_prevCostL_6            |   in|   12|     ap_none|     sgm_kernel_stream_stream_ap_uint_8_0_stream_ap_uint_8_0_prevCostL_6|       pointer|
|sgm_kernel_stream_stream_ap_uint_8_0_stream_ap_uint_8_0_prevCostL_4            |   in|   12|     ap_none|     sgm_kernel_stream_stream_ap_uint_8_0_stream_ap_uint_8_0_prevCostL_4|       pointer|
|sgm_kernel_stream_stream_ap_uint_8_0_stream_ap_uint_8_0_prevCostL_2            |   in|   12|     ap_none|     sgm_kernel_stream_stream_ap_uint_8_0_stream_ap_uint_8_0_prevCostL_2|       pointer|
|sgm_kernel_stream_stream_ap_uint_8_0_stream_ap_uint_8_0_prevCostL              |   in|   12|     ap_none|       sgm_kernel_stream_stream_ap_uint_8_0_stream_ap_uint_8_0_prevCostL|       pointer|
|p_ZZ10sgm_kernelRN3hls6streamI7ap_uintILi8EELi0EEES4_S4_E9prevCostL_11         |   in|   12|     ap_none|  p_ZZ10sgm_kernelRN3hls6streamI7ap_uintILi8EELi0EEES4_S4_E9prevCostL_11|       pointer|
|p_ZZ10sgm_kernelRN3hls6streamI7ap_uintILi8EELi0EEES4_S4_E9prevCostL_13         |   in|   12|     ap_none|  p_ZZ10sgm_kernelRN3hls6streamI7ap_uintILi8EELi0EEES4_S4_E9prevCostL_13|       pointer|
|p_ZZ10sgm_kernelRN3hls6streamI7ap_uintILi8EELi0EEES4_S4_E9prevCostL_15         |   in|   12|     ap_none|  p_ZZ10sgm_kernelRN3hls6streamI7ap_uintILi8EELi0EEES4_S4_E9prevCostL_15|       pointer|
|p_ZZ10sgm_kernelRN3hls6streamI7ap_uintILi8EELi0EEES4_S4_E9prevCostL_17         |   in|   12|     ap_none|  p_ZZ10sgm_kernelRN3hls6streamI7ap_uintILi8EELi0EEES4_S4_E9prevCostL_17|       pointer|
|p_ZZ10sgm_kernelRN3hls6streamI7ap_uintILi8EELi0EEES4_S4_E9prevCostL_19         |   in|   12|     ap_none|  p_ZZ10sgm_kernelRN3hls6streamI7ap_uintILi8EELi0EEES4_S4_E9prevCostL_19|       pointer|
|p_ZZ10sgm_kernelRN3hls6streamI7ap_uintILi8EELi0EEES4_S4_E9prevCostL_21         |   in|   12|     ap_none|  p_ZZ10sgm_kernelRN3hls6streamI7ap_uintILi8EELi0EEES4_S4_E9prevCostL_21|       pointer|
|p_ZZ10sgm_kernelRN3hls6streamI7ap_uintILi8EELi0EEES4_S4_E9prevCostL_23         |   in|   12|     ap_none|  p_ZZ10sgm_kernelRN3hls6streamI7ap_uintILi8EELi0EEES4_S4_E9prevCostL_23|       pointer|
|p_ZZ10sgm_kernelRN3hls6streamI7ap_uintILi8EELi0EEES4_S4_E9prevCostL_25         |   in|   12|     ap_none|  p_ZZ10sgm_kernelRN3hls6streamI7ap_uintILi8EELi0EEES4_S4_E9prevCostL_25|       pointer|
|p_ZZ10sgm_kernelRN3hls6streamI7ap_uintILi8EELi0EEES4_S4_E9prevCostL_27         |   in|   12|     ap_none|  p_ZZ10sgm_kernelRN3hls6streamI7ap_uintILi8EELi0EEES4_S4_E9prevCostL_27|       pointer|
|p_ZZ10sgm_kernelRN3hls6streamI7ap_uintILi8EELi0EEES4_S4_E9prevCostL_29         |   in|   12|     ap_none|  p_ZZ10sgm_kernelRN3hls6streamI7ap_uintILi8EELi0EEES4_S4_E9prevCostL_29|       pointer|
|p_ZZ10sgm_kernelRN3hls6streamI7ap_uintILi8EELi0EEES4_S4_E9prevCostL_31         |   in|   12|     ap_none|  p_ZZ10sgm_kernelRN3hls6streamI7ap_uintILi8EELi0EEES4_S4_E9prevCostL_31|       pointer|
|p_ZZ10sgm_kernelRN3hls6streamI7ap_uintILi8EELi0EEES4_S4_E9prevCostL_33         |   in|   12|     ap_none|  p_ZZ10sgm_kernelRN3hls6streamI7ap_uintILi8EELi0EEES4_S4_E9prevCostL_33|       pointer|
|p_ZZ10sgm_kernelRN3hls6streamI7ap_uintILi8EELi0EEES4_S4_E9prevCostL_35         |   in|   12|     ap_none|  p_ZZ10sgm_kernelRN3hls6streamI7ap_uintILi8EELi0EEES4_S4_E9prevCostL_35|       pointer|
|p_ZZ10sgm_kernelRN3hls6streamI7ap_uintILi8EELi0EEES4_S4_E9prevCostL_37         |   in|   12|     ap_none|  p_ZZ10sgm_kernelRN3hls6streamI7ap_uintILi8EELi0EEES4_S4_E9prevCostL_37|       pointer|
|p_ZZ10sgm_kernelRN3hls6streamI7ap_uintILi8EELi0EEES4_S4_E9prevCostL_39         |   in|   12|     ap_none|  p_ZZ10sgm_kernelRN3hls6streamI7ap_uintILi8EELi0EEES4_S4_E9prevCostL_39|       pointer|
|p_ZZ10sgm_kernelRN3hls6streamI7ap_uintILi8EELi0EEES4_S4_E9prevCostL_41         |   in|   12|     ap_none|  p_ZZ10sgm_kernelRN3hls6streamI7ap_uintILi8EELi0EEES4_S4_E9prevCostL_41|       pointer|
|p_ZZ10sgm_kernelRN3hls6streamI7ap_uintILi8EELi0EEES4_S4_E9prevCostL_43         |   in|   12|     ap_none|  p_ZZ10sgm_kernelRN3hls6streamI7ap_uintILi8EELi0EEES4_S4_E9prevCostL_43|       pointer|
|p_ZZ10sgm_kernelRN3hls6streamI7ap_uintILi8EELi0EEES4_S4_E9prevCostL_45         |   in|   12|     ap_none|  p_ZZ10sgm_kernelRN3hls6streamI7ap_uintILi8EELi0EEES4_S4_E9prevCostL_45|       pointer|
|p_ZZ10sgm_kernelRN3hls6streamI7ap_uintILi8EELi0EEES4_S4_E9prevCostL_47         |   in|   12|     ap_none|  p_ZZ10sgm_kernelRN3hls6streamI7ap_uintILi8EELi0EEES4_S4_E9prevCostL_47|       pointer|
|p_ZZ10sgm_kernelRN3hls6streamI7ap_uintILi8EELi0EEES4_S4_E9prevCostL_49         |   in|   12|     ap_none|  p_ZZ10sgm_kernelRN3hls6streamI7ap_uintILi8EELi0EEES4_S4_E9prevCostL_49|       pointer|
|p_ZZ10sgm_kernelRN3hls6streamI7ap_uintILi8EELi0EEES4_S4_E9prevCostL_51         |   in|   12|     ap_none|  p_ZZ10sgm_kernelRN3hls6streamI7ap_uintILi8EELi0EEES4_S4_E9prevCostL_51|       pointer|
|p_ZZ10sgm_kernelRN3hls6streamI7ap_uintILi8EELi0EEES4_S4_E9prevCostL_53         |   in|   12|     ap_none|  p_ZZ10sgm_kernelRN3hls6streamI7ap_uintILi8EELi0EEES4_S4_E9prevCostL_53|       pointer|
|p_ZZ10sgm_kernelRN3hls6streamI7ap_uintILi8EELi0EEES4_S4_E9prevCostL_55         |   in|   12|     ap_none|  p_ZZ10sgm_kernelRN3hls6streamI7ap_uintILi8EELi0EEES4_S4_E9prevCostL_55|       pointer|
|p_ZZ10sgm_kernelRN3hls6streamI7ap_uintILi8EELi0EEES4_S4_E9prevCostL_57         |   in|   12|     ap_none|  p_ZZ10sgm_kernelRN3hls6streamI7ap_uintILi8EELi0EEES4_S4_E9prevCostL_57|       pointer|
|p_ZZ10sgm_kernelRN3hls6streamI7ap_uintILi8EELi0EEES4_S4_E9prevCostL_59         |   in|   12|     ap_none|  p_ZZ10sgm_kernelRN3hls6streamI7ap_uintILi8EELi0EEES4_S4_E9prevCostL_59|       pointer|
|p_ZZ10sgm_kernelRN3hls6streamI7ap_uintILi8EELi0EEES4_S4_E9prevCostL_61         |   in|   12|     ap_none|  p_ZZ10sgm_kernelRN3hls6streamI7ap_uintILi8EELi0EEES4_S4_E9prevCostL_61|       pointer|
|p_ZZ10sgm_kernelRN3hls6streamI7ap_uintILi8EELi0EEES4_S4_E9prevCostL_63         |   in|   12|     ap_none|  p_ZZ10sgm_kernelRN3hls6streamI7ap_uintILi8EELi0EEES4_S4_E9prevCostL_63|       pointer|
|sgm_kernel_stream_stream_ap_uint_8_0_stream_ap_uint_8_0_curCost_9              |   in|   12|     ap_none|       sgm_kernel_stream_stream_ap_uint_8_0_stream_ap_uint_8_0_curCost_9|       pointer|
|sgm_kernel_stream_stream_ap_uint_8_0_stream_ap_uint_8_0_curCost_7              |   in|   12|     ap_none|       sgm_kernel_stream_stream_ap_uint_8_0_stream_ap_uint_8_0_curCost_7|       pointer|
|sgm_kernel_stream_stream_ap_uint_8_0_stream_ap_uint_8_0_curCost_5              |   in|   12|     ap_none|       sgm_kernel_stream_stream_ap_uint_8_0_stream_ap_uint_8_0_curCost_5|       pointer|
|sgm_kernel_stream_stream_ap_uint_8_0_stream_ap_uint_8_0_curCost_3              |   in|   12|     ap_none|       sgm_kernel_stream_stream_ap_uint_8_0_stream_ap_uint_8_0_curCost_3|       pointer|
|sgm_kernel_stream_stream_ap_uint_8_0_stream_ap_uint_8_0_curCost_1              |   in|   12|     ap_none|       sgm_kernel_stream_stream_ap_uint_8_0_stream_ap_uint_8_0_curCost_1|       pointer|
|p_ZZ10sgm_kernelRN3hls6streamI7ap_uintILi8EELi0EEES4_S4_E7curCost_10           |   in|   12|     ap_none|    p_ZZ10sgm_kernelRN3hls6streamI7ap_uintILi8EELi0EEES4_S4_E7curCost_10|       pointer|
|p_ZZ10sgm_kernelRN3hls6streamI7ap_uintILi8EELi0EEES4_S4_E7curCost_12           |   in|   12|     ap_none|    p_ZZ10sgm_kernelRN3hls6streamI7ap_uintILi8EELi0EEES4_S4_E7curCost_12|       pointer|
|p_ZZ10sgm_kernelRN3hls6streamI7ap_uintILi8EELi0EEES4_S4_E7curCost_14           |   in|   12|     ap_none|    p_ZZ10sgm_kernelRN3hls6streamI7ap_uintILi8EELi0EEES4_S4_E7curCost_14|       pointer|
|p_ZZ10sgm_kernelRN3hls6streamI7ap_uintILi8EELi0EEES4_S4_E7curCost_16           |   in|   12|     ap_none|    p_ZZ10sgm_kernelRN3hls6streamI7ap_uintILi8EELi0EEES4_S4_E7curCost_16|       pointer|
|p_ZZ10sgm_kernelRN3hls6streamI7ap_uintILi8EELi0EEES4_S4_E7curCost_18           |   in|   12|     ap_none|    p_ZZ10sgm_kernelRN3hls6streamI7ap_uintILi8EELi0EEES4_S4_E7curCost_18|       pointer|
|p_ZZ10sgm_kernelRN3hls6streamI7ap_uintILi8EELi0EEES4_S4_E7curCost_20           |   in|   12|     ap_none|    p_ZZ10sgm_kernelRN3hls6streamI7ap_uintILi8EELi0EEES4_S4_E7curCost_20|       pointer|
|p_ZZ10sgm_kernelRN3hls6streamI7ap_uintILi8EELi0EEES4_S4_E7curCost_22           |   in|   12|     ap_none|    p_ZZ10sgm_kernelRN3hls6streamI7ap_uintILi8EELi0EEES4_S4_E7curCost_22|       pointer|
|p_ZZ10sgm_kernelRN3hls6streamI7ap_uintILi8EELi0EEES4_S4_E7curCost_24           |   in|   12|     ap_none|    p_ZZ10sgm_kernelRN3hls6streamI7ap_uintILi8EELi0EEES4_S4_E7curCost_24|       pointer|
|p_ZZ10sgm_kernelRN3hls6streamI7ap_uintILi8EELi0EEES4_S4_E7curCost_26           |   in|   12|     ap_none|    p_ZZ10sgm_kernelRN3hls6streamI7ap_uintILi8EELi0EEES4_S4_E7curCost_26|       pointer|
|p_ZZ10sgm_kernelRN3hls6streamI7ap_uintILi8EELi0EEES4_S4_E7curCost_28           |   in|   12|     ap_none|    p_ZZ10sgm_kernelRN3hls6streamI7ap_uintILi8EELi0EEES4_S4_E7curCost_28|       pointer|
|p_ZZ10sgm_kernelRN3hls6streamI7ap_uintILi8EELi0EEES4_S4_E7curCost_30           |   in|   12|     ap_none|    p_ZZ10sgm_kernelRN3hls6streamI7ap_uintILi8EELi0EEES4_S4_E7curCost_30|       pointer|
|p_ZZ10sgm_kernelRN3hls6streamI7ap_uintILi8EELi0EEES4_S4_E7curCost_32           |   in|   12|     ap_none|    p_ZZ10sgm_kernelRN3hls6streamI7ap_uintILi8EELi0EEES4_S4_E7curCost_32|       pointer|
|p_ZZ10sgm_kernelRN3hls6streamI7ap_uintILi8EELi0EEES4_S4_E7curCost_34           |   in|   12|     ap_none|    p_ZZ10sgm_kernelRN3hls6streamI7ap_uintILi8EELi0EEES4_S4_E7curCost_34|       pointer|
|p_ZZ10sgm_kernelRN3hls6streamI7ap_uintILi8EELi0EEES4_S4_E7curCost_36           |   in|   12|     ap_none|    p_ZZ10sgm_kernelRN3hls6streamI7ap_uintILi8EELi0EEES4_S4_E7curCost_36|       pointer|
|p_ZZ10sgm_kernelRN3hls6streamI7ap_uintILi8EELi0EEES4_S4_E7curCost_38           |   in|   12|     ap_none|    p_ZZ10sgm_kernelRN3hls6streamI7ap_uintILi8EELi0EEES4_S4_E7curCost_38|       pointer|
|p_ZZ10sgm_kernelRN3hls6streamI7ap_uintILi8EELi0EEES4_S4_E7curCost_40           |   in|   12|     ap_none|    p_ZZ10sgm_kernelRN3hls6streamI7ap_uintILi8EELi0EEES4_S4_E7curCost_40|       pointer|
|p_ZZ10sgm_kernelRN3hls6streamI7ap_uintILi8EELi0EEES4_S4_E7curCost_42           |   in|   12|     ap_none|    p_ZZ10sgm_kernelRN3hls6streamI7ap_uintILi8EELi0EEES4_S4_E7curCost_42|       pointer|
|p_ZZ10sgm_kernelRN3hls6streamI7ap_uintILi8EELi0EEES4_S4_E7curCost_44           |   in|   12|     ap_none|    p_ZZ10sgm_kernelRN3hls6streamI7ap_uintILi8EELi0EEES4_S4_E7curCost_44|       pointer|
|p_ZZ10sgm_kernelRN3hls6streamI7ap_uintILi8EELi0EEES4_S4_E7curCost_46           |   in|   12|     ap_none|    p_ZZ10sgm_kernelRN3hls6streamI7ap_uintILi8EELi0EEES4_S4_E7curCost_46|       pointer|
|p_ZZ10sgm_kernelRN3hls6streamI7ap_uintILi8EELi0EEES4_S4_E7curCost_48           |   in|   12|     ap_none|    p_ZZ10sgm_kernelRN3hls6streamI7ap_uintILi8EELi0EEES4_S4_E7curCost_48|       pointer|
|p_ZZ10sgm_kernelRN3hls6streamI7ap_uintILi8EELi0EEES4_S4_E7curCost_50           |   in|   12|     ap_none|    p_ZZ10sgm_kernelRN3hls6streamI7ap_uintILi8EELi0EEES4_S4_E7curCost_50|       pointer|
|p_ZZ10sgm_kernelRN3hls6streamI7ap_uintILi8EELi0EEES4_S4_E7curCost_52           |   in|   12|     ap_none|    p_ZZ10sgm_kernelRN3hls6streamI7ap_uintILi8EELi0EEES4_S4_E7curCost_52|       pointer|
|p_ZZ10sgm_kernelRN3hls6streamI7ap_uintILi8EELi0EEES4_S4_E7curCost_54           |   in|   12|     ap_none|    p_ZZ10sgm_kernelRN3hls6streamI7ap_uintILi8EELi0EEES4_S4_E7curCost_54|       pointer|
|p_ZZ10sgm_kernelRN3hls6streamI7ap_uintILi8EELi0EEES4_S4_E7curCost_56           |   in|   12|     ap_none|    p_ZZ10sgm_kernelRN3hls6streamI7ap_uintILi8EELi0EEES4_S4_E7curCost_56|       pointer|
|p_ZZ10sgm_kernelRN3hls6streamI7ap_uintILi8EELi0EEES4_S4_E7curCost_58           |   in|   12|     ap_none|    p_ZZ10sgm_kernelRN3hls6streamI7ap_uintILi8EELi0EEES4_S4_E7curCost_58|       pointer|
|p_ZZ10sgm_kernelRN3hls6streamI7ap_uintILi8EELi0EEES4_S4_E7curCost_60           |   in|   12|     ap_none|    p_ZZ10sgm_kernelRN3hls6streamI7ap_uintILi8EELi0EEES4_S4_E7curCost_60|       pointer|
|p_ZZ10sgm_kernelRN3hls6streamI7ap_uintILi8EELi0EEES4_S4_E7curCost_62           |   in|   12|     ap_none|    p_ZZ10sgm_kernelRN3hls6streamI7ap_uintILi8EELi0EEES4_S4_E7curCost_62|       pointer|
|sgm_kernel_stream_stream_ap_uint_8_0_stream_ap_uint_8_0_curCost_8              |   in|   12|     ap_none|       sgm_kernel_stream_stream_ap_uint_8_0_stream_ap_uint_8_0_curCost_8|       pointer|
|sgm_kernel_stream_stream_ap_uint_8_0_stream_ap_uint_8_0_curCost_6              |   in|   12|     ap_none|       sgm_kernel_stream_stream_ap_uint_8_0_stream_ap_uint_8_0_curCost_6|       pointer|
|sgm_kernel_stream_stream_ap_uint_8_0_stream_ap_uint_8_0_curCost_4              |   in|   12|     ap_none|       sgm_kernel_stream_stream_ap_uint_8_0_stream_ap_uint_8_0_curCost_4|       pointer|
|sgm_kernel_stream_stream_ap_uint_8_0_stream_ap_uint_8_0_curCost_2              |   in|   12|     ap_none|       sgm_kernel_stream_stream_ap_uint_8_0_stream_ap_uint_8_0_curCost_2|       pointer|
|sgm_kernel_stream_stream_ap_uint_8_0_stream_ap_uint_8_0_curCost                |   in|   12|     ap_none|         sgm_kernel_stream_stream_ap_uint_8_0_stream_ap_uint_8_0_curCost|       pointer|
|p_ZZ10sgm_kernelRN3hls6streamI7ap_uintILi8EELi0EEES4_S4_E7curCost_11           |   in|   12|     ap_none|    p_ZZ10sgm_kernelRN3hls6streamI7ap_uintILi8EELi0EEES4_S4_E7curCost_11|       pointer|
|p_ZZ10sgm_kernelRN3hls6streamI7ap_uintILi8EELi0EEES4_S4_E7curCost_13           |   in|   12|     ap_none|    p_ZZ10sgm_kernelRN3hls6streamI7ap_uintILi8EELi0EEES4_S4_E7curCost_13|       pointer|
|p_ZZ10sgm_kernelRN3hls6streamI7ap_uintILi8EELi0EEES4_S4_E7curCost_15           |   in|   12|     ap_none|    p_ZZ10sgm_kernelRN3hls6streamI7ap_uintILi8EELi0EEES4_S4_E7curCost_15|       pointer|
|p_ZZ10sgm_kernelRN3hls6streamI7ap_uintILi8EELi0EEES4_S4_E7curCost_17           |   in|   12|     ap_none|    p_ZZ10sgm_kernelRN3hls6streamI7ap_uintILi8EELi0EEES4_S4_E7curCost_17|       pointer|
|p_ZZ10sgm_kernelRN3hls6streamI7ap_uintILi8EELi0EEES4_S4_E7curCost_19           |   in|   12|     ap_none|    p_ZZ10sgm_kernelRN3hls6streamI7ap_uintILi8EELi0EEES4_S4_E7curCost_19|       pointer|
|p_ZZ10sgm_kernelRN3hls6streamI7ap_uintILi8EELi0EEES4_S4_E7curCost_21           |   in|   12|     ap_none|    p_ZZ10sgm_kernelRN3hls6streamI7ap_uintILi8EELi0EEES4_S4_E7curCost_21|       pointer|
|p_ZZ10sgm_kernelRN3hls6streamI7ap_uintILi8EELi0EEES4_S4_E7curCost_23           |   in|   12|     ap_none|    p_ZZ10sgm_kernelRN3hls6streamI7ap_uintILi8EELi0EEES4_S4_E7curCost_23|       pointer|
|p_ZZ10sgm_kernelRN3hls6streamI7ap_uintILi8EELi0EEES4_S4_E7curCost_25           |   in|   12|     ap_none|    p_ZZ10sgm_kernelRN3hls6streamI7ap_uintILi8EELi0EEES4_S4_E7curCost_25|       pointer|
|p_ZZ10sgm_kernelRN3hls6streamI7ap_uintILi8EELi0EEES4_S4_E7curCost_27           |   in|   12|     ap_none|    p_ZZ10sgm_kernelRN3hls6streamI7ap_uintILi8EELi0EEES4_S4_E7curCost_27|       pointer|
|p_ZZ10sgm_kernelRN3hls6streamI7ap_uintILi8EELi0EEES4_S4_E7curCost_29           |   in|   12|     ap_none|    p_ZZ10sgm_kernelRN3hls6streamI7ap_uintILi8EELi0EEES4_S4_E7curCost_29|       pointer|
|p_ZZ10sgm_kernelRN3hls6streamI7ap_uintILi8EELi0EEES4_S4_E7curCost_31           |   in|   12|     ap_none|    p_ZZ10sgm_kernelRN3hls6streamI7ap_uintILi8EELi0EEES4_S4_E7curCost_31|       pointer|
|p_ZZ10sgm_kernelRN3hls6streamI7ap_uintILi8EELi0EEES4_S4_E7curCost_33           |   in|   12|     ap_none|    p_ZZ10sgm_kernelRN3hls6streamI7ap_uintILi8EELi0EEES4_S4_E7curCost_33|       pointer|
|p_ZZ10sgm_kernelRN3hls6streamI7ap_uintILi8EELi0EEES4_S4_E7curCost_35           |   in|   12|     ap_none|    p_ZZ10sgm_kernelRN3hls6streamI7ap_uintILi8EELi0EEES4_S4_E7curCost_35|       pointer|
|p_ZZ10sgm_kernelRN3hls6streamI7ap_uintILi8EELi0EEES4_S4_E7curCost_37           |   in|   12|     ap_none|    p_ZZ10sgm_kernelRN3hls6streamI7ap_uintILi8EELi0EEES4_S4_E7curCost_37|       pointer|
|p_ZZ10sgm_kernelRN3hls6streamI7ap_uintILi8EELi0EEES4_S4_E7curCost_39           |   in|   12|     ap_none|    p_ZZ10sgm_kernelRN3hls6streamI7ap_uintILi8EELi0EEES4_S4_E7curCost_39|       pointer|
|p_ZZ10sgm_kernelRN3hls6streamI7ap_uintILi8EELi0EEES4_S4_E7curCost_41           |   in|   12|     ap_none|    p_ZZ10sgm_kernelRN3hls6streamI7ap_uintILi8EELi0EEES4_S4_E7curCost_41|       pointer|
|p_ZZ10sgm_kernelRN3hls6streamI7ap_uintILi8EELi0EEES4_S4_E7curCost_43           |   in|   12|     ap_none|    p_ZZ10sgm_kernelRN3hls6streamI7ap_uintILi8EELi0EEES4_S4_E7curCost_43|       pointer|
|p_ZZ10sgm_kernelRN3hls6streamI7ap_uintILi8EELi0EEES4_S4_E7curCost_45           |   in|   12|     ap_none|    p_ZZ10sgm_kernelRN3hls6streamI7ap_uintILi8EELi0EEES4_S4_E7curCost_45|       pointer|
|p_ZZ10sgm_kernelRN3hls6streamI7ap_uintILi8EELi0EEES4_S4_E7curCost_47           |   in|   12|     ap_none|    p_ZZ10sgm_kernelRN3hls6streamI7ap_uintILi8EELi0EEES4_S4_E7curCost_47|       pointer|
|p_ZZ10sgm_kernelRN3hls6streamI7ap_uintILi8EELi0EEES4_S4_E7curCost_49           |   in|   12|     ap_none|    p_ZZ10sgm_kernelRN3hls6streamI7ap_uintILi8EELi0EEES4_S4_E7curCost_49|       pointer|
|p_ZZ10sgm_kernelRN3hls6streamI7ap_uintILi8EELi0EEES4_S4_E7curCost_51           |   in|   12|     ap_none|    p_ZZ10sgm_kernelRN3hls6streamI7ap_uintILi8EELi0EEES4_S4_E7curCost_51|       pointer|
|p_ZZ10sgm_kernelRN3hls6streamI7ap_uintILi8EELi0EEES4_S4_E7curCost_53           |   in|   12|     ap_none|    p_ZZ10sgm_kernelRN3hls6streamI7ap_uintILi8EELi0EEES4_S4_E7curCost_53|       pointer|
|p_ZZ10sgm_kernelRN3hls6streamI7ap_uintILi8EELi0EEES4_S4_E7curCost_55           |   in|   12|     ap_none|    p_ZZ10sgm_kernelRN3hls6streamI7ap_uintILi8EELi0EEES4_S4_E7curCost_55|       pointer|
|p_ZZ10sgm_kernelRN3hls6streamI7ap_uintILi8EELi0EEES4_S4_E7curCost_57           |   in|   12|     ap_none|    p_ZZ10sgm_kernelRN3hls6streamI7ap_uintILi8EELi0EEES4_S4_E7curCost_57|       pointer|
|p_ZZ10sgm_kernelRN3hls6streamI7ap_uintILi8EELi0EEES4_S4_E7curCost_59           |   in|   12|     ap_none|    p_ZZ10sgm_kernelRN3hls6streamI7ap_uintILi8EELi0EEES4_S4_E7curCost_59|       pointer|
|p_ZZ10sgm_kernelRN3hls6streamI7ap_uintILi8EELi0EEES4_S4_E7curCost_61           |   in|   12|     ap_none|    p_ZZ10sgm_kernelRN3hls6streamI7ap_uintILi8EELi0EEES4_S4_E7curCost_61|       pointer|
|p_ZZ10sgm_kernelRN3hls6streamI7ap_uintILi8EELi0EEES4_S4_E7curCost_63           |   in|   12|     ap_none|    p_ZZ10sgm_kernelRN3hls6streamI7ap_uintILi8EELi0EEES4_S4_E7curCost_63|       pointer|
|sgm_kernel_stream_stream_ap_uint_8_0_stream_ap_uint_8_0_aggLR_arr_8            |  out|   12|      ap_vld|     sgm_kernel_stream_stream_ap_uint_8_0_stream_ap_uint_8_0_aggLR_arr_8|       pointer|
|sgm_kernel_stream_stream_ap_uint_8_0_stream_ap_uint_8_0_aggLR_arr_8_ap_vld     |  out|    1|      ap_vld|     sgm_kernel_stream_stream_ap_uint_8_0_stream_ap_uint_8_0_aggLR_arr_8|       pointer|
|sgm_kernel_stream_stream_ap_uint_8_0_stream_ap_uint_8_0_aggTB_arr_8            |  out|   12|      ap_vld|     sgm_kernel_stream_stream_ap_uint_8_0_stream_ap_uint_8_0_aggTB_arr_8|       pointer|
|sgm_kernel_stream_stream_ap_uint_8_0_stream_ap_uint_8_0_aggTB_arr_8_ap_vld     |  out|    1|      ap_vld|     sgm_kernel_stream_stream_ap_uint_8_0_stream_ap_uint_8_0_aggTB_arr_8|       pointer|
|sgm_kernel_stream_stream_ap_uint_8_0_stream_ap_uint_8_0_aggLR_arr_9            |  out|   12|      ap_vld|     sgm_kernel_stream_stream_ap_uint_8_0_stream_ap_uint_8_0_aggLR_arr_9|       pointer|
|sgm_kernel_stream_stream_ap_uint_8_0_stream_ap_uint_8_0_aggLR_arr_9_ap_vld     |  out|    1|      ap_vld|     sgm_kernel_stream_stream_ap_uint_8_0_stream_ap_uint_8_0_aggLR_arr_9|       pointer|
|sgm_kernel_stream_stream_ap_uint_8_0_stream_ap_uint_8_0_aggTB_arr_9            |  out|   12|      ap_vld|     sgm_kernel_stream_stream_ap_uint_8_0_stream_ap_uint_8_0_aggTB_arr_9|       pointer|
|sgm_kernel_stream_stream_ap_uint_8_0_stream_ap_uint_8_0_aggTB_arr_9_ap_vld     |  out|    1|      ap_vld|     sgm_kernel_stream_stream_ap_uint_8_0_stream_ap_uint_8_0_aggTB_arr_9|       pointer|
|sgm_kernel_stream_stream_ap_uint_8_0_stream_ap_uint_8_0_aggLR_arr_7            |  out|   12|      ap_vld|     sgm_kernel_stream_stream_ap_uint_8_0_stream_ap_uint_8_0_aggLR_arr_7|       pointer|
|sgm_kernel_stream_stream_ap_uint_8_0_stream_ap_uint_8_0_aggLR_arr_7_ap_vld     |  out|    1|      ap_vld|     sgm_kernel_stream_stream_ap_uint_8_0_stream_ap_uint_8_0_aggLR_arr_7|       pointer|
|sgm_kernel_stream_stream_ap_uint_8_0_stream_ap_uint_8_0_aggTB_arr_7            |  out|   12|      ap_vld|     sgm_kernel_stream_stream_ap_uint_8_0_stream_ap_uint_8_0_aggTB_arr_7|       pointer|
|sgm_kernel_stream_stream_ap_uint_8_0_stream_ap_uint_8_0_aggTB_arr_7_ap_vld     |  out|    1|      ap_vld|     sgm_kernel_stream_stream_ap_uint_8_0_stream_ap_uint_8_0_aggTB_arr_7|       pointer|
|sgm_kernel_stream_stream_ap_uint_8_0_stream_ap_uint_8_0_aggLR_arr_5            |  out|   12|      ap_vld|     sgm_kernel_stream_stream_ap_uint_8_0_stream_ap_uint_8_0_aggLR_arr_5|       pointer|
|sgm_kernel_stream_stream_ap_uint_8_0_stream_ap_uint_8_0_aggLR_arr_5_ap_vld     |  out|    1|      ap_vld|     sgm_kernel_stream_stream_ap_uint_8_0_stream_ap_uint_8_0_aggLR_arr_5|       pointer|
|sgm_kernel_stream_stream_ap_uint_8_0_stream_ap_uint_8_0_aggTB_arr_5            |  out|   12|      ap_vld|     sgm_kernel_stream_stream_ap_uint_8_0_stream_ap_uint_8_0_aggTB_arr_5|       pointer|
|sgm_kernel_stream_stream_ap_uint_8_0_stream_ap_uint_8_0_aggTB_arr_5_ap_vld     |  out|    1|      ap_vld|     sgm_kernel_stream_stream_ap_uint_8_0_stream_ap_uint_8_0_aggTB_arr_5|       pointer|
|sgm_kernel_stream_stream_ap_uint_8_0_stream_ap_uint_8_0_aggLR_arr_3            |  out|   12|      ap_vld|     sgm_kernel_stream_stream_ap_uint_8_0_stream_ap_uint_8_0_aggLR_arr_3|       pointer|
|sgm_kernel_stream_stream_ap_uint_8_0_stream_ap_uint_8_0_aggLR_arr_3_ap_vld     |  out|    1|      ap_vld|     sgm_kernel_stream_stream_ap_uint_8_0_stream_ap_uint_8_0_aggLR_arr_3|       pointer|
|sgm_kernel_stream_stream_ap_uint_8_0_stream_ap_uint_8_0_aggTB_arr_3            |  out|   12|      ap_vld|     sgm_kernel_stream_stream_ap_uint_8_0_stream_ap_uint_8_0_aggTB_arr_3|       pointer|
|sgm_kernel_stream_stream_ap_uint_8_0_stream_ap_uint_8_0_aggTB_arr_3_ap_vld     |  out|    1|      ap_vld|     sgm_kernel_stream_stream_ap_uint_8_0_stream_ap_uint_8_0_aggTB_arr_3|       pointer|
|sgm_kernel_stream_stream_ap_uint_8_0_stream_ap_uint_8_0_aggLR_arr_1            |  out|   12|      ap_vld|     sgm_kernel_stream_stream_ap_uint_8_0_stream_ap_uint_8_0_aggLR_arr_1|       pointer|
|sgm_kernel_stream_stream_ap_uint_8_0_stream_ap_uint_8_0_aggLR_arr_1_ap_vld     |  out|    1|      ap_vld|     sgm_kernel_stream_stream_ap_uint_8_0_stream_ap_uint_8_0_aggLR_arr_1|       pointer|
|sgm_kernel_stream_stream_ap_uint_8_0_stream_ap_uint_8_0_aggTB_arr_1            |  out|   12|      ap_vld|     sgm_kernel_stream_stream_ap_uint_8_0_stream_ap_uint_8_0_aggTB_arr_1|       pointer|
|sgm_kernel_stream_stream_ap_uint_8_0_stream_ap_uint_8_0_aggTB_arr_1_ap_vld     |  out|    1|      ap_vld|     sgm_kernel_stream_stream_ap_uint_8_0_stream_ap_uint_8_0_aggTB_arr_1|       pointer|
|p_ZZ10sgm_kernelRN3hls6streamI7ap_uintILi8EELi0EEES4_S4_E9aggLR_arr_10         |  out|   12|      ap_vld|  p_ZZ10sgm_kernelRN3hls6streamI7ap_uintILi8EELi0EEES4_S4_E9aggLR_arr_10|       pointer|
|p_ZZ10sgm_kernelRN3hls6streamI7ap_uintILi8EELi0EEES4_S4_E9aggLR_arr_10_ap_vld  |  out|    1|      ap_vld|  p_ZZ10sgm_kernelRN3hls6streamI7ap_uintILi8EELi0EEES4_S4_E9aggLR_arr_10|       pointer|
|p_ZZ10sgm_kernelRN3hls6streamI7ap_uintILi8EELi0EEES4_S4_E9aggTB_arr_10         |  out|   12|      ap_vld|  p_ZZ10sgm_kernelRN3hls6streamI7ap_uintILi8EELi0EEES4_S4_E9aggTB_arr_10|       pointer|
|p_ZZ10sgm_kernelRN3hls6streamI7ap_uintILi8EELi0EEES4_S4_E9aggTB_arr_10_ap_vld  |  out|    1|      ap_vld|  p_ZZ10sgm_kernelRN3hls6streamI7ap_uintILi8EELi0EEES4_S4_E9aggTB_arr_10|       pointer|
|p_ZZ10sgm_kernelRN3hls6streamI7ap_uintILi8EELi0EEES4_S4_E9aggLR_arr_12         |  out|   12|      ap_vld|  p_ZZ10sgm_kernelRN3hls6streamI7ap_uintILi8EELi0EEES4_S4_E9aggLR_arr_12|       pointer|
|p_ZZ10sgm_kernelRN3hls6streamI7ap_uintILi8EELi0EEES4_S4_E9aggLR_arr_12_ap_vld  |  out|    1|      ap_vld|  p_ZZ10sgm_kernelRN3hls6streamI7ap_uintILi8EELi0EEES4_S4_E9aggLR_arr_12|       pointer|
|p_ZZ10sgm_kernelRN3hls6streamI7ap_uintILi8EELi0EEES4_S4_E9aggTB_arr_12         |  out|   12|      ap_vld|  p_ZZ10sgm_kernelRN3hls6streamI7ap_uintILi8EELi0EEES4_S4_E9aggTB_arr_12|       pointer|
|p_ZZ10sgm_kernelRN3hls6streamI7ap_uintILi8EELi0EEES4_S4_E9aggTB_arr_12_ap_vld  |  out|    1|      ap_vld|  p_ZZ10sgm_kernelRN3hls6streamI7ap_uintILi8EELi0EEES4_S4_E9aggTB_arr_12|       pointer|
|p_ZZ10sgm_kernelRN3hls6streamI7ap_uintILi8EELi0EEES4_S4_E9aggLR_arr_14         |  out|   12|      ap_vld|  p_ZZ10sgm_kernelRN3hls6streamI7ap_uintILi8EELi0EEES4_S4_E9aggLR_arr_14|       pointer|
|p_ZZ10sgm_kernelRN3hls6streamI7ap_uintILi8EELi0EEES4_S4_E9aggLR_arr_14_ap_vld  |  out|    1|      ap_vld|  p_ZZ10sgm_kernelRN3hls6streamI7ap_uintILi8EELi0EEES4_S4_E9aggLR_arr_14|       pointer|
|p_ZZ10sgm_kernelRN3hls6streamI7ap_uintILi8EELi0EEES4_S4_E9aggTB_arr_14         |  out|   12|      ap_vld|  p_ZZ10sgm_kernelRN3hls6streamI7ap_uintILi8EELi0EEES4_S4_E9aggTB_arr_14|       pointer|
|p_ZZ10sgm_kernelRN3hls6streamI7ap_uintILi8EELi0EEES4_S4_E9aggTB_arr_14_ap_vld  |  out|    1|      ap_vld|  p_ZZ10sgm_kernelRN3hls6streamI7ap_uintILi8EELi0EEES4_S4_E9aggTB_arr_14|       pointer|
|p_ZZ10sgm_kernelRN3hls6streamI7ap_uintILi8EELi0EEES4_S4_E9aggLR_arr_16         |  out|   12|      ap_vld|  p_ZZ10sgm_kernelRN3hls6streamI7ap_uintILi8EELi0EEES4_S4_E9aggLR_arr_16|       pointer|
|p_ZZ10sgm_kernelRN3hls6streamI7ap_uintILi8EELi0EEES4_S4_E9aggLR_arr_16_ap_vld  |  out|    1|      ap_vld|  p_ZZ10sgm_kernelRN3hls6streamI7ap_uintILi8EELi0EEES4_S4_E9aggLR_arr_16|       pointer|
|p_ZZ10sgm_kernelRN3hls6streamI7ap_uintILi8EELi0EEES4_S4_E9aggTB_arr_16         |  out|   12|      ap_vld|  p_ZZ10sgm_kernelRN3hls6streamI7ap_uintILi8EELi0EEES4_S4_E9aggTB_arr_16|       pointer|
|p_ZZ10sgm_kernelRN3hls6streamI7ap_uintILi8EELi0EEES4_S4_E9aggTB_arr_16_ap_vld  |  out|    1|      ap_vld|  p_ZZ10sgm_kernelRN3hls6streamI7ap_uintILi8EELi0EEES4_S4_E9aggTB_arr_16|       pointer|
|p_ZZ10sgm_kernelRN3hls6streamI7ap_uintILi8EELi0EEES4_S4_E9aggLR_arr_18         |  out|   12|      ap_vld|  p_ZZ10sgm_kernelRN3hls6streamI7ap_uintILi8EELi0EEES4_S4_E9aggLR_arr_18|       pointer|
|p_ZZ10sgm_kernelRN3hls6streamI7ap_uintILi8EELi0EEES4_S4_E9aggLR_arr_18_ap_vld  |  out|    1|      ap_vld|  p_ZZ10sgm_kernelRN3hls6streamI7ap_uintILi8EELi0EEES4_S4_E9aggLR_arr_18|       pointer|
|p_ZZ10sgm_kernelRN3hls6streamI7ap_uintILi8EELi0EEES4_S4_E9aggTB_arr_18         |  out|   12|      ap_vld|  p_ZZ10sgm_kernelRN3hls6streamI7ap_uintILi8EELi0EEES4_S4_E9aggTB_arr_18|       pointer|
|p_ZZ10sgm_kernelRN3hls6streamI7ap_uintILi8EELi0EEES4_S4_E9aggTB_arr_18_ap_vld  |  out|    1|      ap_vld|  p_ZZ10sgm_kernelRN3hls6streamI7ap_uintILi8EELi0EEES4_S4_E9aggTB_arr_18|       pointer|
|p_ZZ10sgm_kernelRN3hls6streamI7ap_uintILi8EELi0EEES4_S4_E9aggLR_arr_20         |  out|   12|      ap_vld|  p_ZZ10sgm_kernelRN3hls6streamI7ap_uintILi8EELi0EEES4_S4_E9aggLR_arr_20|       pointer|
|p_ZZ10sgm_kernelRN3hls6streamI7ap_uintILi8EELi0EEES4_S4_E9aggLR_arr_20_ap_vld  |  out|    1|      ap_vld|  p_ZZ10sgm_kernelRN3hls6streamI7ap_uintILi8EELi0EEES4_S4_E9aggLR_arr_20|       pointer|
|p_ZZ10sgm_kernelRN3hls6streamI7ap_uintILi8EELi0EEES4_S4_E9aggTB_arr_20         |  out|   12|      ap_vld|  p_ZZ10sgm_kernelRN3hls6streamI7ap_uintILi8EELi0EEES4_S4_E9aggTB_arr_20|       pointer|
|p_ZZ10sgm_kernelRN3hls6streamI7ap_uintILi8EELi0EEES4_S4_E9aggTB_arr_20_ap_vld  |  out|    1|      ap_vld|  p_ZZ10sgm_kernelRN3hls6streamI7ap_uintILi8EELi0EEES4_S4_E9aggTB_arr_20|       pointer|
|p_ZZ10sgm_kernelRN3hls6streamI7ap_uintILi8EELi0EEES4_S4_E9aggLR_arr_22         |  out|   12|      ap_vld|  p_ZZ10sgm_kernelRN3hls6streamI7ap_uintILi8EELi0EEES4_S4_E9aggLR_arr_22|       pointer|
|p_ZZ10sgm_kernelRN3hls6streamI7ap_uintILi8EELi0EEES4_S4_E9aggLR_arr_22_ap_vld  |  out|    1|      ap_vld|  p_ZZ10sgm_kernelRN3hls6streamI7ap_uintILi8EELi0EEES4_S4_E9aggLR_arr_22|       pointer|
|p_ZZ10sgm_kernelRN3hls6streamI7ap_uintILi8EELi0EEES4_S4_E9aggTB_arr_22         |  out|   12|      ap_vld|  p_ZZ10sgm_kernelRN3hls6streamI7ap_uintILi8EELi0EEES4_S4_E9aggTB_arr_22|       pointer|
|p_ZZ10sgm_kernelRN3hls6streamI7ap_uintILi8EELi0EEES4_S4_E9aggTB_arr_22_ap_vld  |  out|    1|      ap_vld|  p_ZZ10sgm_kernelRN3hls6streamI7ap_uintILi8EELi0EEES4_S4_E9aggTB_arr_22|       pointer|
|p_ZZ10sgm_kernelRN3hls6streamI7ap_uintILi8EELi0EEES4_S4_E9aggLR_arr_24         |  out|   12|      ap_vld|  p_ZZ10sgm_kernelRN3hls6streamI7ap_uintILi8EELi0EEES4_S4_E9aggLR_arr_24|       pointer|
|p_ZZ10sgm_kernelRN3hls6streamI7ap_uintILi8EELi0EEES4_S4_E9aggLR_arr_24_ap_vld  |  out|    1|      ap_vld|  p_ZZ10sgm_kernelRN3hls6streamI7ap_uintILi8EELi0EEES4_S4_E9aggLR_arr_24|       pointer|
|p_ZZ10sgm_kernelRN3hls6streamI7ap_uintILi8EELi0EEES4_S4_E9aggTB_arr_24         |  out|   12|      ap_vld|  p_ZZ10sgm_kernelRN3hls6streamI7ap_uintILi8EELi0EEES4_S4_E9aggTB_arr_24|       pointer|
|p_ZZ10sgm_kernelRN3hls6streamI7ap_uintILi8EELi0EEES4_S4_E9aggTB_arr_24_ap_vld  |  out|    1|      ap_vld|  p_ZZ10sgm_kernelRN3hls6streamI7ap_uintILi8EELi0EEES4_S4_E9aggTB_arr_24|       pointer|
|p_ZZ10sgm_kernelRN3hls6streamI7ap_uintILi8EELi0EEES4_S4_E9aggLR_arr_26         |  out|   12|      ap_vld|  p_ZZ10sgm_kernelRN3hls6streamI7ap_uintILi8EELi0EEES4_S4_E9aggLR_arr_26|       pointer|
|p_ZZ10sgm_kernelRN3hls6streamI7ap_uintILi8EELi0EEES4_S4_E9aggLR_arr_26_ap_vld  |  out|    1|      ap_vld|  p_ZZ10sgm_kernelRN3hls6streamI7ap_uintILi8EELi0EEES4_S4_E9aggLR_arr_26|       pointer|
|p_ZZ10sgm_kernelRN3hls6streamI7ap_uintILi8EELi0EEES4_S4_E9aggTB_arr_26         |  out|   12|      ap_vld|  p_ZZ10sgm_kernelRN3hls6streamI7ap_uintILi8EELi0EEES4_S4_E9aggTB_arr_26|       pointer|
|p_ZZ10sgm_kernelRN3hls6streamI7ap_uintILi8EELi0EEES4_S4_E9aggTB_arr_26_ap_vld  |  out|    1|      ap_vld|  p_ZZ10sgm_kernelRN3hls6streamI7ap_uintILi8EELi0EEES4_S4_E9aggTB_arr_26|       pointer|
|p_ZZ10sgm_kernelRN3hls6streamI7ap_uintILi8EELi0EEES4_S4_E9aggLR_arr_28         |  out|   12|      ap_vld|  p_ZZ10sgm_kernelRN3hls6streamI7ap_uintILi8EELi0EEES4_S4_E9aggLR_arr_28|       pointer|
|p_ZZ10sgm_kernelRN3hls6streamI7ap_uintILi8EELi0EEES4_S4_E9aggLR_arr_28_ap_vld  |  out|    1|      ap_vld|  p_ZZ10sgm_kernelRN3hls6streamI7ap_uintILi8EELi0EEES4_S4_E9aggLR_arr_28|       pointer|
|p_ZZ10sgm_kernelRN3hls6streamI7ap_uintILi8EELi0EEES4_S4_E9aggTB_arr_28         |  out|   12|      ap_vld|  p_ZZ10sgm_kernelRN3hls6streamI7ap_uintILi8EELi0EEES4_S4_E9aggTB_arr_28|       pointer|
|p_ZZ10sgm_kernelRN3hls6streamI7ap_uintILi8EELi0EEES4_S4_E9aggTB_arr_28_ap_vld  |  out|    1|      ap_vld|  p_ZZ10sgm_kernelRN3hls6streamI7ap_uintILi8EELi0EEES4_S4_E9aggTB_arr_28|       pointer|
|p_ZZ10sgm_kernelRN3hls6streamI7ap_uintILi8EELi0EEES4_S4_E9aggLR_arr_30         |  out|   12|      ap_vld|  p_ZZ10sgm_kernelRN3hls6streamI7ap_uintILi8EELi0EEES4_S4_E9aggLR_arr_30|       pointer|
|p_ZZ10sgm_kernelRN3hls6streamI7ap_uintILi8EELi0EEES4_S4_E9aggLR_arr_30_ap_vld  |  out|    1|      ap_vld|  p_ZZ10sgm_kernelRN3hls6streamI7ap_uintILi8EELi0EEES4_S4_E9aggLR_arr_30|       pointer|
|p_ZZ10sgm_kernelRN3hls6streamI7ap_uintILi8EELi0EEES4_S4_E9aggTB_arr_30         |  out|   12|      ap_vld|  p_ZZ10sgm_kernelRN3hls6streamI7ap_uintILi8EELi0EEES4_S4_E9aggTB_arr_30|       pointer|
|p_ZZ10sgm_kernelRN3hls6streamI7ap_uintILi8EELi0EEES4_S4_E9aggTB_arr_30_ap_vld  |  out|    1|      ap_vld|  p_ZZ10sgm_kernelRN3hls6streamI7ap_uintILi8EELi0EEES4_S4_E9aggTB_arr_30|       pointer|
|p_ZZ10sgm_kernelRN3hls6streamI7ap_uintILi8EELi0EEES4_S4_E9aggLR_arr_32         |  out|   12|      ap_vld|  p_ZZ10sgm_kernelRN3hls6streamI7ap_uintILi8EELi0EEES4_S4_E9aggLR_arr_32|       pointer|
|p_ZZ10sgm_kernelRN3hls6streamI7ap_uintILi8EELi0EEES4_S4_E9aggLR_arr_32_ap_vld  |  out|    1|      ap_vld|  p_ZZ10sgm_kernelRN3hls6streamI7ap_uintILi8EELi0EEES4_S4_E9aggLR_arr_32|       pointer|
|p_ZZ10sgm_kernelRN3hls6streamI7ap_uintILi8EELi0EEES4_S4_E9aggTB_arr_32         |  out|   12|      ap_vld|  p_ZZ10sgm_kernelRN3hls6streamI7ap_uintILi8EELi0EEES4_S4_E9aggTB_arr_32|       pointer|
|p_ZZ10sgm_kernelRN3hls6streamI7ap_uintILi8EELi0EEES4_S4_E9aggTB_arr_32_ap_vld  |  out|    1|      ap_vld|  p_ZZ10sgm_kernelRN3hls6streamI7ap_uintILi8EELi0EEES4_S4_E9aggTB_arr_32|       pointer|
|p_ZZ10sgm_kernelRN3hls6streamI7ap_uintILi8EELi0EEES4_S4_E9aggLR_arr_34         |  out|   12|      ap_vld|  p_ZZ10sgm_kernelRN3hls6streamI7ap_uintILi8EELi0EEES4_S4_E9aggLR_arr_34|       pointer|
|p_ZZ10sgm_kernelRN3hls6streamI7ap_uintILi8EELi0EEES4_S4_E9aggLR_arr_34_ap_vld  |  out|    1|      ap_vld|  p_ZZ10sgm_kernelRN3hls6streamI7ap_uintILi8EELi0EEES4_S4_E9aggLR_arr_34|       pointer|
|p_ZZ10sgm_kernelRN3hls6streamI7ap_uintILi8EELi0EEES4_S4_E9aggTB_arr_34         |  out|   12|      ap_vld|  p_ZZ10sgm_kernelRN3hls6streamI7ap_uintILi8EELi0EEES4_S4_E9aggTB_arr_34|       pointer|
|p_ZZ10sgm_kernelRN3hls6streamI7ap_uintILi8EELi0EEES4_S4_E9aggTB_arr_34_ap_vld  |  out|    1|      ap_vld|  p_ZZ10sgm_kernelRN3hls6streamI7ap_uintILi8EELi0EEES4_S4_E9aggTB_arr_34|       pointer|
|p_ZZ10sgm_kernelRN3hls6streamI7ap_uintILi8EELi0EEES4_S4_E9aggLR_arr_36         |  out|   12|      ap_vld|  p_ZZ10sgm_kernelRN3hls6streamI7ap_uintILi8EELi0EEES4_S4_E9aggLR_arr_36|       pointer|
|p_ZZ10sgm_kernelRN3hls6streamI7ap_uintILi8EELi0EEES4_S4_E9aggLR_arr_36_ap_vld  |  out|    1|      ap_vld|  p_ZZ10sgm_kernelRN3hls6streamI7ap_uintILi8EELi0EEES4_S4_E9aggLR_arr_36|       pointer|
|p_ZZ10sgm_kernelRN3hls6streamI7ap_uintILi8EELi0EEES4_S4_E9aggTB_arr_36         |  out|   12|      ap_vld|  p_ZZ10sgm_kernelRN3hls6streamI7ap_uintILi8EELi0EEES4_S4_E9aggTB_arr_36|       pointer|
|p_ZZ10sgm_kernelRN3hls6streamI7ap_uintILi8EELi0EEES4_S4_E9aggTB_arr_36_ap_vld  |  out|    1|      ap_vld|  p_ZZ10sgm_kernelRN3hls6streamI7ap_uintILi8EELi0EEES4_S4_E9aggTB_arr_36|       pointer|
|p_ZZ10sgm_kernelRN3hls6streamI7ap_uintILi8EELi0EEES4_S4_E9aggLR_arr_38         |  out|   12|      ap_vld|  p_ZZ10sgm_kernelRN3hls6streamI7ap_uintILi8EELi0EEES4_S4_E9aggLR_arr_38|       pointer|
|p_ZZ10sgm_kernelRN3hls6streamI7ap_uintILi8EELi0EEES4_S4_E9aggLR_arr_38_ap_vld  |  out|    1|      ap_vld|  p_ZZ10sgm_kernelRN3hls6streamI7ap_uintILi8EELi0EEES4_S4_E9aggLR_arr_38|       pointer|
|p_ZZ10sgm_kernelRN3hls6streamI7ap_uintILi8EELi0EEES4_S4_E9aggTB_arr_38         |  out|   12|      ap_vld|  p_ZZ10sgm_kernelRN3hls6streamI7ap_uintILi8EELi0EEES4_S4_E9aggTB_arr_38|       pointer|
|p_ZZ10sgm_kernelRN3hls6streamI7ap_uintILi8EELi0EEES4_S4_E9aggTB_arr_38_ap_vld  |  out|    1|      ap_vld|  p_ZZ10sgm_kernelRN3hls6streamI7ap_uintILi8EELi0EEES4_S4_E9aggTB_arr_38|       pointer|
|p_ZZ10sgm_kernelRN3hls6streamI7ap_uintILi8EELi0EEES4_S4_E9aggLR_arr_40         |  out|   12|      ap_vld|  p_ZZ10sgm_kernelRN3hls6streamI7ap_uintILi8EELi0EEES4_S4_E9aggLR_arr_40|       pointer|
|p_ZZ10sgm_kernelRN3hls6streamI7ap_uintILi8EELi0EEES4_S4_E9aggLR_arr_40_ap_vld  |  out|    1|      ap_vld|  p_ZZ10sgm_kernelRN3hls6streamI7ap_uintILi8EELi0EEES4_S4_E9aggLR_arr_40|       pointer|
|p_ZZ10sgm_kernelRN3hls6streamI7ap_uintILi8EELi0EEES4_S4_E9aggTB_arr_40         |  out|   12|      ap_vld|  p_ZZ10sgm_kernelRN3hls6streamI7ap_uintILi8EELi0EEES4_S4_E9aggTB_arr_40|       pointer|
|p_ZZ10sgm_kernelRN3hls6streamI7ap_uintILi8EELi0EEES4_S4_E9aggTB_arr_40_ap_vld  |  out|    1|      ap_vld|  p_ZZ10sgm_kernelRN3hls6streamI7ap_uintILi8EELi0EEES4_S4_E9aggTB_arr_40|       pointer|
|p_ZZ10sgm_kernelRN3hls6streamI7ap_uintILi8EELi0EEES4_S4_E9aggLR_arr_42         |  out|   12|      ap_vld|  p_ZZ10sgm_kernelRN3hls6streamI7ap_uintILi8EELi0EEES4_S4_E9aggLR_arr_42|       pointer|
|p_ZZ10sgm_kernelRN3hls6streamI7ap_uintILi8EELi0EEES4_S4_E9aggLR_arr_42_ap_vld  |  out|    1|      ap_vld|  p_ZZ10sgm_kernelRN3hls6streamI7ap_uintILi8EELi0EEES4_S4_E9aggLR_arr_42|       pointer|
|p_ZZ10sgm_kernelRN3hls6streamI7ap_uintILi8EELi0EEES4_S4_E9aggTB_arr_42         |  out|   12|      ap_vld|  p_ZZ10sgm_kernelRN3hls6streamI7ap_uintILi8EELi0EEES4_S4_E9aggTB_arr_42|       pointer|
|p_ZZ10sgm_kernelRN3hls6streamI7ap_uintILi8EELi0EEES4_S4_E9aggTB_arr_42_ap_vld  |  out|    1|      ap_vld|  p_ZZ10sgm_kernelRN3hls6streamI7ap_uintILi8EELi0EEES4_S4_E9aggTB_arr_42|       pointer|
|p_ZZ10sgm_kernelRN3hls6streamI7ap_uintILi8EELi0EEES4_S4_E9aggLR_arr_44         |  out|   12|      ap_vld|  p_ZZ10sgm_kernelRN3hls6streamI7ap_uintILi8EELi0EEES4_S4_E9aggLR_arr_44|       pointer|
|p_ZZ10sgm_kernelRN3hls6streamI7ap_uintILi8EELi0EEES4_S4_E9aggLR_arr_44_ap_vld  |  out|    1|      ap_vld|  p_ZZ10sgm_kernelRN3hls6streamI7ap_uintILi8EELi0EEES4_S4_E9aggLR_arr_44|       pointer|
|p_ZZ10sgm_kernelRN3hls6streamI7ap_uintILi8EELi0EEES4_S4_E9aggTB_arr_44         |  out|   12|      ap_vld|  p_ZZ10sgm_kernelRN3hls6streamI7ap_uintILi8EELi0EEES4_S4_E9aggTB_arr_44|       pointer|
|p_ZZ10sgm_kernelRN3hls6streamI7ap_uintILi8EELi0EEES4_S4_E9aggTB_arr_44_ap_vld  |  out|    1|      ap_vld|  p_ZZ10sgm_kernelRN3hls6streamI7ap_uintILi8EELi0EEES4_S4_E9aggTB_arr_44|       pointer|
|p_ZZ10sgm_kernelRN3hls6streamI7ap_uintILi8EELi0EEES4_S4_E9aggLR_arr_46         |  out|   12|      ap_vld|  p_ZZ10sgm_kernelRN3hls6streamI7ap_uintILi8EELi0EEES4_S4_E9aggLR_arr_46|       pointer|
|p_ZZ10sgm_kernelRN3hls6streamI7ap_uintILi8EELi0EEES4_S4_E9aggLR_arr_46_ap_vld  |  out|    1|      ap_vld|  p_ZZ10sgm_kernelRN3hls6streamI7ap_uintILi8EELi0EEES4_S4_E9aggLR_arr_46|       pointer|
|p_ZZ10sgm_kernelRN3hls6streamI7ap_uintILi8EELi0EEES4_S4_E9aggTB_arr_46         |  out|   12|      ap_vld|  p_ZZ10sgm_kernelRN3hls6streamI7ap_uintILi8EELi0EEES4_S4_E9aggTB_arr_46|       pointer|
|p_ZZ10sgm_kernelRN3hls6streamI7ap_uintILi8EELi0EEES4_S4_E9aggTB_arr_46_ap_vld  |  out|    1|      ap_vld|  p_ZZ10sgm_kernelRN3hls6streamI7ap_uintILi8EELi0EEES4_S4_E9aggTB_arr_46|       pointer|
|p_ZZ10sgm_kernelRN3hls6streamI7ap_uintILi8EELi0EEES4_S4_E9aggLR_arr_48         |  out|   12|      ap_vld|  p_ZZ10sgm_kernelRN3hls6streamI7ap_uintILi8EELi0EEES4_S4_E9aggLR_arr_48|       pointer|
|p_ZZ10sgm_kernelRN3hls6streamI7ap_uintILi8EELi0EEES4_S4_E9aggLR_arr_48_ap_vld  |  out|    1|      ap_vld|  p_ZZ10sgm_kernelRN3hls6streamI7ap_uintILi8EELi0EEES4_S4_E9aggLR_arr_48|       pointer|
|p_ZZ10sgm_kernelRN3hls6streamI7ap_uintILi8EELi0EEES4_S4_E9aggTB_arr_48         |  out|   12|      ap_vld|  p_ZZ10sgm_kernelRN3hls6streamI7ap_uintILi8EELi0EEES4_S4_E9aggTB_arr_48|       pointer|
|p_ZZ10sgm_kernelRN3hls6streamI7ap_uintILi8EELi0EEES4_S4_E9aggTB_arr_48_ap_vld  |  out|    1|      ap_vld|  p_ZZ10sgm_kernelRN3hls6streamI7ap_uintILi8EELi0EEES4_S4_E9aggTB_arr_48|       pointer|
|p_ZZ10sgm_kernelRN3hls6streamI7ap_uintILi8EELi0EEES4_S4_E9aggLR_arr_50         |  out|   12|      ap_vld|  p_ZZ10sgm_kernelRN3hls6streamI7ap_uintILi8EELi0EEES4_S4_E9aggLR_arr_50|       pointer|
|p_ZZ10sgm_kernelRN3hls6streamI7ap_uintILi8EELi0EEES4_S4_E9aggLR_arr_50_ap_vld  |  out|    1|      ap_vld|  p_ZZ10sgm_kernelRN3hls6streamI7ap_uintILi8EELi0EEES4_S4_E9aggLR_arr_50|       pointer|
|p_ZZ10sgm_kernelRN3hls6streamI7ap_uintILi8EELi0EEES4_S4_E9aggTB_arr_50         |  out|   12|      ap_vld|  p_ZZ10sgm_kernelRN3hls6streamI7ap_uintILi8EELi0EEES4_S4_E9aggTB_arr_50|       pointer|
|p_ZZ10sgm_kernelRN3hls6streamI7ap_uintILi8EELi0EEES4_S4_E9aggTB_arr_50_ap_vld  |  out|    1|      ap_vld|  p_ZZ10sgm_kernelRN3hls6streamI7ap_uintILi8EELi0EEES4_S4_E9aggTB_arr_50|       pointer|
|p_ZZ10sgm_kernelRN3hls6streamI7ap_uintILi8EELi0EEES4_S4_E9aggLR_arr_52         |  out|   12|      ap_vld|  p_ZZ10sgm_kernelRN3hls6streamI7ap_uintILi8EELi0EEES4_S4_E9aggLR_arr_52|       pointer|
|p_ZZ10sgm_kernelRN3hls6streamI7ap_uintILi8EELi0EEES4_S4_E9aggLR_arr_52_ap_vld  |  out|    1|      ap_vld|  p_ZZ10sgm_kernelRN3hls6streamI7ap_uintILi8EELi0EEES4_S4_E9aggLR_arr_52|       pointer|
|p_ZZ10sgm_kernelRN3hls6streamI7ap_uintILi8EELi0EEES4_S4_E9aggTB_arr_52         |  out|   12|      ap_vld|  p_ZZ10sgm_kernelRN3hls6streamI7ap_uintILi8EELi0EEES4_S4_E9aggTB_arr_52|       pointer|
|p_ZZ10sgm_kernelRN3hls6streamI7ap_uintILi8EELi0EEES4_S4_E9aggTB_arr_52_ap_vld  |  out|    1|      ap_vld|  p_ZZ10sgm_kernelRN3hls6streamI7ap_uintILi8EELi0EEES4_S4_E9aggTB_arr_52|       pointer|
|p_ZZ10sgm_kernelRN3hls6streamI7ap_uintILi8EELi0EEES4_S4_E9aggLR_arr_54         |  out|   12|      ap_vld|  p_ZZ10sgm_kernelRN3hls6streamI7ap_uintILi8EELi0EEES4_S4_E9aggLR_arr_54|       pointer|
|p_ZZ10sgm_kernelRN3hls6streamI7ap_uintILi8EELi0EEES4_S4_E9aggLR_arr_54_ap_vld  |  out|    1|      ap_vld|  p_ZZ10sgm_kernelRN3hls6streamI7ap_uintILi8EELi0EEES4_S4_E9aggLR_arr_54|       pointer|
|p_ZZ10sgm_kernelRN3hls6streamI7ap_uintILi8EELi0EEES4_S4_E9aggTB_arr_54         |  out|   12|      ap_vld|  p_ZZ10sgm_kernelRN3hls6streamI7ap_uintILi8EELi0EEES4_S4_E9aggTB_arr_54|       pointer|
|p_ZZ10sgm_kernelRN3hls6streamI7ap_uintILi8EELi0EEES4_S4_E9aggTB_arr_54_ap_vld  |  out|    1|      ap_vld|  p_ZZ10sgm_kernelRN3hls6streamI7ap_uintILi8EELi0EEES4_S4_E9aggTB_arr_54|       pointer|
|p_ZZ10sgm_kernelRN3hls6streamI7ap_uintILi8EELi0EEES4_S4_E9aggLR_arr_56         |  out|   12|      ap_vld|  p_ZZ10sgm_kernelRN3hls6streamI7ap_uintILi8EELi0EEES4_S4_E9aggLR_arr_56|       pointer|
|p_ZZ10sgm_kernelRN3hls6streamI7ap_uintILi8EELi0EEES4_S4_E9aggLR_arr_56_ap_vld  |  out|    1|      ap_vld|  p_ZZ10sgm_kernelRN3hls6streamI7ap_uintILi8EELi0EEES4_S4_E9aggLR_arr_56|       pointer|
|p_ZZ10sgm_kernelRN3hls6streamI7ap_uintILi8EELi0EEES4_S4_E9aggTB_arr_56         |  out|   12|      ap_vld|  p_ZZ10sgm_kernelRN3hls6streamI7ap_uintILi8EELi0EEES4_S4_E9aggTB_arr_56|       pointer|
|p_ZZ10sgm_kernelRN3hls6streamI7ap_uintILi8EELi0EEES4_S4_E9aggTB_arr_56_ap_vld  |  out|    1|      ap_vld|  p_ZZ10sgm_kernelRN3hls6streamI7ap_uintILi8EELi0EEES4_S4_E9aggTB_arr_56|       pointer|
|p_ZZ10sgm_kernelRN3hls6streamI7ap_uintILi8EELi0EEES4_S4_E9aggLR_arr_58         |  out|   12|      ap_vld|  p_ZZ10sgm_kernelRN3hls6streamI7ap_uintILi8EELi0EEES4_S4_E9aggLR_arr_58|       pointer|
|p_ZZ10sgm_kernelRN3hls6streamI7ap_uintILi8EELi0EEES4_S4_E9aggLR_arr_58_ap_vld  |  out|    1|      ap_vld|  p_ZZ10sgm_kernelRN3hls6streamI7ap_uintILi8EELi0EEES4_S4_E9aggLR_arr_58|       pointer|
|p_ZZ10sgm_kernelRN3hls6streamI7ap_uintILi8EELi0EEES4_S4_E9aggTB_arr_58         |  out|   12|      ap_vld|  p_ZZ10sgm_kernelRN3hls6streamI7ap_uintILi8EELi0EEES4_S4_E9aggTB_arr_58|       pointer|
|p_ZZ10sgm_kernelRN3hls6streamI7ap_uintILi8EELi0EEES4_S4_E9aggTB_arr_58_ap_vld  |  out|    1|      ap_vld|  p_ZZ10sgm_kernelRN3hls6streamI7ap_uintILi8EELi0EEES4_S4_E9aggTB_arr_58|       pointer|
|p_ZZ10sgm_kernelRN3hls6streamI7ap_uintILi8EELi0EEES4_S4_E9aggLR_arr_60         |  out|   12|      ap_vld|  p_ZZ10sgm_kernelRN3hls6streamI7ap_uintILi8EELi0EEES4_S4_E9aggLR_arr_60|       pointer|
|p_ZZ10sgm_kernelRN3hls6streamI7ap_uintILi8EELi0EEES4_S4_E9aggLR_arr_60_ap_vld  |  out|    1|      ap_vld|  p_ZZ10sgm_kernelRN3hls6streamI7ap_uintILi8EELi0EEES4_S4_E9aggLR_arr_60|       pointer|
|p_ZZ10sgm_kernelRN3hls6streamI7ap_uintILi8EELi0EEES4_S4_E9aggTB_arr_60         |  out|   12|      ap_vld|  p_ZZ10sgm_kernelRN3hls6streamI7ap_uintILi8EELi0EEES4_S4_E9aggTB_arr_60|       pointer|
|p_ZZ10sgm_kernelRN3hls6streamI7ap_uintILi8EELi0EEES4_S4_E9aggTB_arr_60_ap_vld  |  out|    1|      ap_vld|  p_ZZ10sgm_kernelRN3hls6streamI7ap_uintILi8EELi0EEES4_S4_E9aggTB_arr_60|       pointer|
|p_ZZ10sgm_kernelRN3hls6streamI7ap_uintILi8EELi0EEES4_S4_E9aggLR_arr_62         |  out|   12|      ap_vld|  p_ZZ10sgm_kernelRN3hls6streamI7ap_uintILi8EELi0EEES4_S4_E9aggLR_arr_62|       pointer|
|p_ZZ10sgm_kernelRN3hls6streamI7ap_uintILi8EELi0EEES4_S4_E9aggLR_arr_62_ap_vld  |  out|    1|      ap_vld|  p_ZZ10sgm_kernelRN3hls6streamI7ap_uintILi8EELi0EEES4_S4_E9aggLR_arr_62|       pointer|
|p_ZZ10sgm_kernelRN3hls6streamI7ap_uintILi8EELi0EEES4_S4_E9aggTB_arr_62         |  out|   12|      ap_vld|  p_ZZ10sgm_kernelRN3hls6streamI7ap_uintILi8EELi0EEES4_S4_E9aggTB_arr_62|       pointer|
|p_ZZ10sgm_kernelRN3hls6streamI7ap_uintILi8EELi0EEES4_S4_E9aggTB_arr_62_ap_vld  |  out|    1|      ap_vld|  p_ZZ10sgm_kernelRN3hls6streamI7ap_uintILi8EELi0EEES4_S4_E9aggTB_arr_62|       pointer|
|sgm_kernel_stream_stream_ap_uint_8_0_stream_ap_uint_8_0_aggLR_arr_6            |  out|   12|      ap_vld|     sgm_kernel_stream_stream_ap_uint_8_0_stream_ap_uint_8_0_aggLR_arr_6|       pointer|
|sgm_kernel_stream_stream_ap_uint_8_0_stream_ap_uint_8_0_aggLR_arr_6_ap_vld     |  out|    1|      ap_vld|     sgm_kernel_stream_stream_ap_uint_8_0_stream_ap_uint_8_0_aggLR_arr_6|       pointer|
|sgm_kernel_stream_stream_ap_uint_8_0_stream_ap_uint_8_0_aggTB_arr_6            |  out|   12|      ap_vld|     sgm_kernel_stream_stream_ap_uint_8_0_stream_ap_uint_8_0_aggTB_arr_6|       pointer|
|sgm_kernel_stream_stream_ap_uint_8_0_stream_ap_uint_8_0_aggTB_arr_6_ap_vld     |  out|    1|      ap_vld|     sgm_kernel_stream_stream_ap_uint_8_0_stream_ap_uint_8_0_aggTB_arr_6|       pointer|
|sgm_kernel_stream_stream_ap_uint_8_0_stream_ap_uint_8_0_aggLR_arr_4            |  out|   12|      ap_vld|     sgm_kernel_stream_stream_ap_uint_8_0_stream_ap_uint_8_0_aggLR_arr_4|       pointer|
|sgm_kernel_stream_stream_ap_uint_8_0_stream_ap_uint_8_0_aggLR_arr_4_ap_vld     |  out|    1|      ap_vld|     sgm_kernel_stream_stream_ap_uint_8_0_stream_ap_uint_8_0_aggLR_arr_4|       pointer|
|sgm_kernel_stream_stream_ap_uint_8_0_stream_ap_uint_8_0_aggTB_arr_4            |  out|   12|      ap_vld|     sgm_kernel_stream_stream_ap_uint_8_0_stream_ap_uint_8_0_aggTB_arr_4|       pointer|
|sgm_kernel_stream_stream_ap_uint_8_0_stream_ap_uint_8_0_aggTB_arr_4_ap_vld     |  out|    1|      ap_vld|     sgm_kernel_stream_stream_ap_uint_8_0_stream_ap_uint_8_0_aggTB_arr_4|       pointer|
|sgm_kernel_stream_stream_ap_uint_8_0_stream_ap_uint_8_0_aggLR_arr_2            |  out|   12|      ap_vld|     sgm_kernel_stream_stream_ap_uint_8_0_stream_ap_uint_8_0_aggLR_arr_2|       pointer|
|sgm_kernel_stream_stream_ap_uint_8_0_stream_ap_uint_8_0_aggLR_arr_2_ap_vld     |  out|    1|      ap_vld|     sgm_kernel_stream_stream_ap_uint_8_0_stream_ap_uint_8_0_aggLR_arr_2|       pointer|
|sgm_kernel_stream_stream_ap_uint_8_0_stream_ap_uint_8_0_aggTB_arr_2            |  out|   12|      ap_vld|     sgm_kernel_stream_stream_ap_uint_8_0_stream_ap_uint_8_0_aggTB_arr_2|       pointer|
|sgm_kernel_stream_stream_ap_uint_8_0_stream_ap_uint_8_0_aggTB_arr_2_ap_vld     |  out|    1|      ap_vld|     sgm_kernel_stream_stream_ap_uint_8_0_stream_ap_uint_8_0_aggTB_arr_2|       pointer|
|sgm_kernel_stream_stream_ap_uint_8_0_stream_ap_uint_8_0_aggLR_arr              |  out|   12|      ap_vld|       sgm_kernel_stream_stream_ap_uint_8_0_stream_ap_uint_8_0_aggLR_arr|       pointer|
|sgm_kernel_stream_stream_ap_uint_8_0_stream_ap_uint_8_0_aggLR_arr_ap_vld       |  out|    1|      ap_vld|       sgm_kernel_stream_stream_ap_uint_8_0_stream_ap_uint_8_0_aggLR_arr|       pointer|
|sgm_kernel_stream_stream_ap_uint_8_0_stream_ap_uint_8_0_aggTB_arr              |  out|   12|      ap_vld|       sgm_kernel_stream_stream_ap_uint_8_0_stream_ap_uint_8_0_aggTB_arr|       pointer|
|sgm_kernel_stream_stream_ap_uint_8_0_stream_ap_uint_8_0_aggTB_arr_ap_vld       |  out|    1|      ap_vld|       sgm_kernel_stream_stream_ap_uint_8_0_stream_ap_uint_8_0_aggTB_arr|       pointer|
|p_ZZ10sgm_kernelRN3hls6streamI7ap_uintILi8EELi0EEES4_S4_E9aggLR_arr_11         |  out|   12|      ap_vld|  p_ZZ10sgm_kernelRN3hls6streamI7ap_uintILi8EELi0EEES4_S4_E9aggLR_arr_11|       pointer|
|p_ZZ10sgm_kernelRN3hls6streamI7ap_uintILi8EELi0EEES4_S4_E9aggLR_arr_11_ap_vld  |  out|    1|      ap_vld|  p_ZZ10sgm_kernelRN3hls6streamI7ap_uintILi8EELi0EEES4_S4_E9aggLR_arr_11|       pointer|
|p_ZZ10sgm_kernelRN3hls6streamI7ap_uintILi8EELi0EEES4_S4_E9aggTB_arr_11         |  out|   12|      ap_vld|  p_ZZ10sgm_kernelRN3hls6streamI7ap_uintILi8EELi0EEES4_S4_E9aggTB_arr_11|       pointer|
|p_ZZ10sgm_kernelRN3hls6streamI7ap_uintILi8EELi0EEES4_S4_E9aggTB_arr_11_ap_vld  |  out|    1|      ap_vld|  p_ZZ10sgm_kernelRN3hls6streamI7ap_uintILi8EELi0EEES4_S4_E9aggTB_arr_11|       pointer|
|p_ZZ10sgm_kernelRN3hls6streamI7ap_uintILi8EELi0EEES4_S4_E9aggLR_arr_13         |  out|   12|      ap_vld|  p_ZZ10sgm_kernelRN3hls6streamI7ap_uintILi8EELi0EEES4_S4_E9aggLR_arr_13|       pointer|
|p_ZZ10sgm_kernelRN3hls6streamI7ap_uintILi8EELi0EEES4_S4_E9aggLR_arr_13_ap_vld  |  out|    1|      ap_vld|  p_ZZ10sgm_kernelRN3hls6streamI7ap_uintILi8EELi0EEES4_S4_E9aggLR_arr_13|       pointer|
|p_ZZ10sgm_kernelRN3hls6streamI7ap_uintILi8EELi0EEES4_S4_E9aggTB_arr_13         |  out|   12|      ap_vld|  p_ZZ10sgm_kernelRN3hls6streamI7ap_uintILi8EELi0EEES4_S4_E9aggTB_arr_13|       pointer|
|p_ZZ10sgm_kernelRN3hls6streamI7ap_uintILi8EELi0EEES4_S4_E9aggTB_arr_13_ap_vld  |  out|    1|      ap_vld|  p_ZZ10sgm_kernelRN3hls6streamI7ap_uintILi8EELi0EEES4_S4_E9aggTB_arr_13|       pointer|
|p_ZZ10sgm_kernelRN3hls6streamI7ap_uintILi8EELi0EEES4_S4_E9aggLR_arr_15         |  out|   12|      ap_vld|  p_ZZ10sgm_kernelRN3hls6streamI7ap_uintILi8EELi0EEES4_S4_E9aggLR_arr_15|       pointer|
|p_ZZ10sgm_kernelRN3hls6streamI7ap_uintILi8EELi0EEES4_S4_E9aggLR_arr_15_ap_vld  |  out|    1|      ap_vld|  p_ZZ10sgm_kernelRN3hls6streamI7ap_uintILi8EELi0EEES4_S4_E9aggLR_arr_15|       pointer|
|p_ZZ10sgm_kernelRN3hls6streamI7ap_uintILi8EELi0EEES4_S4_E9aggTB_arr_15         |  out|   12|      ap_vld|  p_ZZ10sgm_kernelRN3hls6streamI7ap_uintILi8EELi0EEES4_S4_E9aggTB_arr_15|       pointer|
|p_ZZ10sgm_kernelRN3hls6streamI7ap_uintILi8EELi0EEES4_S4_E9aggTB_arr_15_ap_vld  |  out|    1|      ap_vld|  p_ZZ10sgm_kernelRN3hls6streamI7ap_uintILi8EELi0EEES4_S4_E9aggTB_arr_15|       pointer|
|p_ZZ10sgm_kernelRN3hls6streamI7ap_uintILi8EELi0EEES4_S4_E9aggLR_arr_17         |  out|   12|      ap_vld|  p_ZZ10sgm_kernelRN3hls6streamI7ap_uintILi8EELi0EEES4_S4_E9aggLR_arr_17|       pointer|
|p_ZZ10sgm_kernelRN3hls6streamI7ap_uintILi8EELi0EEES4_S4_E9aggLR_arr_17_ap_vld  |  out|    1|      ap_vld|  p_ZZ10sgm_kernelRN3hls6streamI7ap_uintILi8EELi0EEES4_S4_E9aggLR_arr_17|       pointer|
|p_ZZ10sgm_kernelRN3hls6streamI7ap_uintILi8EELi0EEES4_S4_E9aggTB_arr_17         |  out|   12|      ap_vld|  p_ZZ10sgm_kernelRN3hls6streamI7ap_uintILi8EELi0EEES4_S4_E9aggTB_arr_17|       pointer|
|p_ZZ10sgm_kernelRN3hls6streamI7ap_uintILi8EELi0EEES4_S4_E9aggTB_arr_17_ap_vld  |  out|    1|      ap_vld|  p_ZZ10sgm_kernelRN3hls6streamI7ap_uintILi8EELi0EEES4_S4_E9aggTB_arr_17|       pointer|
|p_ZZ10sgm_kernelRN3hls6streamI7ap_uintILi8EELi0EEES4_S4_E9aggLR_arr_19         |  out|   12|      ap_vld|  p_ZZ10sgm_kernelRN3hls6streamI7ap_uintILi8EELi0EEES4_S4_E9aggLR_arr_19|       pointer|
|p_ZZ10sgm_kernelRN3hls6streamI7ap_uintILi8EELi0EEES4_S4_E9aggLR_arr_19_ap_vld  |  out|    1|      ap_vld|  p_ZZ10sgm_kernelRN3hls6streamI7ap_uintILi8EELi0EEES4_S4_E9aggLR_arr_19|       pointer|
|p_ZZ10sgm_kernelRN3hls6streamI7ap_uintILi8EELi0EEES4_S4_E9aggTB_arr_19         |  out|   12|      ap_vld|  p_ZZ10sgm_kernelRN3hls6streamI7ap_uintILi8EELi0EEES4_S4_E9aggTB_arr_19|       pointer|
|p_ZZ10sgm_kernelRN3hls6streamI7ap_uintILi8EELi0EEES4_S4_E9aggTB_arr_19_ap_vld  |  out|    1|      ap_vld|  p_ZZ10sgm_kernelRN3hls6streamI7ap_uintILi8EELi0EEES4_S4_E9aggTB_arr_19|       pointer|
|p_ZZ10sgm_kernelRN3hls6streamI7ap_uintILi8EELi0EEES4_S4_E9aggLR_arr_21         |  out|   12|      ap_vld|  p_ZZ10sgm_kernelRN3hls6streamI7ap_uintILi8EELi0EEES4_S4_E9aggLR_arr_21|       pointer|
|p_ZZ10sgm_kernelRN3hls6streamI7ap_uintILi8EELi0EEES4_S4_E9aggLR_arr_21_ap_vld  |  out|    1|      ap_vld|  p_ZZ10sgm_kernelRN3hls6streamI7ap_uintILi8EELi0EEES4_S4_E9aggLR_arr_21|       pointer|
|p_ZZ10sgm_kernelRN3hls6streamI7ap_uintILi8EELi0EEES4_S4_E9aggTB_arr_21         |  out|   12|      ap_vld|  p_ZZ10sgm_kernelRN3hls6streamI7ap_uintILi8EELi0EEES4_S4_E9aggTB_arr_21|       pointer|
|p_ZZ10sgm_kernelRN3hls6streamI7ap_uintILi8EELi0EEES4_S4_E9aggTB_arr_21_ap_vld  |  out|    1|      ap_vld|  p_ZZ10sgm_kernelRN3hls6streamI7ap_uintILi8EELi0EEES4_S4_E9aggTB_arr_21|       pointer|
|p_ZZ10sgm_kernelRN3hls6streamI7ap_uintILi8EELi0EEES4_S4_E9aggLR_arr_23         |  out|   12|      ap_vld|  p_ZZ10sgm_kernelRN3hls6streamI7ap_uintILi8EELi0EEES4_S4_E9aggLR_arr_23|       pointer|
|p_ZZ10sgm_kernelRN3hls6streamI7ap_uintILi8EELi0EEES4_S4_E9aggLR_arr_23_ap_vld  |  out|    1|      ap_vld|  p_ZZ10sgm_kernelRN3hls6streamI7ap_uintILi8EELi0EEES4_S4_E9aggLR_arr_23|       pointer|
|p_ZZ10sgm_kernelRN3hls6streamI7ap_uintILi8EELi0EEES4_S4_E9aggTB_arr_23         |  out|   12|      ap_vld|  p_ZZ10sgm_kernelRN3hls6streamI7ap_uintILi8EELi0EEES4_S4_E9aggTB_arr_23|       pointer|
|p_ZZ10sgm_kernelRN3hls6streamI7ap_uintILi8EELi0EEES4_S4_E9aggTB_arr_23_ap_vld  |  out|    1|      ap_vld|  p_ZZ10sgm_kernelRN3hls6streamI7ap_uintILi8EELi0EEES4_S4_E9aggTB_arr_23|       pointer|
|p_ZZ10sgm_kernelRN3hls6streamI7ap_uintILi8EELi0EEES4_S4_E9aggLR_arr_25         |  out|   12|      ap_vld|  p_ZZ10sgm_kernelRN3hls6streamI7ap_uintILi8EELi0EEES4_S4_E9aggLR_arr_25|       pointer|
|p_ZZ10sgm_kernelRN3hls6streamI7ap_uintILi8EELi0EEES4_S4_E9aggLR_arr_25_ap_vld  |  out|    1|      ap_vld|  p_ZZ10sgm_kernelRN3hls6streamI7ap_uintILi8EELi0EEES4_S4_E9aggLR_arr_25|       pointer|
|p_ZZ10sgm_kernelRN3hls6streamI7ap_uintILi8EELi0EEES4_S4_E9aggTB_arr_25         |  out|   12|      ap_vld|  p_ZZ10sgm_kernelRN3hls6streamI7ap_uintILi8EELi0EEES4_S4_E9aggTB_arr_25|       pointer|
|p_ZZ10sgm_kernelRN3hls6streamI7ap_uintILi8EELi0EEES4_S4_E9aggTB_arr_25_ap_vld  |  out|    1|      ap_vld|  p_ZZ10sgm_kernelRN3hls6streamI7ap_uintILi8EELi0EEES4_S4_E9aggTB_arr_25|       pointer|
|p_ZZ10sgm_kernelRN3hls6streamI7ap_uintILi8EELi0EEES4_S4_E9aggLR_arr_27         |  out|   12|      ap_vld|  p_ZZ10sgm_kernelRN3hls6streamI7ap_uintILi8EELi0EEES4_S4_E9aggLR_arr_27|       pointer|
|p_ZZ10sgm_kernelRN3hls6streamI7ap_uintILi8EELi0EEES4_S4_E9aggLR_arr_27_ap_vld  |  out|    1|      ap_vld|  p_ZZ10sgm_kernelRN3hls6streamI7ap_uintILi8EELi0EEES4_S4_E9aggLR_arr_27|       pointer|
|p_ZZ10sgm_kernelRN3hls6streamI7ap_uintILi8EELi0EEES4_S4_E9aggTB_arr_27         |  out|   12|      ap_vld|  p_ZZ10sgm_kernelRN3hls6streamI7ap_uintILi8EELi0EEES4_S4_E9aggTB_arr_27|       pointer|
|p_ZZ10sgm_kernelRN3hls6streamI7ap_uintILi8EELi0EEES4_S4_E9aggTB_arr_27_ap_vld  |  out|    1|      ap_vld|  p_ZZ10sgm_kernelRN3hls6streamI7ap_uintILi8EELi0EEES4_S4_E9aggTB_arr_27|       pointer|
|p_ZZ10sgm_kernelRN3hls6streamI7ap_uintILi8EELi0EEES4_S4_E9aggLR_arr_29         |  out|   12|      ap_vld|  p_ZZ10sgm_kernelRN3hls6streamI7ap_uintILi8EELi0EEES4_S4_E9aggLR_arr_29|       pointer|
|p_ZZ10sgm_kernelRN3hls6streamI7ap_uintILi8EELi0EEES4_S4_E9aggLR_arr_29_ap_vld  |  out|    1|      ap_vld|  p_ZZ10sgm_kernelRN3hls6streamI7ap_uintILi8EELi0EEES4_S4_E9aggLR_arr_29|       pointer|
|p_ZZ10sgm_kernelRN3hls6streamI7ap_uintILi8EELi0EEES4_S4_E9aggTB_arr_29         |  out|   12|      ap_vld|  p_ZZ10sgm_kernelRN3hls6streamI7ap_uintILi8EELi0EEES4_S4_E9aggTB_arr_29|       pointer|
|p_ZZ10sgm_kernelRN3hls6streamI7ap_uintILi8EELi0EEES4_S4_E9aggTB_arr_29_ap_vld  |  out|    1|      ap_vld|  p_ZZ10sgm_kernelRN3hls6streamI7ap_uintILi8EELi0EEES4_S4_E9aggTB_arr_29|       pointer|
|p_ZZ10sgm_kernelRN3hls6streamI7ap_uintILi8EELi0EEES4_S4_E9aggLR_arr_31         |  out|   12|      ap_vld|  p_ZZ10sgm_kernelRN3hls6streamI7ap_uintILi8EELi0EEES4_S4_E9aggLR_arr_31|       pointer|
|p_ZZ10sgm_kernelRN3hls6streamI7ap_uintILi8EELi0EEES4_S4_E9aggLR_arr_31_ap_vld  |  out|    1|      ap_vld|  p_ZZ10sgm_kernelRN3hls6streamI7ap_uintILi8EELi0EEES4_S4_E9aggLR_arr_31|       pointer|
|p_ZZ10sgm_kernelRN3hls6streamI7ap_uintILi8EELi0EEES4_S4_E9aggTB_arr_31         |  out|   12|      ap_vld|  p_ZZ10sgm_kernelRN3hls6streamI7ap_uintILi8EELi0EEES4_S4_E9aggTB_arr_31|       pointer|
|p_ZZ10sgm_kernelRN3hls6streamI7ap_uintILi8EELi0EEES4_S4_E9aggTB_arr_31_ap_vld  |  out|    1|      ap_vld|  p_ZZ10sgm_kernelRN3hls6streamI7ap_uintILi8EELi0EEES4_S4_E9aggTB_arr_31|       pointer|
|p_ZZ10sgm_kernelRN3hls6streamI7ap_uintILi8EELi0EEES4_S4_E9aggLR_arr_33         |  out|   12|      ap_vld|  p_ZZ10sgm_kernelRN3hls6streamI7ap_uintILi8EELi0EEES4_S4_E9aggLR_arr_33|       pointer|
|p_ZZ10sgm_kernelRN3hls6streamI7ap_uintILi8EELi0EEES4_S4_E9aggLR_arr_33_ap_vld  |  out|    1|      ap_vld|  p_ZZ10sgm_kernelRN3hls6streamI7ap_uintILi8EELi0EEES4_S4_E9aggLR_arr_33|       pointer|
|p_ZZ10sgm_kernelRN3hls6streamI7ap_uintILi8EELi0EEES4_S4_E9aggTB_arr_33         |  out|   12|      ap_vld|  p_ZZ10sgm_kernelRN3hls6streamI7ap_uintILi8EELi0EEES4_S4_E9aggTB_arr_33|       pointer|
|p_ZZ10sgm_kernelRN3hls6streamI7ap_uintILi8EELi0EEES4_S4_E9aggTB_arr_33_ap_vld  |  out|    1|      ap_vld|  p_ZZ10sgm_kernelRN3hls6streamI7ap_uintILi8EELi0EEES4_S4_E9aggTB_arr_33|       pointer|
|p_ZZ10sgm_kernelRN3hls6streamI7ap_uintILi8EELi0EEES4_S4_E9aggLR_arr_35         |  out|   12|      ap_vld|  p_ZZ10sgm_kernelRN3hls6streamI7ap_uintILi8EELi0EEES4_S4_E9aggLR_arr_35|       pointer|
|p_ZZ10sgm_kernelRN3hls6streamI7ap_uintILi8EELi0EEES4_S4_E9aggLR_arr_35_ap_vld  |  out|    1|      ap_vld|  p_ZZ10sgm_kernelRN3hls6streamI7ap_uintILi8EELi0EEES4_S4_E9aggLR_arr_35|       pointer|
|p_ZZ10sgm_kernelRN3hls6streamI7ap_uintILi8EELi0EEES4_S4_E9aggTB_arr_35         |  out|   12|      ap_vld|  p_ZZ10sgm_kernelRN3hls6streamI7ap_uintILi8EELi0EEES4_S4_E9aggTB_arr_35|       pointer|
|p_ZZ10sgm_kernelRN3hls6streamI7ap_uintILi8EELi0EEES4_S4_E9aggTB_arr_35_ap_vld  |  out|    1|      ap_vld|  p_ZZ10sgm_kernelRN3hls6streamI7ap_uintILi8EELi0EEES4_S4_E9aggTB_arr_35|       pointer|
|p_ZZ10sgm_kernelRN3hls6streamI7ap_uintILi8EELi0EEES4_S4_E9aggLR_arr_37         |  out|   12|      ap_vld|  p_ZZ10sgm_kernelRN3hls6streamI7ap_uintILi8EELi0EEES4_S4_E9aggLR_arr_37|       pointer|
|p_ZZ10sgm_kernelRN3hls6streamI7ap_uintILi8EELi0EEES4_S4_E9aggLR_arr_37_ap_vld  |  out|    1|      ap_vld|  p_ZZ10sgm_kernelRN3hls6streamI7ap_uintILi8EELi0EEES4_S4_E9aggLR_arr_37|       pointer|
|p_ZZ10sgm_kernelRN3hls6streamI7ap_uintILi8EELi0EEES4_S4_E9aggTB_arr_37         |  out|   12|      ap_vld|  p_ZZ10sgm_kernelRN3hls6streamI7ap_uintILi8EELi0EEES4_S4_E9aggTB_arr_37|       pointer|
|p_ZZ10sgm_kernelRN3hls6streamI7ap_uintILi8EELi0EEES4_S4_E9aggTB_arr_37_ap_vld  |  out|    1|      ap_vld|  p_ZZ10sgm_kernelRN3hls6streamI7ap_uintILi8EELi0EEES4_S4_E9aggTB_arr_37|       pointer|
|p_ZZ10sgm_kernelRN3hls6streamI7ap_uintILi8EELi0EEES4_S4_E9aggLR_arr_39         |  out|   12|      ap_vld|  p_ZZ10sgm_kernelRN3hls6streamI7ap_uintILi8EELi0EEES4_S4_E9aggLR_arr_39|       pointer|
|p_ZZ10sgm_kernelRN3hls6streamI7ap_uintILi8EELi0EEES4_S4_E9aggLR_arr_39_ap_vld  |  out|    1|      ap_vld|  p_ZZ10sgm_kernelRN3hls6streamI7ap_uintILi8EELi0EEES4_S4_E9aggLR_arr_39|       pointer|
|p_ZZ10sgm_kernelRN3hls6streamI7ap_uintILi8EELi0EEES4_S4_E9aggTB_arr_39         |  out|   12|      ap_vld|  p_ZZ10sgm_kernelRN3hls6streamI7ap_uintILi8EELi0EEES4_S4_E9aggTB_arr_39|       pointer|
|p_ZZ10sgm_kernelRN3hls6streamI7ap_uintILi8EELi0EEES4_S4_E9aggTB_arr_39_ap_vld  |  out|    1|      ap_vld|  p_ZZ10sgm_kernelRN3hls6streamI7ap_uintILi8EELi0EEES4_S4_E9aggTB_arr_39|       pointer|
|p_ZZ10sgm_kernelRN3hls6streamI7ap_uintILi8EELi0EEES4_S4_E9aggLR_arr_41         |  out|   12|      ap_vld|  p_ZZ10sgm_kernelRN3hls6streamI7ap_uintILi8EELi0EEES4_S4_E9aggLR_arr_41|       pointer|
|p_ZZ10sgm_kernelRN3hls6streamI7ap_uintILi8EELi0EEES4_S4_E9aggLR_arr_41_ap_vld  |  out|    1|      ap_vld|  p_ZZ10sgm_kernelRN3hls6streamI7ap_uintILi8EELi0EEES4_S4_E9aggLR_arr_41|       pointer|
|p_ZZ10sgm_kernelRN3hls6streamI7ap_uintILi8EELi0EEES4_S4_E9aggTB_arr_41         |  out|   12|      ap_vld|  p_ZZ10sgm_kernelRN3hls6streamI7ap_uintILi8EELi0EEES4_S4_E9aggTB_arr_41|       pointer|
|p_ZZ10sgm_kernelRN3hls6streamI7ap_uintILi8EELi0EEES4_S4_E9aggTB_arr_41_ap_vld  |  out|    1|      ap_vld|  p_ZZ10sgm_kernelRN3hls6streamI7ap_uintILi8EELi0EEES4_S4_E9aggTB_arr_41|       pointer|
|p_ZZ10sgm_kernelRN3hls6streamI7ap_uintILi8EELi0EEES4_S4_E9aggLR_arr_43         |  out|   12|      ap_vld|  p_ZZ10sgm_kernelRN3hls6streamI7ap_uintILi8EELi0EEES4_S4_E9aggLR_arr_43|       pointer|
|p_ZZ10sgm_kernelRN3hls6streamI7ap_uintILi8EELi0EEES4_S4_E9aggLR_arr_43_ap_vld  |  out|    1|      ap_vld|  p_ZZ10sgm_kernelRN3hls6streamI7ap_uintILi8EELi0EEES4_S4_E9aggLR_arr_43|       pointer|
|p_ZZ10sgm_kernelRN3hls6streamI7ap_uintILi8EELi0EEES4_S4_E9aggTB_arr_43         |  out|   12|      ap_vld|  p_ZZ10sgm_kernelRN3hls6streamI7ap_uintILi8EELi0EEES4_S4_E9aggTB_arr_43|       pointer|
|p_ZZ10sgm_kernelRN3hls6streamI7ap_uintILi8EELi0EEES4_S4_E9aggTB_arr_43_ap_vld  |  out|    1|      ap_vld|  p_ZZ10sgm_kernelRN3hls6streamI7ap_uintILi8EELi0EEES4_S4_E9aggTB_arr_43|       pointer|
|p_ZZ10sgm_kernelRN3hls6streamI7ap_uintILi8EELi0EEES4_S4_E9aggLR_arr_45         |  out|   12|      ap_vld|  p_ZZ10sgm_kernelRN3hls6streamI7ap_uintILi8EELi0EEES4_S4_E9aggLR_arr_45|       pointer|
|p_ZZ10sgm_kernelRN3hls6streamI7ap_uintILi8EELi0EEES4_S4_E9aggLR_arr_45_ap_vld  |  out|    1|      ap_vld|  p_ZZ10sgm_kernelRN3hls6streamI7ap_uintILi8EELi0EEES4_S4_E9aggLR_arr_45|       pointer|
|p_ZZ10sgm_kernelRN3hls6streamI7ap_uintILi8EELi0EEES4_S4_E9aggTB_arr_45         |  out|   12|      ap_vld|  p_ZZ10sgm_kernelRN3hls6streamI7ap_uintILi8EELi0EEES4_S4_E9aggTB_arr_45|       pointer|
|p_ZZ10sgm_kernelRN3hls6streamI7ap_uintILi8EELi0EEES4_S4_E9aggTB_arr_45_ap_vld  |  out|    1|      ap_vld|  p_ZZ10sgm_kernelRN3hls6streamI7ap_uintILi8EELi0EEES4_S4_E9aggTB_arr_45|       pointer|
|p_ZZ10sgm_kernelRN3hls6streamI7ap_uintILi8EELi0EEES4_S4_E9aggLR_arr_47         |  out|   12|      ap_vld|  p_ZZ10sgm_kernelRN3hls6streamI7ap_uintILi8EELi0EEES4_S4_E9aggLR_arr_47|       pointer|
|p_ZZ10sgm_kernelRN3hls6streamI7ap_uintILi8EELi0EEES4_S4_E9aggLR_arr_47_ap_vld  |  out|    1|      ap_vld|  p_ZZ10sgm_kernelRN3hls6streamI7ap_uintILi8EELi0EEES4_S4_E9aggLR_arr_47|       pointer|
|p_ZZ10sgm_kernelRN3hls6streamI7ap_uintILi8EELi0EEES4_S4_E9aggTB_arr_47         |  out|   12|      ap_vld|  p_ZZ10sgm_kernelRN3hls6streamI7ap_uintILi8EELi0EEES4_S4_E9aggTB_arr_47|       pointer|
|p_ZZ10sgm_kernelRN3hls6streamI7ap_uintILi8EELi0EEES4_S4_E9aggTB_arr_47_ap_vld  |  out|    1|      ap_vld|  p_ZZ10sgm_kernelRN3hls6streamI7ap_uintILi8EELi0EEES4_S4_E9aggTB_arr_47|       pointer|
|p_ZZ10sgm_kernelRN3hls6streamI7ap_uintILi8EELi0EEES4_S4_E9aggLR_arr_49         |  out|   12|      ap_vld|  p_ZZ10sgm_kernelRN3hls6streamI7ap_uintILi8EELi0EEES4_S4_E9aggLR_arr_49|       pointer|
|p_ZZ10sgm_kernelRN3hls6streamI7ap_uintILi8EELi0EEES4_S4_E9aggLR_arr_49_ap_vld  |  out|    1|      ap_vld|  p_ZZ10sgm_kernelRN3hls6streamI7ap_uintILi8EELi0EEES4_S4_E9aggLR_arr_49|       pointer|
|p_ZZ10sgm_kernelRN3hls6streamI7ap_uintILi8EELi0EEES4_S4_E9aggTB_arr_49         |  out|   12|      ap_vld|  p_ZZ10sgm_kernelRN3hls6streamI7ap_uintILi8EELi0EEES4_S4_E9aggTB_arr_49|       pointer|
|p_ZZ10sgm_kernelRN3hls6streamI7ap_uintILi8EELi0EEES4_S4_E9aggTB_arr_49_ap_vld  |  out|    1|      ap_vld|  p_ZZ10sgm_kernelRN3hls6streamI7ap_uintILi8EELi0EEES4_S4_E9aggTB_arr_49|       pointer|
|p_ZZ10sgm_kernelRN3hls6streamI7ap_uintILi8EELi0EEES4_S4_E9aggLR_arr_51         |  out|   12|      ap_vld|  p_ZZ10sgm_kernelRN3hls6streamI7ap_uintILi8EELi0EEES4_S4_E9aggLR_arr_51|       pointer|
|p_ZZ10sgm_kernelRN3hls6streamI7ap_uintILi8EELi0EEES4_S4_E9aggLR_arr_51_ap_vld  |  out|    1|      ap_vld|  p_ZZ10sgm_kernelRN3hls6streamI7ap_uintILi8EELi0EEES4_S4_E9aggLR_arr_51|       pointer|
|p_ZZ10sgm_kernelRN3hls6streamI7ap_uintILi8EELi0EEES4_S4_E9aggTB_arr_51         |  out|   12|      ap_vld|  p_ZZ10sgm_kernelRN3hls6streamI7ap_uintILi8EELi0EEES4_S4_E9aggTB_arr_51|       pointer|
|p_ZZ10sgm_kernelRN3hls6streamI7ap_uintILi8EELi0EEES4_S4_E9aggTB_arr_51_ap_vld  |  out|    1|      ap_vld|  p_ZZ10sgm_kernelRN3hls6streamI7ap_uintILi8EELi0EEES4_S4_E9aggTB_arr_51|       pointer|
|p_ZZ10sgm_kernelRN3hls6streamI7ap_uintILi8EELi0EEES4_S4_E9aggLR_arr_53         |  out|   12|      ap_vld|  p_ZZ10sgm_kernelRN3hls6streamI7ap_uintILi8EELi0EEES4_S4_E9aggLR_arr_53|       pointer|
|p_ZZ10sgm_kernelRN3hls6streamI7ap_uintILi8EELi0EEES4_S4_E9aggLR_arr_53_ap_vld  |  out|    1|      ap_vld|  p_ZZ10sgm_kernelRN3hls6streamI7ap_uintILi8EELi0EEES4_S4_E9aggLR_arr_53|       pointer|
|p_ZZ10sgm_kernelRN3hls6streamI7ap_uintILi8EELi0EEES4_S4_E9aggTB_arr_53         |  out|   12|      ap_vld|  p_ZZ10sgm_kernelRN3hls6streamI7ap_uintILi8EELi0EEES4_S4_E9aggTB_arr_53|       pointer|
|p_ZZ10sgm_kernelRN3hls6streamI7ap_uintILi8EELi0EEES4_S4_E9aggTB_arr_53_ap_vld  |  out|    1|      ap_vld|  p_ZZ10sgm_kernelRN3hls6streamI7ap_uintILi8EELi0EEES4_S4_E9aggTB_arr_53|       pointer|
|p_ZZ10sgm_kernelRN3hls6streamI7ap_uintILi8EELi0EEES4_S4_E9aggLR_arr_55         |  out|   12|      ap_vld|  p_ZZ10sgm_kernelRN3hls6streamI7ap_uintILi8EELi0EEES4_S4_E9aggLR_arr_55|       pointer|
|p_ZZ10sgm_kernelRN3hls6streamI7ap_uintILi8EELi0EEES4_S4_E9aggLR_arr_55_ap_vld  |  out|    1|      ap_vld|  p_ZZ10sgm_kernelRN3hls6streamI7ap_uintILi8EELi0EEES4_S4_E9aggLR_arr_55|       pointer|
|p_ZZ10sgm_kernelRN3hls6streamI7ap_uintILi8EELi0EEES4_S4_E9aggTB_arr_55         |  out|   12|      ap_vld|  p_ZZ10sgm_kernelRN3hls6streamI7ap_uintILi8EELi0EEES4_S4_E9aggTB_arr_55|       pointer|
|p_ZZ10sgm_kernelRN3hls6streamI7ap_uintILi8EELi0EEES4_S4_E9aggTB_arr_55_ap_vld  |  out|    1|      ap_vld|  p_ZZ10sgm_kernelRN3hls6streamI7ap_uintILi8EELi0EEES4_S4_E9aggTB_arr_55|       pointer|
|p_ZZ10sgm_kernelRN3hls6streamI7ap_uintILi8EELi0EEES4_S4_E9aggLR_arr_57         |  out|   12|      ap_vld|  p_ZZ10sgm_kernelRN3hls6streamI7ap_uintILi8EELi0EEES4_S4_E9aggLR_arr_57|       pointer|
|p_ZZ10sgm_kernelRN3hls6streamI7ap_uintILi8EELi0EEES4_S4_E9aggLR_arr_57_ap_vld  |  out|    1|      ap_vld|  p_ZZ10sgm_kernelRN3hls6streamI7ap_uintILi8EELi0EEES4_S4_E9aggLR_arr_57|       pointer|
|p_ZZ10sgm_kernelRN3hls6streamI7ap_uintILi8EELi0EEES4_S4_E9aggTB_arr_57         |  out|   12|      ap_vld|  p_ZZ10sgm_kernelRN3hls6streamI7ap_uintILi8EELi0EEES4_S4_E9aggTB_arr_57|       pointer|
|p_ZZ10sgm_kernelRN3hls6streamI7ap_uintILi8EELi0EEES4_S4_E9aggTB_arr_57_ap_vld  |  out|    1|      ap_vld|  p_ZZ10sgm_kernelRN3hls6streamI7ap_uintILi8EELi0EEES4_S4_E9aggTB_arr_57|       pointer|
|p_ZZ10sgm_kernelRN3hls6streamI7ap_uintILi8EELi0EEES4_S4_E9aggLR_arr_59         |  out|   12|      ap_vld|  p_ZZ10sgm_kernelRN3hls6streamI7ap_uintILi8EELi0EEES4_S4_E9aggLR_arr_59|       pointer|
|p_ZZ10sgm_kernelRN3hls6streamI7ap_uintILi8EELi0EEES4_S4_E9aggLR_arr_59_ap_vld  |  out|    1|      ap_vld|  p_ZZ10sgm_kernelRN3hls6streamI7ap_uintILi8EELi0EEES4_S4_E9aggLR_arr_59|       pointer|
|p_ZZ10sgm_kernelRN3hls6streamI7ap_uintILi8EELi0EEES4_S4_E9aggTB_arr_59         |  out|   12|      ap_vld|  p_ZZ10sgm_kernelRN3hls6streamI7ap_uintILi8EELi0EEES4_S4_E9aggTB_arr_59|       pointer|
|p_ZZ10sgm_kernelRN3hls6streamI7ap_uintILi8EELi0EEES4_S4_E9aggTB_arr_59_ap_vld  |  out|    1|      ap_vld|  p_ZZ10sgm_kernelRN3hls6streamI7ap_uintILi8EELi0EEES4_S4_E9aggTB_arr_59|       pointer|
|p_ZZ10sgm_kernelRN3hls6streamI7ap_uintILi8EELi0EEES4_S4_E9aggLR_arr_61         |  out|   12|      ap_vld|  p_ZZ10sgm_kernelRN3hls6streamI7ap_uintILi8EELi0EEES4_S4_E9aggLR_arr_61|       pointer|
|p_ZZ10sgm_kernelRN3hls6streamI7ap_uintILi8EELi0EEES4_S4_E9aggLR_arr_61_ap_vld  |  out|    1|      ap_vld|  p_ZZ10sgm_kernelRN3hls6streamI7ap_uintILi8EELi0EEES4_S4_E9aggLR_arr_61|       pointer|
|p_ZZ10sgm_kernelRN3hls6streamI7ap_uintILi8EELi0EEES4_S4_E9aggTB_arr_61         |  out|   12|      ap_vld|  p_ZZ10sgm_kernelRN3hls6streamI7ap_uintILi8EELi0EEES4_S4_E9aggTB_arr_61|       pointer|
|p_ZZ10sgm_kernelRN3hls6streamI7ap_uintILi8EELi0EEES4_S4_E9aggTB_arr_61_ap_vld  |  out|    1|      ap_vld|  p_ZZ10sgm_kernelRN3hls6streamI7ap_uintILi8EELi0EEES4_S4_E9aggTB_arr_61|       pointer|
|p_ZZ10sgm_kernelRN3hls6streamI7ap_uintILi8EELi0EEES4_S4_E9aggLR_arr_63         |  out|   12|      ap_vld|  p_ZZ10sgm_kernelRN3hls6streamI7ap_uintILi8EELi0EEES4_S4_E9aggLR_arr_63|       pointer|
|p_ZZ10sgm_kernelRN3hls6streamI7ap_uintILi8EELi0EEES4_S4_E9aggLR_arr_63_ap_vld  |  out|    1|      ap_vld|  p_ZZ10sgm_kernelRN3hls6streamI7ap_uintILi8EELi0EEES4_S4_E9aggLR_arr_63|       pointer|
|p_ZZ10sgm_kernelRN3hls6streamI7ap_uintILi8EELi0EEES4_S4_E9aggTB_arr_63         |  out|   12|      ap_vld|  p_ZZ10sgm_kernelRN3hls6streamI7ap_uintILi8EELi0EEES4_S4_E9aggTB_arr_63|       pointer|
|p_ZZ10sgm_kernelRN3hls6streamI7ap_uintILi8EELi0EEES4_S4_E9aggTB_arr_63_ap_vld  |  out|    1|      ap_vld|  p_ZZ10sgm_kernelRN3hls6streamI7ap_uintILi8EELi0EEES4_S4_E9aggTB_arr_63|       pointer|
+-------------------------------------------------------------------------------+-----+-----+------------+------------------------------------------------------------------------+--------------+

