

================================================================
== Vitis HLS Report for 'aggregate_paths_and_select'
================================================================
* Date:           Mon Apr 13 09:12:04 2026

* Version:        2023.1 (Build 3854077 on May  4 2023)
* Project:        sgm_kernel
* Solution:       solution1 (Vivado IP Flow Target)
* Product family: zynq
* Target device:  xc7z010-clg400-1


================================================================
== Performance Estimates
================================================================
+ Timing: 
    * Summary: 
    +--------+----------+----------+------------+
    |  Clock |  Target  | Estimated| Uncertainty|
    +--------+----------+----------+------------+
    |ap_clk  |  10.00 ns|  7.035 ns|     2.70 ns|
    +--------+----------+----------+------------+

+ Latency: 
    * Summary: 
    +---------+---------+----------+----------+-----+-----+---------+
    |  Latency (cycles) |  Latency (absolute) |  Interval | Pipeline|
    |   min   |   max   |    min   |    max   | min | max |   Type  |
    +---------+---------+----------+----------+-----+-----+---------+
    |       23|       23|  0.230 us|  0.230 us|   23|   23|       no|
    +---------+---------+----------+----------+-----+-----+---------+

    + Detail: 
        * Instance: 
        +----------------------------------------------------------------+-----------------------------------------------------+---------+---------+----------+----------+-----+-----+---------+
        |                                                                |                                                     |  Latency (cycles) |  Latency (absolute) |  Interval | Pipeline|
        |                            Instance                            |                        Module                       |   min   |   max   |    min   |    max   | min | max |   Type  |
        +----------------------------------------------------------------+-----------------------------------------------------+---------+---------+----------+----------+-----+-----+---------+
        |grp_aggregate_paths_and_select_Pipeline_AggregationLoop_fu_548  |aggregate_paths_and_select_Pipeline_AggregationLoop  |       20|       20|  0.200 us|  0.200 us|   20|   20|       no|
        +----------------------------------------------------------------+-----------------------------------------------------+---------+---------+----------+----------+-----+-----+---------+

        * Loop: 
        N/A



================================================================
== Utilization Estimates
================================================================
* Summary: 
+-----------------+---------+----+-------+-------+-----+
|       Name      | BRAM_18K| DSP|   FF  |  LUT  | URAM|
+-----------------+---------+----+-------+-------+-----+
|DSP              |        -|   -|      -|      -|    -|
|Expression       |        -|   -|      0|     76|    -|
|FIFO             |        -|   -|      -|      -|    -|
|Instance         |        -|   -|    380|   2506|    -|
|Memory           |        -|   -|      -|      -|    -|
|Multiplexer      |        -|   -|      -|     25|    -|
|Register         |        -|   -|     29|      -|    -|
+-----------------+---------+----+-------+-------+-----+
|Total            |        0|   0|    409|   2607|    0|
+-----------------+---------+----+-------+-------+-----+
|Available        |      120|  80|  35200|  17600|    0|
+-----------------+---------+----+-------+-------+-----+
|Utilization (%)  |        0|   0|      1|     14|    0|
+-----------------+---------+----+-------+-------+-----+

+ Detail: 
    * Instance: 
    +----------------------------------------------------------------+-----------------------------------------------------+---------+----+-----+------+-----+
    |                            Instance                            |                        Module                       | BRAM_18K| DSP|  FF |  LUT | URAM|
    +----------------------------------------------------------------+-----------------------------------------------------+---------+----+-----+------+-----+
    |grp_aggregate_paths_and_select_Pipeline_AggregationLoop_fu_548  |aggregate_paths_and_select_Pipeline_AggregationLoop  |        0|   0|  380|  2506|    0|
    +----------------------------------------------------------------+-----------------------------------------------------+---------+----+-----+------+-----+
    |Total                                                           |                                                     |        0|   0|  380|  2506|    0|
    +----------------------------------------------------------------+-----------------------------------------------------+---------+----+-----+------+-----+

    * DSP: 
    N/A

    * Memory: 
    N/A

    * FIFO: 
    N/A

    * Expression: 
    +--------------------------+----------+----+---+----+------------+------------+
    |       Variable Name      | Operation| DSP| FF| LUT| Bitwidth P0| Bitwidth P1|
    +--------------------------+----------+----+---+----+------------+------------+
    |add_i108_fu_841_p2        |         +|   0|  0|  14|          13|           8|
    |add_i279_fu_817_p2        |         +|   0|  0|  14|          13|           8|
    |conv2_i_i_i254_fu_831_p2  |         +|   0|  0|  12|          12|           8|
    |conv2_i_i_i83_fu_855_p2   |         +|   0|  0|  12|          12|           8|
    |p3_LR_fu_861_p3           |    select|   0|  0|  12|           1|           2|
    |p3_TB_fu_869_p3           |    select|   0|  0|  12|           1|           2|
    +--------------------------+----------+----+---+----+------------+------------+
    |Total                     |          |   0|  0|  76|          52|          36|
    +--------------------------+----------+----+---+----+------------+------------+

    * Multiplexer: 
    +-----------+----+-----------+-----+-----------+
    |    Name   | LUT| Input Size| Bits| Total Bits|
    +-----------+----+-----------+-----+-----------+
    |ap_NS_fsm  |  25|          5|    1|          5|
    +-----------+----+-----------+-----+-----------+
    |Total      |  25|          5|    1|          5|
    +-----------+----+-----------+-----+-----------+

    * Register: 
    +-----------------------------------------------------------------------------+----+----+-----+-----------+
    |                                     Name                                    | FF | LUT| Bits| Const Bits|
    +-----------------------------------------------------------------------------+----+----+-----+-----------+
    |ap_CS_fsm                                                                    |   4|   0|    4|          0|
    |grp_aggregate_paths_and_select_Pipeline_AggregationLoop_fu_548_ap_start_reg  |   1|   0|    1|          0|
    |p3_LR_reg_1216                                                               |  12|   0|   12|          0|
    |p3_TB_reg_1221                                                               |  12|   0|   12|          0|
    +-----------------------------------------------------------------------------+----+----+-----+-----------+
    |Total                                                                        |  29|   0|   29|          0|
    +-----------------------------------------------------------------------------+----+----+-----+-----------+



================================================================
== Interface
================================================================
* Summary: 
+-------------------------------------------------------------------------------+-----+-----+------------+------------------------------------------------------------------------+--------------+
|                                   RTL Ports                                   | Dir | Bits|  Protocol  |                              Source Object                             |    C Type    |
+-------------------------------------------------------------------------------+-----+-----+------------+------------------------------------------------------------------------+--------------+
|ap_clk                                                                         |   in|    1|  ap_ctrl_hs|                                              aggregate_paths_and_select|  return value|
|ap_rst                                                                         |   in|    1|  ap_ctrl_hs|                                              aggregate_paths_and_select|  return value|
|ap_start                                                                       |   in|    1|  ap_ctrl_hs|                                              aggregate_paths_and_select|  return value|
|ap_done                                                                        |  out|    1|  ap_ctrl_hs|                                              aggregate_paths_and_select|  return value|
|ap_idle                                                                        |  out|    1|  ap_ctrl_hs|                                              aggregate_paths_and_select|  return value|
|ap_ready                                                                       |  out|    1|  ap_ctrl_hs|                                              aggregate_paths_and_select|  return value|
|ap_return                                                                      |  out|    8|  ap_ctrl_hs|                                              aggregate_paths_and_select|  return value|
|prevCostT_col_0_val                                                            |   in|   12|     ap_none|                                                     prevCostT_col_0_val|        scalar|
|prevCostT_col_1_val                                                            |   in|   12|     ap_none|                                                     prevCostT_col_1_val|        scalar|
|prevCostT_col_2_val                                                            |   in|   12|     ap_none|                                                     prevCostT_col_2_val|        scalar|
|prevCostT_col_3_val                                                            |   in|   12|     ap_none|                                                     prevCostT_col_3_val|        scalar|
|prevCostT_col_4_val                                                            |   in|   12|     ap_none|                                                     prevCostT_col_4_val|        scalar|
|prevCostT_col_5_val                                                            |   in|   12|     ap_none|                                                     prevCostT_col_5_val|        scalar|
|prevCostT_col_6_val                                                            |   in|   12|     ap_none|                                                     prevCostT_col_6_val|        scalar|
|prevCostT_col_7_val                                                            |   in|   12|     ap_none|                                                     prevCostT_col_7_val|        scalar|
|prevCostT_col_8_val                                                            |   in|   12|     ap_none|                                                     prevCostT_col_8_val|        scalar|
|prevCostT_col_9_val                                                            |   in|   12|     ap_none|                                                     prevCostT_col_9_val|        scalar|
|prevCostT_col_10_val                                                           |   in|   12|     ap_none|                                                    prevCostT_col_10_val|        scalar|
|prevCostT_col_11_val                                                           |   in|   12|     ap_none|                                                    prevCostT_col_11_val|        scalar|
|prevCostT_col_12_val                                                           |   in|   12|     ap_none|                                                    prevCostT_col_12_val|        scalar|
|prevCostT_col_13_val                                                           |   in|   12|     ap_none|                                                    prevCostT_col_13_val|        scalar|
|prevCostT_col_14_val                                                           |   in|   12|     ap_none|                                                    prevCostT_col_14_val|        scalar|
|prevCostT_col_15_val                                                           |   in|   12|     ap_none|                                                    prevCostT_col_15_val|        scalar|
|prevCostT_col_16_val                                                           |   in|   12|     ap_none|                                                    prevCostT_col_16_val|        scalar|
|prevCostT_col_17_val                                                           |   in|   12|     ap_none|                                                    prevCostT_col_17_val|        scalar|
|prevCostT_col_18_val                                                           |   in|   12|     ap_none|                                                    prevCostT_col_18_val|        scalar|
|prevCostT_col_19_val                                                           |   in|   12|     ap_none|                                                    prevCostT_col_19_val|        scalar|
|prevCostT_col_20_val                                                           |   in|   12|     ap_none|                                                    prevCostT_col_20_val|        scalar|
|prevCostT_col_21_val                                                           |   in|   12|     ap_none|                                                    prevCostT_col_21_val|        scalar|
|prevCostT_col_22_val                                                           |   in|   12|     ap_none|                                                    prevCostT_col_22_val|        scalar|
|prevCostT_col_23_val                                                           |   in|   12|     ap_none|                                                    prevCostT_col_23_val|        scalar|
|prevCostT_col_24_val                                                           |   in|   12|     ap_none|                                                    prevCostT_col_24_val|        scalar|
|prevCostT_col_25_val                                                           |   in|   12|     ap_none|                                                    prevCostT_col_25_val|        scalar|
|prevCostT_col_26_val                                                           |   in|   12|     ap_none|                                                    prevCostT_col_26_val|        scalar|
|prevCostT_col_27_val                                                           |   in|   12|     ap_none|                                                    prevCostT_col_27_val|        scalar|
|prevCostT_col_28_val                                                           |   in|   12|     ap_none|                                                    prevCostT_col_28_val|        scalar|
|prevCostT_col_29_val                                                           |   in|   12|     ap_none|                                                    prevCostT_col_29_val|        scalar|
|prevCostT_col_30_val                                                           |   in|   12|     ap_none|                                                    prevCostT_col_30_val|        scalar|
|prevCostT_col_31_val                                                           |   in|   12|     ap_none|                                                    prevCostT_col_31_val|        scalar|
|minPrevLR_val                                                                  |   in|   12|     ap_none|                                                           minPrevLR_val|        scalar|
|minPrevTB_val                                                                  |   in|   12|     ap_none|                                                           minPrevTB_val|        scalar|
|sgm_kernel_stream_stream_ap_uint_8_0_stream_ap_uint_8_0_prevCostL_9            |   in|   12|     ap_none|     sgm_kernel_stream_stream_ap_uint_8_0_stream_ap_uint_8_0_prevCostL_9|       pointer|
|sgm_kernel_stream_stream_ap_uint_8_0_stream_ap_uint_8_0_prevCostL_7            |   in|   12|     ap_none|     sgm_kernel_stream_stream_ap_uint_8_0_stream_ap_uint_8_0_prevCostL_7|       pointer|
|sgm_kernel_stream_stream_ap_uint_8_0_stream_ap_uint_8_0_prevCostL_5            |   in|   12|     ap_none|     sgm_kernel_stream_stream_ap_uint_8_0_stream_ap_uint_8_0_prevCostL_5|       pointer|
|sgm_kernel_stream_stream_ap_uint_8_0_stream_ap_uint_8_0_prevCostL_3            |   in|   12|     ap_none|     sgm_kernel_stream_stream_ap_uint_8_0_stream_ap_uint_8_0_prevCostL_3|       pointer|
|sgm_kernel_stream_stream_ap_uint_8_0_stream_ap_uint_8_0_prevCostL_1            |   in|   12|     ap_none|     sgm_kernel_stream_stream_ap_uint_8_0_stream_ap_uint_8_0_prevCostL_1|       pointer|
|p_ZZ10sgm_kernelRN3hls6streamI7ap_uintILi8EELi0EEES4_S4_E9prevCostL_10         |   in|   12|     ap_none|  p_ZZ10sgm_kernelRN3hls6streamI7ap_uintILi8EELi0EEES4_S4_E9prevCostL_10|       pointer|
|p_ZZ10sgm_kernelRN3hls6streamI7ap_uintILi8EELi0EEES4_S4_E9prevCostL_12         |   in|   12|     ap_none|  p_ZZ10sgm_kernelRN3hls6streamI7ap_uintILi8EELi0EEES4_S4_E9prevCostL_12|       pointer|
|p_ZZ10sgm_kernelRN3hls6streamI7ap_uintILi8EELi0EEES4_S4_E9prevCostL_14         |   in|   12|     ap_none|  p_ZZ10sgm_kernelRN3hls6streamI7ap_uintILi8EELi0EEES4_S4_E9prevCostL_14|       pointer|
|p_ZZ10sgm_kernelRN3hls6streamI7ap_uintILi8EELi0EEES4_S4_E9prevCostL_16         |   in|   12|     ap_none|  p_ZZ10sgm_kernelRN3hls6streamI7ap_uintILi8EELi0EEES4_S4_E9prevCostL_16|       pointer|
|p_ZZ10sgm_kernelRN3hls6streamI7ap_uintILi8EELi0EEES4_S4_E9prevCostL_18         |   in|   12|     ap_none|  p_ZZ10sgm_kernelRN3hls6streamI7ap_uintILi8EELi0EEES4_S4_E9prevCostL_18|       pointer|
|p_ZZ10sgm_kernelRN3hls6streamI7ap_uintILi8EELi0EEES4_S4_E9prevCostL_20         |   in|   12|     ap_none|  p_ZZ10sgm_kernelRN3hls6streamI7ap_uintILi8EELi0EEES4_S4_E9prevCostL_20|       pointer|
|p_ZZ10sgm_kernelRN3hls6streamI7ap_uintILi8EELi0EEES4_S4_E9prevCostL_22         |   in|   12|     ap_none|  p_ZZ10sgm_kernelRN3hls6streamI7ap_uintILi8EELi0EEES4_S4_E9prevCostL_22|       pointer|
|p_ZZ10sgm_kernelRN3hls6streamI7ap_uintILi8EELi0EEES4_S4_E9prevCostL_24         |   in|   12|     ap_none|  p_ZZ10sgm_kernelRN3hls6streamI7ap_uintILi8EELi0EEES4_S4_E9prevCostL_24|       pointer|
|p_ZZ10sgm_kernelRN3hls6streamI7ap_uintILi8EELi0EEES4_S4_E9prevCostL_26         |   in|   12|     ap_none|  p_ZZ10sgm_kernelRN3hls6streamI7ap_uintILi8EELi0EEES4_S4_E9prevCostL_26|       pointer|
|p_ZZ10sgm_kernelRN3hls6streamI7ap_uintILi8EELi0EEES4_S4_E9prevCostL_28         |   in|   12|     ap_none|  p_ZZ10sgm_kernelRN3hls6streamI7ap_uintILi8EELi0EEES4_S4_E9prevCostL_28|       pointer|
|p_ZZ10sgm_kernelRN3hls6streamI7ap_uintILi8EELi0EEES4_S4_E9prevCostL_30         |   in|   12|     ap_none|  p_ZZ10sgm_kernelRN3hls6streamI7ap_uintILi8EELi0EEES4_S4_E9prevCostL_30|       pointer|
|sgm_kernel_stream_stream_ap_uint_8_0_stream_ap_uint_8_0_prevCostL_8            |   in|   12|     ap_none|     sgm_kernel_stream_stream_ap_uint_8_0_stream_ap_uint_8_0_prevCostL_8|       pointer|
|sgm_kernel_stream_stream_ap_uint_8_0_stream_ap_uint_8_0_prevCostL_6            |   in|   12|     ap_none|     sgm_kernel_stream_stream_ap_uint_8_0_stream_ap_uint_8_0_prevCostL_6|       pointer|
|sgm_kernel_stream_stream_ap_uint_8_0_stream_ap_uint_8_0_prevCostL_4            |   in|   12|     ap_none|     sgm_kernel_stream_stream_ap_uint_8_0_stream_ap_uint_8_0_prevCostL_4|       pointer|
|sgm_kernel_stream_stream_ap_uint_8_0_stream_ap_uint_8_0_prevCostL_2            |   in|   12|     ap_none|     sgm_kernel_stream_stream_ap_uint_8_0_stream_ap_uint_8_0_prevCostL_2|       pointer|
|sgm_kernel_stream_stream_ap_uint_8_0_stream_ap_uint_8_0_prevCostL              |   in|   12|     ap_none|       sgm_kernel_stream_stream_ap_uint_8_0_stream_ap_uint_8_0_prevCostL|       pointer|
|p_ZZ10sgm_kernelRN3hls6streamI7ap_uintILi8EELi0EEES4_S4_E9prevCostL_11         |   in|   12|     ap_none|  p_ZZ10sgm_kernelRN3hls6streamI7ap_uintILi8EELi0EEES4_S4_E9prevCostL_11|       pointer|
|p_ZZ10sgm_kernelRN3hls6streamI7ap_uintILi8EELi0EEES4_S4_E9prevCostL_13         |   in|   12|     ap_none|  p_ZZ10sgm_kernelRN3hls6streamI7ap_uintILi8EELi0EEES4_S4_E9prevCostL_13|       pointer|
|p_ZZ10sgm_kernelRN3hls6streamI7ap_uintILi8EELi0EEES4_S4_E9prevCostL_15         |   in|   12|     ap_none|  p_ZZ10sgm_kernelRN3hls6streamI7ap_uintILi8EELi0EEES4_S4_E9prevCostL_15|       pointer|
|p_ZZ10sgm_kernelRN3hls6streamI7ap_uintILi8EELi0EEES4_S4_E9prevCostL_17         |   in|   12|     ap_none|  p_ZZ10sgm_kernelRN3hls6streamI7ap_uintILi8EELi0EEES4_S4_E9prevCostL_17|       pointer|
|p_ZZ10sgm_kernelRN3hls6streamI7ap_uintILi8EELi0EEES4_S4_E9prevCostL_19         |   in|   12|     ap_none|  p_ZZ10sgm_kernelRN3hls6streamI7ap_uintILi8EELi0EEES4_S4_E9prevCostL_19|       pointer|
|p_ZZ10sgm_kernelRN3hls6streamI7ap_uintILi8EELi0EEES4_S4_E9prevCostL_21         |   in|   12|     ap_none|  p_ZZ10sgm_kernelRN3hls6streamI7ap_uintILi8EELi0EEES4_S4_E9prevCostL_21|       pointer|
|p_ZZ10sgm_kernelRN3hls6streamI7ap_uintILi8EELi0EEES4_S4_E9prevCostL_23         |   in|   12|     ap_none|  p_ZZ10sgm_kernelRN3hls6streamI7ap_uintILi8EELi0EEES4_S4_E9prevCostL_23|       pointer|
|p_ZZ10sgm_kernelRN3hls6streamI7ap_uintILi8EELi0EEES4_S4_E9prevCostL_25         |   in|   12|     ap_none|  p_ZZ10sgm_kernelRN3hls6streamI7ap_uintILi8EELi0EEES4_S4_E9prevCostL_25|       pointer|
|p_ZZ10sgm_kernelRN3hls6streamI7ap_uintILi8EELi0EEES4_S4_E9prevCostL_27         |   in|   12|     ap_none|  p_ZZ10sgm_kernelRN3hls6streamI7ap_uintILi8EELi0EEES4_S4_E9prevCostL_27|       pointer|
|p_ZZ10sgm_kernelRN3hls6streamI7ap_uintILi8EELi0EEES4_S4_E9prevCostL_29         |   in|   12|     ap_none|  p_ZZ10sgm_kernelRN3hls6streamI7ap_uintILi8EELi0EEES4_S4_E9prevCostL_29|       pointer|
|p_ZZ10sgm_kernelRN3hls6streamI7ap_uintILi8EELi0EEES4_S4_E9prevCostL_31         |   in|   12|     ap_none|  p_ZZ10sgm_kernelRN3hls6streamI7ap_uintILi8EELi0EEES4_S4_E9prevCostL_31|       pointer|
|sgm_kernel_stream_stream_ap_uint_8_0_stream_ap_uint_8_0_curCost_9              |   in|   12|     ap_none|       sgm_kernel_stream_stream_ap_uint_8_0_stream_ap_uint_8_0_curCost_9|       pointer|
|sgm_kernel_stream_stream_ap_uint_8_0_stream_ap_uint_8_0_curCost_7              |   in|   12|     ap_none|       sgm_kernel_stream_stream_ap_uint_8_0_stream_ap_uint_8_0_curCost_7|       pointer|
|sgm_kernel_stream_stream_ap_uint_8_0_stream_ap_uint_8_0_curCost_5              |   in|   12|     ap_none|       sgm_kernel_stream_stream_ap_uint_8_0_stream_ap_uint_8_0_curCost_5|       pointer|
|sgm_kernel_stream_stream_ap_uint_8_0_stream_ap_uint_8_0_curCost_3              |   in|   12|     ap_none|       sgm_kernel_stream_stream_ap_uint_8_0_stream_ap_uint_8_0_curCost_3|       pointer|
|sgm_kernel_stream_stream_ap_uint_8_0_stream_ap_uint_8_0_curCost_1              |   in|   12|     ap_none|       sgm_kernel_stream_stream_ap_uint_8_0_stream_ap_uint_8_0_curCost_1|       pointer|
|p_ZZ10sgm_kernelRN3hls6streamI7ap_uintILi8EELi0EEES4_S4_E7curCost_10           |   in|   12|     ap_none|    p_ZZ10sgm_kernelRN3hls6streamI7ap_uintILi8EELi0EEES4_S4_E7curCost_10|       pointer|
|p_ZZ10sgm_kernelRN3hls6streamI7ap_uintILi8EELi0EEES4_S4_E7curCost_12           |   in|   12|     ap_none|    p_ZZ10sgm_kernelRN3hls6streamI7ap_uintILi8EELi0EEES4_S4_E7curCost_12|       pointer|
|p_ZZ10sgm_kernelRN3hls6streamI7ap_uintILi8EELi0EEES4_S4_E7curCost_14           |   in|   12|     ap_none|    p_ZZ10sgm_kernelRN3hls6streamI7ap_uintILi8EELi0EEES4_S4_E7curCost_14|       pointer|
|p_ZZ10sgm_kernelRN3hls6streamI7ap_uintILi8EELi0EEES4_S4_E7curCost_16           |   in|   12|     ap_none|    p_ZZ10sgm_kernelRN3hls6streamI7ap_uintILi8EELi0EEES4_S4_E7curCost_16|       pointer|
|p_ZZ10sgm_kernelRN3hls6streamI7ap_uintILi8EELi0EEES4_S4_E7curCost_18           |   in|   12|     ap_none|    p_ZZ10sgm_kernelRN3hls6streamI7ap_uintILi8EELi0EEES4_S4_E7curCost_18|       pointer|
|p_ZZ10sgm_kernelRN3hls6streamI7ap_uintILi8EELi0EEES4_S4_E7curCost_20           |   in|   12|     ap_none|    p_ZZ10sgm_kernelRN3hls6streamI7ap_uintILi8EELi0EEES4_S4_E7curCost_20|       pointer|
|p_ZZ10sgm_kernelRN3hls6streamI7ap_uintILi8EELi0EEES4_S4_E7curCost_22           |   in|   12|     ap_none|    p_ZZ10sgm_kernelRN3hls6streamI7ap_uintILi8EELi0EEES4_S4_E7curCost_22|       pointer|
|p_ZZ10sgm_kernelRN3hls6streamI7ap_uintILi8EELi0EEES4_S4_E7curCost_24           |   in|   12|     ap_none|    p_ZZ10sgm_kernelRN3hls6streamI7ap_uintILi8EELi0EEES4_S4_E7curCost_24|       pointer|
|p_ZZ10sgm_kernelRN3hls6streamI7ap_uintILi8EELi0EEES4_S4_E7curCost_26           |   in|   12|     ap_none|    p_ZZ10sgm_kernelRN3hls6streamI7ap_uintILi8EELi0EEES4_S4_E7curCost_26|       pointer|
|p_ZZ10sgm_kernelRN3hls6streamI7ap_uintILi8EELi0EEES4_S4_E7curCost_28           |   in|   12|     ap_none|    p_ZZ10sgm_kernelRN3hls6streamI7ap_uintILi8EELi0EEES4_S4_E7curCost_28|       pointer|
|p_ZZ10sgm_kernelRN3hls6streamI7ap_uintILi8EELi0EEES4_S4_E7curCost_30           |   in|   12|     ap_none|    p_ZZ10sgm_kernelRN3hls6streamI7ap_uintILi8EELi0EEES4_S4_E7curCost_30|       pointer|
|sgm_kernel_stream_stream_ap_uint_8_0_stream_ap_uint_8_0_curCost_8              |   in|   12|     ap_none|       sgm_kernel_stream_stream_ap_uint_8_0_stream_ap_uint_8_0_curCost_8|       pointer|
|sgm_kernel_stream_stream_ap_uint_8_0_stream_ap_uint_8_0_curCost_6              |   in|   12|     ap_none|       sgm_kernel_stream_stream_ap_uint_8_0_stream_ap_uint_8_0_curCost_6|       pointer|
|sgm_kernel_stream_stream_ap_uint_8_0_stream_ap_uint_8_0_curCost_4              |   in|   12|     ap_none|       sgm_kernel_stream_stream_ap_uint_8_0_stream_ap_uint_8_0_curCost_4|       pointer|
|sgm_kernel_stream_stream_ap_uint_8_0_stream_ap_uint_8_0_curCost_2              |   in|   12|     ap_none|       sgm_kernel_stream_stream_ap_uint_8_0_stream_ap_uint_8_0_curCost_2|       pointer|
|sgm_kernel_stream_stream_ap_uint_8_0_stream_ap_uint_8_0_curCost                |   in|   12|     ap_none|         sgm_kernel_stream_stream_ap_uint_8_0_stream_ap_uint_8_0_curCost|       pointer|
|p_ZZ10sgm_kernelRN3hls6streamI7ap_uintILi8EELi0EEES4_S4_E7curCost_11           |   in|   12|     ap_none|    p_ZZ10sgm_kernelRN3hls6streamI7ap_uintILi8EELi0EEES4_S4_E7curCost_11|       pointer|
|p_ZZ10sgm_kernelRN3hls6streamI7ap_uintILi8EELi0EEES4_S4_E7curCost_13           |   in|   12|     ap_none|    p_ZZ10sgm_kernelRN3hls6streamI7ap_uintILi8EELi0EEES4_S4_E7curCost_13|       pointer|
|p_ZZ10sgm_kernelRN3hls6streamI7ap_uintILi8EELi0EEES4_S4_E7curCost_15           |   in|   12|     ap_none|    p_ZZ10sgm_kernelRN3hls6streamI7ap_uintILi8EELi0EEES4_S4_E7curCost_15|       pointer|
|p_ZZ10sgm_kernelRN3hls6streamI7ap_uintILi8EELi0EEES4_S4_E7curCost_17           |   in|   12|     ap_none|    p_ZZ10sgm_kernelRN3hls6streamI7ap_uintILi8EELi0EEES4_S4_E7curCost_17|       pointer|
|p_ZZ10sgm_kernelRN3hls6streamI7ap_uintILi8EELi0EEES4_S4_E7curCost_19           |   in|   12|     ap_none|    p_ZZ10sgm_kernelRN3hls6streamI7ap_uintILi8EELi0EEES4_S4_E7curCost_19|       pointer|
|p_ZZ10sgm_kernelRN3hls6streamI7ap_uintILi8EELi0EEES4_S4_E7curCost_21           |   in|   12|     ap_none|    p_ZZ10sgm_kernelRN3hls6streamI7ap_uintILi8EELi0EEES4_S4_E7curCost_21|       pointer|
|p_ZZ10sgm_kernelRN3hls6streamI7ap_uintILi8EELi0EEES4_S4_E7curCost_23           |   in|   12|     ap_none|    p_ZZ10sgm_kernelRN3hls6streamI7ap_uintILi8EELi0EEES4_S4_E7curCost_23|       pointer|
|p_ZZ10sgm_kernelRN3hls6streamI7ap_uintILi8EELi0EEES4_S4_E7curCost_25           |   in|   12|     ap_none|    p_ZZ10sgm_kernelRN3hls6streamI7ap_uintILi8EELi0EEES4_S4_E7curCost_25|       pointer|
|p_ZZ10sgm_kernelRN3hls6streamI7ap_uintILi8EELi0EEES4_S4_E7curCost_27           |   in|   12|     ap_none|    p_ZZ10sgm_kernelRN3hls6streamI7ap_uintILi8EELi0EEES4_S4_E7curCost_27|       pointer|
|p_ZZ10sgm_kernelRN3hls6streamI7ap_uintILi8EELi0EEES4_S4_E7curCost_29           |   in|   12|     ap_none|    p_ZZ10sgm_kernelRN3hls6streamI7ap_uintILi8EELi0EEES4_S4_E7curCost_29|       pointer|
|p_ZZ10sgm_kernelRN3hls6streamI7ap_uintILi8EELi0EEES4_S4_E7curCost_31           |   in|   12|     ap_none|    p_ZZ10sgm_kernelRN3hls6streamI7ap_uintILi8EELi0EEES4_S4_E7curCost_31|       pointer|
|sgm_kernel_stream_stream_ap_uint_8_0_stream_ap_uint_8_0_aggLR_arr_8            |  out|   12|      ap_vld|     sgm_kernel_stream_stream_ap_uint_8_0_stream_ap_uint_8_0_aggLR_arr_8|       pointer|
|sgm_kernel_stream_stream_ap_uint_8_0_stream_ap_uint_8_0_aggLR_arr_8_ap_vld     |  out|    1|      ap_vld|     sgm_kernel_stream_stream_ap_uint_8_0_stream_ap_uint_8_0_aggLR_arr_8|       pointer|
|sgm_kernel_stream_stream_ap_uint_8_0_stream_ap_uint_8_0_aggTB_arr_8            |  out|   12|      ap_vld|     sgm_kernel_stream_stream_ap_uint_8_0_stream_ap_uint_8_0_aggTB_arr_8|       pointer|
|sgm_kernel_stream_stream_ap_uint_8_0_stream_ap_uint_8_0_aggTB_arr_8_ap_vld     |  out|    1|      ap_vld|     sgm_kernel_stream_stream_ap_uint_8_0_stream_ap_uint_8_0_aggTB_arr_8|       pointer|
|sgm_kernel_stream_stream_ap_uint_8_0_stream_ap_uint_8_0_aggLR_arr_9            |  out|   12|      ap_vld|     sgm_kernel_stream_stream_ap_uint_8_0_stream_ap_uint_8_0_aggLR_arr_9|       pointer|
|sgm_kernel_stream_stream_ap_uint_8_0_stream_ap_uint_8_0_aggLR_arr_9_ap_vld     |  out|    1|      ap_vld|     sgm_kernel_stream_stream_ap_uint_8_0_stream_ap_uint_8_0_aggLR_arr_9|       pointer|
|sgm_kernel_stream_stream_ap_uint_8_0_stream_ap_uint_8_0_aggTB_arr_9            |  out|   12|      ap_vld|     sgm_kernel_stream_stream_ap_uint_8_0_stream_ap_uint_8_0_aggTB_arr_9|       pointer|
|sgm_kernel_stream_stream_ap_uint_8_0_stream_ap_uint_8_0_aggTB_arr_9_ap_vld     |  out|    1|      ap_vld|     sgm_kernel_stream_stream_ap_uint_8_0_stream_ap_uint_8_0_aggTB_arr_9|       pointer|
|sgm_kernel_stream_stream_ap_uint_8_0_stream_ap_uint_8_0_aggLR_arr_7            |  out|   12|      ap_vld|     sgm_kernel_stream_stream_ap_uint_8_0_stream_ap_uint_8_0_aggLR_arr_7|       pointer|
|sgm_kernel_stream_stream_ap_uint_8_0_stream_ap_uint_8_0_aggLR_arr_7_ap_vld     |  out|    1|      ap_vld|     sgm_kernel_stream_stream_ap_uint_8_0_stream_ap_uint_8_0_aggLR_arr_7|       pointer|
|sgm_kernel_stream_stream_ap_uint_8_0_stream_ap_uint_8_0_aggTB_arr_7            |  out|   12|      ap_vld|     sgm_kernel_stream_stream_ap_uint_8_0_stream_ap_uint_8_0_aggTB_arr_7|       pointer|
|sgm_kernel_stream_stream_ap_uint_8_0_stream_ap_uint_8_0_aggTB_arr_7_ap_vld     |  out|    1|      ap_vld|     sgm_kernel_stream_stream_ap_uint_8_0_stream_ap_uint_8_0_aggTB_arr_7|       pointer|
|sgm_kernel_stream_stream_ap_uint_8_0_stream_ap_uint_8_0_aggLR_arr_5            |  out|   12|      ap_vld|     sgm_kernel_stream_stream_ap_uint_8_0_stream_ap_uint_8_0_aggLR_arr_5|       pointer|
|sgm_kernel_stream_stream_ap_uint_8_0_stream_ap_uint_8_0_aggLR_arr_5_ap_vld     |  out|    1|      ap_vld|     sgm_kernel_stream_stream_ap_uint_8_0_stream_ap_uint_8_0_aggLR_arr_5|       pointer|
|sgm_kernel_stream_stream_ap_uint_8_0_stream_ap_uint_8_0_aggTB_arr_5            |  out|   12|      ap_vld|     sgm_kernel_stream_stream_ap_uint_8_0_stream_ap_uint_8_0_aggTB_arr_5|       pointer|
|sgm_kernel_stream_stream_ap_uint_8_0_stream_ap_uint_8_0_aggTB_arr_5_ap_vld     |  out|    1|      ap_vld|     sgm_kernel_stream_stream_ap_uint_8_0_stream_ap_uint_8_0_aggTB_arr_5|       pointer|
|sgm_kernel_stream_stream_ap_uint_8_0_stream_ap_uint_8_0_aggLR_arr_3            |  out|   12|      ap_vld|     sgm_kernel_stream_stream_ap_uint_8_0_stream_ap_uint_8_0_aggLR_arr_3|       pointer|
|sgm_kernel_stream_stream_ap_uint_8_0_stream_ap_uint_8_0_aggLR_arr_3_ap_vld     |  out|    1|      ap_vld|     sgm_kernel_stream_stream_ap_uint_8_0_stream_ap_uint_8_0_aggLR_arr_3|       pointer|
|sgm_kernel_stream_stream_ap_uint_8_0_stream_ap_uint_8_0_aggTB_arr_3            |  out|   12|      ap_vld|     sgm_kernel_stream_stream_ap_uint_8_0_stream_ap_uint_8_0_aggTB_arr_3|       pointer|
|sgm_kernel_stream_stream_ap_uint_8_0_stream_ap_uint_8_0_aggTB_arr_3_ap_vld     |  out|    1|      ap_vld|     sgm_kernel_stream_stream_ap_uint_8_0_stream_ap_uint_8_0_aggTB_arr_3|       pointer|
|sgm_kernel_stream_stream_ap_uint_8_0_stream_ap_uint_8_0_aggLR_arr_1            |  out|   12|      ap_vld|     sgm_kernel_stream_stream_ap_uint_8_0_stream_ap_uint_8_0_aggLR_arr_1|       pointer|
|sgm_kernel_stream_stream_ap_uint_8_0_stream_ap_uint_8_0_aggLR_arr_1_ap_vld     |  out|    1|      ap_vld|     sgm_kernel_stream_stream_ap_uint_8_0_stream_ap_uint_8_0_aggLR_arr_1|       pointer|
|sgm_kernel_stream_stream_ap_uint_8_0_stream_ap_uint_8_0_aggTB_arr_1            |  out|   12|      ap_vld|     sgm_kernel_stream_stream_ap_uint_8_0_stream_ap_uint_8_0_aggTB_arr_1|       pointer|
|sgm_kernel_stream_stream_ap_uint_8_0_stream_ap_uint_8_0_aggTB_arr_1_ap_vld     |  out|    1|      ap_vld|     sgm_kernel_stream_stream_ap_uint_8_0_stream_ap_uint_8_0_aggTB_arr_1|       pointer|
|p_ZZ10sgm_kernelRN3hls6streamI7ap_uintILi8EELi0EEES4_S4_E9aggLR_arr_10         |  out|   12|      ap_vld|  p_ZZ10sgm_kernelRN3hls6streamI7ap_uintILi8EELi0EEES4_S4_E9aggLR_arr_10|       pointer|
|p_ZZ10sgm_kernelRN3hls6streamI7ap_uintILi8EELi0EEES4_S4_E9aggLR_arr_10_ap_vld  |  out|    1|      ap_vld|  p_ZZ10sgm_kernelRN3hls6streamI7ap_uintILi8EELi0EEES4_S4_E9aggLR_arr_10|       pointer|
|p_ZZ10sgm_kernelRN3hls6streamI7ap_uintILi8EELi0EEES4_S4_E9aggTB_arr_10         |  out|   12|      ap_vld|  p_ZZ10sgm_kernelRN3hls6streamI7ap_uintILi8EELi0EEES4_S4_E9aggTB_arr_10|       pointer|
|p_ZZ10sgm_kernelRN3hls6streamI7ap_uintILi8EELi0EEES4_S4_E9aggTB_arr_10_ap_vld  |  out|    1|      ap_vld|  p_ZZ10sgm_kernelRN3hls6streamI7ap_uintILi8EELi0EEES4_S4_E9aggTB_arr_10|       pointer|
|p_ZZ10sgm_kernelRN3hls6streamI7ap_uintILi8EELi0EEES4_S4_E9aggLR_arr_12         |  out|   12|      ap_vld|  p_ZZ10sgm_kernelRN3hls6streamI7ap_uintILi8EELi0EEES4_S4_E9aggLR_arr_12|       pointer|
|p_ZZ10sgm_kernelRN3hls6streamI7ap_uintILi8EELi0EEES4_S4_E9aggLR_arr_12_ap_vld  |  out|    1|      ap_vld|  p_ZZ10sgm_kernelRN3hls6streamI7ap_uintILi8EELi0EEES4_S4_E9aggLR_arr_12|       pointer|
|p_ZZ10sgm_kernelRN3hls6streamI7ap_uintILi8EELi0EEES4_S4_E9aggTB_arr_12         |  out|   12|      ap_vld|  p_ZZ10sgm_kernelRN3hls6streamI7ap_uintILi8EELi0EEES4_S4_E9aggTB_arr_12|       pointer|
|p_ZZ10sgm_kernelRN3hls6streamI7ap_uintILi8EELi0EEES4_S4_E9aggTB_arr_12_ap_vld  |  out|    1|      ap_vld|  p_ZZ10sgm_kernelRN3hls6streamI7ap_uintILi8EELi0EEES4_S4_E9aggTB_arr_12|       pointer|
|p_ZZ10sgm_kernelRN3hls6streamI7ap_uintILi8EELi0EEES4_S4_E9aggLR_arr_14         |  out|   12|      ap_vld|  p_ZZ10sgm_kernelRN3hls6streamI7ap_uintILi8EELi0EEES4_S4_E9aggLR_arr_14|       pointer|
|p_ZZ10sgm_kernelRN3hls6streamI7ap_uintILi8EELi0EEES4_S4_E9aggLR_arr_14_ap_vld  |  out|    1|      ap_vld|  p_ZZ10sgm_kernelRN3hls6streamI7ap_uintILi8EELi0EEES4_S4_E9aggLR_arr_14|       pointer|
|p_ZZ10sgm_kernelRN3hls6streamI7ap_uintILi8EELi0EEES4_S4_E9aggTB_arr_14         |  out|   12|      ap_vld|  p_ZZ10sgm_kernelRN3hls6streamI7ap_uintILi8EELi0EEES4_S4_E9aggTB_arr_14|       pointer|
|p_ZZ10sgm_kernelRN3hls6streamI7ap_uintILi8EELi0EEES4_S4_E9aggTB_arr_14_ap_vld  |  out|    1|      ap_vld|  p_ZZ10sgm_kernelRN3hls6streamI7ap_uintILi8EELi0EEES4_S4_E9aggTB_arr_14|       pointer|
|p_ZZ10sgm_kernelRN3hls6streamI7ap_uintILi8EELi0EEES4_S4_E9aggLR_arr_16         |  out|   12|      ap_vld|  p_ZZ10sgm_kernelRN3hls6streamI7ap_uintILi8EELi0EEES4_S4_E9aggLR_arr_16|       pointer|
|p_ZZ10sgm_kernelRN3hls6streamI7ap_uintILi8EELi0EEES4_S4_E9aggLR_arr_16_ap_vld  |  out|    1|      ap_vld|  p_ZZ10sgm_kernelRN3hls6streamI7ap_uintILi8EELi0EEES4_S4_E9aggLR_arr_16|       pointer|
|p_ZZ10sgm_kernelRN3hls6streamI7ap_uintILi8EELi0EEES4_S4_E9aggTB_arr_16         |  out|   12|      ap_vld|  p_ZZ10sgm_kernelRN3hls6streamI7ap_uintILi8EELi0EEES4_S4_E9aggTB_arr_16|       pointer|
|p_ZZ10sgm_kernelRN3hls6streamI7ap_uintILi8EELi0EEES4_S4_E9aggTB_arr_16_ap_vld  |  out|    1|      ap_vld|  p_ZZ10sgm_kernelRN3hls6streamI7ap_uintILi8EELi0EEES4_S4_E9aggTB_arr_16|       pointer|
|p_ZZ10sgm_kernelRN3hls6streamI7ap_uintILi8EELi0EEES4_S4_E9aggLR_arr_18         |  out|   12|      ap_vld|  p_ZZ10sgm_kernelRN3hls6streamI7ap_uintILi8EELi0EEES4_S4_E9aggLR_arr_18|       pointer|
|p_ZZ10sgm_kernelRN3hls6streamI7ap_uintILi8EELi0EEES4_S4_E9aggLR_arr_18_ap_vld  |  out|    1|      ap_vld|  p_ZZ10sgm_kernelRN3hls6streamI7ap_uintILi8EELi0EEES4_S4_E9aggLR_arr_18|       pointer|
|p_ZZ10sgm_kernelRN3hls6streamI7ap_uintILi8EELi0EEES4_S4_E9aggTB_arr_18         |  out|   12|      ap_vld|  p_ZZ10sgm_kernelRN3hls6streamI7ap_uintILi8EELi0EEES4_S4_E9aggTB_arr_18|       pointer|
|p_ZZ10sgm_kernelRN3hls6streamI7ap_uintILi8EELi0EEES4_S4_E9aggTB_arr_18_ap_vld  |  out|    1|      ap_vld|  p_ZZ10sgm_kernelRN3hls6streamI7ap_uintILi8EELi0EEES4_S4_E9aggTB_arr_18|       pointer|
|p_ZZ10sgm_kernelRN3hls6streamI7ap_uintILi8EELi0EEES4_S4_E9aggLR_arr_20         |  out|   12|      ap_vld|  p_ZZ10sgm_kernelRN3hls6streamI7ap_uintILi8EELi0EEES4_S4_E9aggLR_arr_20|       pointer|
|p_ZZ10sgm_kernelRN3hls6streamI7ap_uintILi8EELi0EEES4_S4_E9aggLR_arr_20_ap_vld  |  out|    1|      ap_vld|  p_ZZ10sgm_kernelRN3hls6streamI7ap_uintILi8EELi0EEES4_S4_E9aggLR_arr_20|       pointer|
|p_ZZ10sgm_kernelRN3hls6streamI7ap_uintILi8EELi0EEES4_S4_E9aggTB_arr_20         |  out|   12|      ap_vld|  p_ZZ10sgm_kernelRN3hls6streamI7ap_uintILi8EELi0EEES4_S4_E9aggTB_arr_20|       pointer|
|p_ZZ10sgm_kernelRN3hls6streamI7ap_uintILi8EELi0EEES4_S4_E9aggTB_arr_20_ap_vld  |  out|    1|      ap_vld|  p_ZZ10sgm_kernelRN3hls6streamI7ap_uintILi8EELi0EEES4_S4_E9aggTB_arr_20|       pointer|
|p_ZZ10sgm_kernelRN3hls6streamI7ap_uintILi8EELi0EEES4_S4_E9aggLR_arr_22         |  out|   12|      ap_vld|  p_ZZ10sgm_kernelRN3hls6streamI7ap_uintILi8EELi0EEES4_S4_E9aggLR_arr_22|       pointer|
|p_ZZ10sgm_kernelRN3hls6streamI7ap_uintILi8EELi0EEES4_S4_E9aggLR_arr_22_ap_vld  |  out|    1|      ap_vld|  p_ZZ10sgm_kernelRN3hls6streamI7ap_uintILi8EELi0EEES4_S4_E9aggLR_arr_22|       pointer|
|p_ZZ10sgm_kernelRN3hls6streamI7ap_uintILi8EELi0EEES4_S4_E9aggTB_arr_22         |  out|   12|      ap_vld|  p_ZZ10sgm_kernelRN3hls6streamI7ap_uintILi8EELi0EEES4_S4_E9aggTB_arr_22|       pointer|
|p_ZZ10sgm_kernelRN3hls6streamI7ap_uintILi8EELi0EEES4_S4_E9aggTB_arr_22_ap_vld  |  out|    1|      ap_vld|  p_ZZ10sgm_kernelRN3hls6streamI7ap_uintILi8EELi0EEES4_S4_E9aggTB_arr_22|       pointer|
|p_ZZ10sgm_kernelRN3hls6streamI7ap_uintILi8EELi0EEES4_S4_E9aggLR_arr_24         |  out|   12|      ap_vld|  p_ZZ10sgm_kernelRN3hls6streamI7ap_uintILi8EELi0EEES4_S4_E9aggLR_arr_24|       pointer|
|p_ZZ10sgm_kernelRN3hls6streamI7ap_uintILi8EELi0EEES4_S4_E9aggLR_arr_24_ap_vld  |  out|    1|      ap_vld|  p_ZZ10sgm_kernelRN3hls6streamI7ap_uintILi8EELi0EEES4_S4_E9aggLR_arr_24|       pointer|
|p_ZZ10sgm_kernelRN3hls6streamI7ap_uintILi8EELi0EEES4_S4_E9aggTB_arr_24         |  out|   12|      ap_vld|  p_ZZ10sgm_kernelRN3hls6streamI7ap_uintILi8EELi0EEES4_S4_E9aggTB_arr_24|       pointer|
|p_ZZ10sgm_kernelRN3hls6streamI7ap_uintILi8EELi0EEES4_S4_E9aggTB_arr_24_ap_vld  |  out|    1|      ap_vld|  p_ZZ10sgm_kernelRN3hls6streamI7ap_uintILi8EELi0EEES4_S4_E9aggTB_arr_24|       pointer|
|p_ZZ10sgm_kernelRN3hls6streamI7ap_uintILi8EELi0EEES4_S4_E9aggLR_arr_26         |  out|   12|      ap_vld|  p_ZZ10sgm_kernelRN3hls6streamI7ap_uintILi8EELi0EEES4_S4_E9aggLR_arr_26|       pointer|
|p_ZZ10sgm_kernelRN3hls6streamI7ap_uintILi8EELi0EEES4_S4_E9aggLR_arr_26_ap_vld  |  out|    1|      ap_vld|  p_ZZ10sgm_kernelRN3hls6streamI7ap_uintILi8EELi0EEES4_S4_E9aggLR_arr_26|       pointer|
|p_ZZ10sgm_kernelRN3hls6streamI7ap_uintILi8EELi0EEES4_S4_E9aggTB_arr_26         |  out|   12|      ap_vld|  p_ZZ10sgm_kernelRN3hls6streamI7ap_uintILi8EELi0EEES4_S4_E9aggTB_arr_26|       pointer|
|p_ZZ10sgm_kernelRN3hls6streamI7ap_uintILi8EELi0EEES4_S4_E9aggTB_arr_26_ap_vld  |  out|    1|      ap_vld|  p_ZZ10sgm_kernelRN3hls6streamI7ap_uintILi8EELi0EEES4_S4_E9aggTB_arr_26|       pointer|
|p_ZZ10sgm_kernelRN3hls6streamI7ap_uintILi8EELi0EEES4_S4_E9aggLR_arr_28         |  out|   12|      ap_vld|  p_ZZ10sgm_kernelRN3hls6streamI7ap_uintILi8EELi0EEES4_S4_E9aggLR_arr_28|       pointer|
|p_ZZ10sgm_kernelRN3hls6streamI7ap_uintILi8EELi0EEES4_S4_E9aggLR_arr_28_ap_vld  |  out|    1|      ap_vld|  p_ZZ10sgm_kernelRN3hls6streamI7ap_uintILi8EELi0EEES4_S4_E9aggLR_arr_28|       pointer|
|p_ZZ10sgm_kernelRN3hls6streamI7ap_uintILi8EELi0EEES4_S4_E9aggTB_arr_28         |  out|   12|      ap_vld|  p_ZZ10sgm_kernelRN3hls6streamI7ap_uintILi8EELi0EEES4_S4_E9aggTB_arr_28|       pointer|
|p_ZZ10sgm_kernelRN3hls6streamI7ap_uintILi8EELi0EEES4_S4_E9aggTB_arr_28_ap_vld  |  out|    1|      ap_vld|  p_ZZ10sgm_kernelRN3hls6streamI7ap_uintILi8EELi0EEES4_S4_E9aggTB_arr_28|       pointer|
|p_ZZ10sgm_kernelRN3hls6streamI7ap_uintILi8EELi0EEES4_S4_E9aggLR_arr_30         |  out|   12|      ap_vld|  p_ZZ10sgm_kernelRN3hls6streamI7ap_uintILi8EELi0EEES4_S4_E9aggLR_arr_30|       pointer|
|p_ZZ10sgm_kernelRN3hls6streamI7ap_uintILi8EELi0EEES4_S4_E9aggLR_arr_30_ap_vld  |  out|    1|      ap_vld|  p_ZZ10sgm_kernelRN3hls6streamI7ap_uintILi8EELi0EEES4_S4_E9aggLR_arr_30|       pointer|
|p_ZZ10sgm_kernelRN3hls6streamI7ap_uintILi8EELi0EEES4_S4_E9aggTB_arr_30         |  out|   12|      ap_vld|  p_ZZ10sgm_kernelRN3hls6streamI7ap_uintILi8EELi0EEES4_S4_E9aggTB_arr_30|       pointer|
|p_ZZ10sgm_kernelRN3hls6streamI7ap_uintILi8EELi0EEES4_S4_E9aggTB_arr_30_ap_vld  |  out|    1|      ap_vld|  p_ZZ10sgm_kernelRN3hls6streamI7ap_uintILi8EELi0EEES4_S4_E9aggTB_arr_30|       pointer|
|sgm_kernel_stream_stream_ap_uint_8_0_stream_ap_uint_8_0_aggLR_arr_6            |  out|   12|      ap_vld|     sgm_kernel_stream_stream_ap_uint_8_0_stream_ap_uint_8_0_aggLR_arr_6|       pointer|
|sgm_kernel_stream_stream_ap_uint_8_0_stream_ap_uint_8_0_aggLR_arr_6_ap_vld     |  out|    1|      ap_vld|     sgm_kernel_stream_stream_ap_uint_8_0_stream_ap_uint_8_0_aggLR_arr_6|       pointer|
|sgm_kernel_stream_stream_ap_uint_8_0_stream_ap_uint_8_0_aggTB_arr_6            |  out|   12|      ap_vld|     sgm_kernel_stream_stream_ap_uint_8_0_stream_ap_uint_8_0_aggTB_arr_6|       pointer|
|sgm_kernel_stream_stream_ap_uint_8_0_stream_ap_uint_8_0_aggTB_arr_6_ap_vld     |  out|    1|      ap_vld|     sgm_kernel_stream_stream_ap_uint_8_0_stream_ap_uint_8_0_aggTB_arr_6|       pointer|
|sgm_kernel_stream_stream_ap_uint_8_0_stream_ap_uint_8_0_aggLR_arr_4            |  out|   12|      ap_vld|     sgm_kernel_stream_stream_ap_uint_8_0_stream_ap_uint_8_0_aggLR_arr_4|       pointer|
|sgm_kernel_stream_stream_ap_uint_8_0_stream_ap_uint_8_0_aggLR_arr_4_ap_vld     |  out|    1|      ap_vld|     sgm_kernel_stream_stream_ap_uint_8_0_stream_ap_uint_8_0_aggLR_arr_4|       pointer|
|sgm_kernel_stream_stream_ap_uint_8_0_stream_ap_uint_8_0_aggTB_arr_4            |  out|   12|      ap_vld|     sgm_kernel_stream_stream_ap_uint_8_0_stream_ap_uint_8_0_aggTB_arr_4|       pointer|
|sgm_kernel_stream_stream_ap_uint_8_0_stream_ap_uint_8_0_aggTB_arr_4_ap_vld     |  out|    1|      ap_vld|     sgm_kernel_stream_stream_ap_uint_8_0_stream_ap_uint_8_0_aggTB_arr_4|       pointer|
|sgm_kernel_stream_stream_ap_uint_8_0_stream_ap_uint_8_0_aggLR_arr_2            |  out|   12|      ap_vld|     sgm_kernel_stream_stream_ap_uint_8_0_stream_ap_uint_8_0_aggLR_arr_2|       pointer|
|sgm_kernel_stream_stream_ap_uint_8_0_stream_ap_uint_8_0_aggLR_arr_2_ap_vld     |  out|    1|      ap_vld|     sgm_kernel_stream_stream_ap_uint_8_0_stream_ap_uint_8_0_aggLR_arr_2|       pointer|
|sgm_kernel_stream_stream_ap_uint_8_0_stream_ap_uint_8_0_aggTB_arr_2            |  out|   12|      ap_vld|     sgm_kernel_stream_stream_ap_uint_8_0_stream_ap_uint_8_0_aggTB_arr_2|       pointer|
|sgm_kernel_stream_stream_ap_uint_8_0_stream_ap_uint_8_0_aggTB_arr_2_ap_vld     |  out|    1|      ap_vld|     sgm_kernel_stream_stream_ap_uint_8_0_stream_ap_uint_8_0_aggTB_arr_2|       pointer|
|sgm_kernel_stream_stream_ap_uint_8_0_stream_ap_uint_8_0_aggLR_arr              |  out|   12|      ap_vld|       sgm_kernel_stream_stream_ap_uint_8_0_stream_ap_uint_8_0_aggLR_arr|       pointer|
|sgm_kernel_stream_stream_ap_uint_8_0_stream_ap_uint_8_0_aggLR_arr_ap_vld       |  out|    1|      ap_vld|       sgm_kernel_stream_stream_ap_uint_8_0_stream_ap_uint_8_0_aggLR_arr|       pointer|
|sgm_kernel_stream_stream_ap_uint_8_0_stream_ap_uint_8_0_aggTB_arr              |  out|   12|      ap_vld|       sgm_kernel_stream_stream_ap_uint_8_0_stream_ap_uint_8_0_aggTB_arr|       pointer|
|sgm_kernel_stream_stream_ap_uint_8_0_stream_ap_uint_8_0_aggTB_arr_ap_vld       |  out|    1|      ap_vld|       sgm_kernel_stream_stream_ap_uint_8_0_stream_ap_uint_8_0_aggTB_arr|       pointer|
|p_ZZ10sgm_kernelRN3hls6streamI7ap_uintILi8EELi0EEES4_S4_E9aggLR_arr_11         |  out|   12|      ap_vld|  p_ZZ10sgm_kernelRN3hls6streamI7ap_uintILi8EELi0EEES4_S4_E9aggLR_arr_11|       pointer|
|p_ZZ10sgm_kernelRN3hls6streamI7ap_uintILi8EELi0EEES4_S4_E9aggLR_arr_11_ap_vld  |  out|    1|      ap_vld|  p_ZZ10sgm_kernelRN3hls6streamI7ap_uintILi8EELi0EEES4_S4_E9aggLR_arr_11|       pointer|
|p_ZZ10sgm_kernelRN3hls6streamI7ap_uintILi8EELi0EEES4_S4_E9aggTB_arr_11         |  out|   12|      ap_vld|  p_ZZ10sgm_kernelRN3hls6streamI7ap_uintILi8EELi0EEES4_S4_E9aggTB_arr_11|       pointer|
|p_ZZ10sgm_kernelRN3hls6streamI7ap_uintILi8EELi0EEES4_S4_E9aggTB_arr_11_ap_vld  |  out|    1|      ap_vld|  p_ZZ10sgm_kernelRN3hls6streamI7ap_uintILi8EELi0EEES4_S4_E9aggTB_arr_11|       pointer|
|p_ZZ10sgm_kernelRN3hls6streamI7ap_uintILi8EELi0EEES4_S4_E9aggLR_arr_13         |  out|   12|      ap_vld|  p_ZZ10sgm_kernelRN3hls6streamI7ap_uintILi8EELi0EEES4_S4_E9aggLR_arr_13|       pointer|
|p_ZZ10sgm_kernelRN3hls6streamI7ap_uintILi8EELi0EEES4_S4_E9aggLR_arr_13_ap_vld  |  out|    1|      ap_vld|  p_ZZ10sgm_kernelRN3hls6streamI7ap_uintILi8EELi0EEES4_S4_E9aggLR_arr_13|       pointer|
|p_ZZ10sgm_kernelRN3hls6streamI7ap_uintILi8EELi0EEES4_S4_E9aggTB_arr_13         |  out|   12|      ap_vld|  p_ZZ10sgm_kernelRN3hls6streamI7ap_uintILi8EELi0EEES4_S4_E9aggTB_arr_13|       pointer|
|p_ZZ10sgm_kernelRN3hls6streamI7ap_uintILi8EELi0EEES4_S4_E9aggTB_arr_13_ap_vld  |  out|    1|      ap_vld|  p_ZZ10sgm_kernelRN3hls6streamI7ap_uintILi8EELi0EEES4_S4_E9aggTB_arr_13|       pointer|
|p_ZZ10sgm_kernelRN3hls6streamI7ap_uintILi8EELi0EEES4_S4_E9aggLR_arr_15         |  out|   12|      ap_vld|  p_ZZ10sgm_kernelRN3hls6streamI7ap_uintILi8EELi0EEES4_S4_E9aggLR_arr_15|       pointer|
|p_ZZ10sgm_kernelRN3hls6streamI7ap_uintILi8EELi0EEES4_S4_E9aggLR_arr_15_ap_vld  |  out|    1|      ap_vld|  p_ZZ10sgm_kernelRN3hls6streamI7ap_uintILi8EELi0EEES4_S4_E9aggLR_arr_15|       pointer|
|p_ZZ10sgm_kernelRN3hls6streamI7ap_uintILi8EELi0EEES4_S4_E9aggTB_arr_15         |  out|   12|      ap_vld|  p_ZZ10sgm_kernelRN3hls6streamI7ap_uintILi8EELi0EEES4_S4_E9aggTB_arr_15|       pointer|
|p_ZZ10sgm_kernelRN3hls6streamI7ap_uintILi8EELi0EEES4_S4_E9aggTB_arr_15_ap_vld  |  out|    1|      ap_vld|  p_ZZ10sgm_kernelRN3hls6streamI7ap_uintILi8EELi0EEES4_S4_E9aggTB_arr_15|       pointer|
|p_ZZ10sgm_kernelRN3hls6streamI7ap_uintILi8EELi0EEES4_S4_E9aggLR_arr_17         |  out|   12|      ap_vld|  p_ZZ10sgm_kernelRN3hls6streamI7ap_uintILi8EELi0EEES4_S4_E9aggLR_arr_17|       pointer|
|p_ZZ10sgm_kernelRN3hls6streamI7ap_uintILi8EELi0EEES4_S4_E9aggLR_arr_17_ap_vld  |  out|    1|      ap_vld|  p_ZZ10sgm_kernelRN3hls6streamI7ap_uintILi8EELi0EEES4_S4_E9aggLR_arr_17|       pointer|
|p_ZZ10sgm_kernelRN3hls6streamI7ap_uintILi8EELi0EEES4_S4_E9aggTB_arr_17         |  out|   12|      ap_vld|  p_ZZ10sgm_kernelRN3hls6streamI7ap_uintILi8EELi0EEES4_S4_E9aggTB_arr_17|       pointer|
|p_ZZ10sgm_kernelRN3hls6streamI7ap_uintILi8EELi0EEES4_S4_E9aggTB_arr_17_ap_vld  |  out|    1|      ap_vld|  p_ZZ10sgm_kernelRN3hls6streamI7ap_uintILi8EELi0EEES4_S4_E9aggTB_arr_17|       pointer|
|p_ZZ10sgm_kernelRN3hls6streamI7ap_uintILi8EELi0EEES4_S4_E9aggLR_arr_19         |  out|   12|      ap_vld|  p_ZZ10sgm_kernelRN3hls6streamI7ap_uintILi8EELi0EEES4_S4_E9aggLR_arr_19|       pointer|
|p_ZZ10sgm_kernelRN3hls6streamI7ap_uintILi8EELi0EEES4_S4_E9aggLR_arr_19_ap_vld  |  out|    1|      ap_vld|  p_ZZ10sgm_kernelRN3hls6streamI7ap_uintILi8EELi0EEES4_S4_E9aggLR_arr_19|       pointer|
|p_ZZ10sgm_kernelRN3hls6streamI7ap_uintILi8EELi0EEES4_S4_E9aggTB_arr_19         |  out|   12|      ap_vld|  p_ZZ10sgm_kernelRN3hls6streamI7ap_uintILi8EELi0EEES4_S4_E9aggTB_arr_19|       pointer|
|p_ZZ10sgm_kernelRN3hls6streamI7ap_uintILi8EELi0EEES4_S4_E9aggTB_arr_19_ap_vld  |  out|    1|      ap_vld|  p_ZZ10sgm_kernelRN3hls6streamI7ap_uintILi8EELi0EEES4_S4_E9aggTB_arr_19|       pointer|
|p_ZZ10sgm_kernelRN3hls6streamI7ap_uintILi8EELi0EEES4_S4_E9aggLR_arr_21         |  out|   12|      ap_vld|  p_ZZ10sgm_kernelRN3hls6streamI7ap_uintILi8EELi0EEES4_S4_E9aggLR_arr_21|       pointer|
|p_ZZ10sgm_kernelRN3hls6streamI7ap_uintILi8EELi0EEES4_S4_E9aggLR_arr_21_ap_vld  |  out|    1|      ap_vld|  p_ZZ10sgm_kernelRN3hls6streamI7ap_uintILi8EELi0EEES4_S4_E9aggLR_arr_21|       pointer|
|p_ZZ10sgm_kernelRN3hls6streamI7ap_uintILi8EELi0EEES4_S4_E9aggTB_arr_21         |  out|   12|      ap_vld|  p_ZZ10sgm_kernelRN3hls6streamI7ap_uintILi8EELi0EEES4_S4_E9aggTB_arr_21|       pointer|
|p_ZZ10sgm_kernelRN3hls6streamI7ap_uintILi8EELi0EEES4_S4_E9aggTB_arr_21_ap_vld  |  out|    1|      ap_vld|  p_ZZ10sgm_kernelRN3hls6streamI7ap_uintILi8EELi0EEES4_S4_E9aggTB_arr_21|       pointer|
|p_ZZ10sgm_kernelRN3hls6streamI7ap_uintILi8EELi0EEES4_S4_E9aggLR_arr_23         |  out|   12|      ap_vld|  p_ZZ10sgm_kernelRN3hls6streamI7ap_uintILi8EELi0EEES4_S4_E9aggLR_arr_23|       pointer|
|p_ZZ10sgm_kernelRN3hls6streamI7ap_uintILi8EELi0EEES4_S4_E9aggLR_arr_23_ap_vld  |  out|    1|      ap_vld|  p_ZZ10sgm_kernelRN3hls6streamI7ap_uintILi8EELi0EEES4_S4_E9aggLR_arr_23|       pointer|
|p_ZZ10sgm_kernelRN3hls6streamI7ap_uintILi8EELi0EEES4_S4_E9aggTB_arr_23         |  out|   12|      ap_vld|  p_ZZ10sgm_kernelRN3hls6streamI7ap_uintILi8EELi0EEES4_S4_E9aggTB_arr_23|       pointer|
|p_ZZ10sgm_kernelRN3hls6streamI7ap_uintILi8EELi0EEES4_S4_E9aggTB_arr_23_ap_vld  |  out|    1|      ap_vld|  p_ZZ10sgm_kernelRN3hls6streamI7ap_uintILi8EELi0EEES4_S4_E9aggTB_arr_23|       pointer|
|p_ZZ10sgm_kernelRN3hls6streamI7ap_uintILi8EELi0EEES4_S4_E9aggLR_arr_25         |  out|   12|      ap_vld|  p_ZZ10sgm_kernelRN3hls6streamI7ap_uintILi8EELi0EEES4_S4_E9aggLR_arr_25|       pointer|
|p_ZZ10sgm_kernelRN3hls6streamI7ap_uintILi8EELi0EEES4_S4_E9aggLR_arr_25_ap_vld  |  out|    1|      ap_vld|  p_ZZ10sgm_kernelRN3hls6streamI7ap_uintILi8EELi0EEES4_S4_E9aggLR_arr_25|       pointer|
|p_ZZ10sgm_kernelRN3hls6streamI7ap_uintILi8EELi0EEES4_S4_E9aggTB_arr_25         |  out|   12|      ap_vld|  p_ZZ10sgm_kernelRN3hls6streamI7ap_uintILi8EELi0EEES4_S4_E9aggTB_arr_25|       pointer|
|p_ZZ10sgm_kernelRN3hls6streamI7ap_uintILi8EELi0EEES4_S4_E9aggTB_arr_25_ap_vld  |  out|    1|      ap_vld|  p_ZZ10sgm_kernelRN3hls6streamI7ap_uintILi8EELi0EEES4_S4_E9aggTB_arr_25|       pointer|
|p_ZZ10sgm_kernelRN3hls6streamI7ap_uintILi8EELi0EEES4_S4_E9aggLR_arr_27         |  out|   12|      ap_vld|  p_ZZ10sgm_kernelRN3hls6streamI7ap_uintILi8EELi0EEES4_S4_E9aggLR_arr_27|       pointer|
|p_ZZ10sgm_kernelRN3hls6streamI7ap_uintILi8EELi0EEES4_S4_E9aggLR_arr_27_ap_vld  |  out|    1|      ap_vld|  p_ZZ10sgm_kernelRN3hls6streamI7ap_uintILi8EELi0EEES4_S4_E9aggLR_arr_27|       pointer|
|p_ZZ10sgm_kernelRN3hls6streamI7ap_uintILi8EELi0EEES4_S4_E9aggTB_arr_27         |  out|   12|      ap_vld|  p_ZZ10sgm_kernelRN3hls6streamI7ap_uintILi8EELi0EEES4_S4_E9aggTB_arr_27|       pointer|
|p_ZZ10sgm_kernelRN3hls6streamI7ap_uintILi8EELi0EEES4_S4_E9aggTB_arr_27_ap_vld  |  out|    1|      ap_vld|  p_ZZ10sgm_kernelRN3hls6streamI7ap_uintILi8EELi0EEES4_S4_E9aggTB_arr_27|       pointer|
|p_ZZ10sgm_kernelRN3hls6streamI7ap_uintILi8EELi0EEES4_S4_E9aggLR_arr_29         |  out|   12|      ap_vld|  p_ZZ10sgm_kernelRN3hls6streamI7ap_uintILi8EELi0EEES4_S4_E9aggLR_arr_29|       pointer|
|p_ZZ10sgm_kernelRN3hls6streamI7ap_uintILi8EELi0EEES4_S4_E9aggLR_arr_29_ap_vld  |  out|    1|      ap_vld|  p_ZZ10sgm_kernelRN3hls6streamI7ap_uintILi8EELi0EEES4_S4_E9aggLR_arr_29|       pointer|
|p_ZZ10sgm_kernelRN3hls6streamI7ap_uintILi8EELi0EEES4_S4_E9aggTB_arr_29         |  out|   12|      ap_vld|  p_ZZ10sgm_kernelRN3hls6streamI7ap_uintILi8EELi0EEES4_S4_E9aggTB_arr_29|       pointer|
|p_ZZ10sgm_kernelRN3hls6streamI7ap_uintILi8EELi0EEES4_S4_E9aggTB_arr_29_ap_vld  |  out|    1|      ap_vld|  p_ZZ10sgm_kernelRN3hls6streamI7ap_uintILi8EELi0EEES4_S4_E9aggTB_arr_29|       pointer|
|p_ZZ10sgm_kernelRN3hls6streamI7ap_uintILi8EELi0EEES4_S4_E9aggLR_arr_31         |  out|   12|      ap_vld|  p_ZZ10sgm_kernelRN3hls6streamI7ap_uintILi8EELi0EEES4_S4_E9aggLR_arr_31|       pointer|
|p_ZZ10sgm_kernelRN3hls6streamI7ap_uintILi8EELi0EEES4_S4_E9aggLR_arr_31_ap_vld  |  out|    1|      ap_vld|  p_ZZ10sgm_kernelRN3hls6streamI7ap_uintILi8EELi0EEES4_S4_E9aggLR_arr_31|       pointer|
|p_ZZ10sgm_kernelRN3hls6streamI7ap_uintILi8EELi0EEES4_S4_E9aggTB_arr_31         |  out|   12|      ap_vld|  p_ZZ10sgm_kernelRN3hls6streamI7ap_uintILi8EELi0EEES4_S4_E9aggTB_arr_31|       pointer|
|p_ZZ10sgm_kernelRN3hls6streamI7ap_uintILi8EELi0EEES4_S4_E9aggTB_arr_31_ap_vld  |  out|    1|      ap_vld|  p_ZZ10sgm_kernelRN3hls6streamI7ap_uintILi8EELi0EEES4_S4_E9aggTB_arr_31|       pointer|
+-------------------------------------------------------------------------------+-----+-----+------------+------------------------------------------------------------------------+--------------+

