

================================================================
== Vitis HLS Report for 'col_backend'
================================================================
* Date:           Sat Apr 25 10:00:32 2026

* Version:        2023.1 (Build 3854077 on May  4 2023)
* Project:        sgm_kernel
* Solution:       solution1 (Vivado IP Flow Target)
* Product family: zynq
* Target device:  xc7z010-clg400-1


================================================================
== Performance Estimates
================================================================
+ Timing: 
    * Summary: 
    +--------+----------+----------+------------+
    |  Clock |  Target  | Estimated| Uncertainty|
    +--------+----------+----------+------------+
    |ap_clk  |  10.00 ns|  7.035 ns|     2.70 ns|
    +--------+----------+----------+------------+

+ Latency: 
    * Summary: 
    +---------+---------+-----------+----------+-----+-----+---------+
    |  Latency (cycles) |  Latency (absolute)  |  Interval | Pipeline|
    |   min   |   max   |    min    |    max   | min | max |   Type  |
    +---------+---------+-----------+----------+-----+-----+---------+
    |        1|       64|  10.000 ns|  0.640 us|    1|   64|       no|
    +---------+---------+-----------+----------+-----+-----+---------+

    + Detail: 
        * Instance: 
        +---------------------------------------+----------------------------+---------+---------+----------+----------+-----+-----+---------+
        |                                       |                            |  Latency (cycles) |  Latency (absolute) |  Interval | Pipeline|
        |                Instance               |           Module           |   min   |   max   |    min   |    max   | min | max |   Type  |
        +---------------------------------------+----------------------------+---------+---------+----------+----------+-----+-----+---------+
        |grp_reduce_min_vec_fu_771              |reduce_min_vec              |       18|       18|  0.180 us|  0.180 us|   18|   18|       no|
        |grp_reduce_min_vec_fu_807              |reduce_min_vec              |       18|       18|  0.180 us|  0.180 us|   18|   18|       no|
        |grp_aggregate_paths_and_select_fu_875  |aggregate_paths_and_select  |       23|       23|  0.230 us|  0.230 us|   23|   23|       no|
        |grp_commit_prev_costs_fu_1107          |commit_prev_costs           |       18|       18|  0.180 us|  0.180 us|   18|   18|       no|
        +---------------------------------------+----------------------------+---------+---------+----------+----------+-----+-----+---------+

        * Loop: 
        N/A



================================================================
== Utilization Estimates
================================================================
* Summary: 
+-----------------+---------+----+-------+-------+-----+
|       Name      | BRAM_18K| DSP|   FF  |  LUT  | URAM|
+-----------------+---------+----+-------+-------+-----+
|DSP              |        -|   -|      -|      -|    -|
|Expression       |        -|   -|      0|      4|    -|
|FIFO             |        -|   -|      -|      -|    -|
|Instance         |        -|   -|    960|   4140|    -|
|Memory           |        -|   -|      -|      -|    -|
|Multiplexer      |        -|   -|      -|   1504|    -|
|Register         |        -|   -|   1594|      -|    -|
+-----------------+---------+----+-------+-------+-----+
|Total            |        0|   0|   2554|   5648|    0|
+-----------------+---------+----+-------+-------+-----+
|Available        |      120|  80|  35200|  17600|    0|
+-----------------+---------+----+-------+-------+-----+
|Utilization (%)  |        0|   0|      7|     32|    0|
+-----------------+---------+----+-------+-------+-----+

+ Detail: 
    * Instance: 
    +---------------------------------------+----------------------------+---------+----+-----+------+-----+
    |                Instance               |           Module           | BRAM_18K| DSP|  FF |  LUT | URAM|
    +---------------------------------------+----------------------------+---------+----+-----+------+-----+
    |grp_aggregate_paths_and_select_fu_875  |aggregate_paths_and_select  |        0|   0|  445|  2363|    0|
    |grp_commit_prev_costs_fu_1107          |commit_prev_costs           |        0|   0|  425|   979|    0|
    |grp_reduce_min_vec_fu_771              |reduce_min_vec              |        0|   0|   45|   399|    0|
    |grp_reduce_min_vec_fu_807              |reduce_min_vec              |        0|   0|   45|   399|    0|
    +---------------------------------------+----------------------------+---------+----+-----+------+-----+
    |Total                                  |                            |        0|   0|  960|  4140|    0|
    +---------------------------------------+----------------------------+---------+----+-----+------+-----+

    * DSP: 
    N/A

    * Memory: 
    N/A

    * FIFO: 
    N/A

    * Expression: 
    +---------------------------------+----------+----+---+----+------------+------------+
    |          Variable Name          | Operation| DSP| FF| LUT| Bitwidth P0| Bitwidth P1|
    +---------------------------------+----------+----+---+----+------------+------------+
    |ap_block_state6_on_subcall_done  |       and|   0|  0|   2|           1|           1|
    |ap_block_state2_on_subcall_done  |        or|   0|  0|   2|           1|           1|
    +---------------------------------+----------+----+---+----+------------+------------+
    |Total                            |          |   0|  0|   4|           2|           2|
    +---------------------------------+----------+----+---+----+------------+------------+

    * Multiplexer: 
    +---------------------------------------------------------------------------------+----+-----------+-----+-----------+
    |                                       Name                                      | LUT| Input Size| Bits| Total Bits|
    +---------------------------------------------------------------------------------+----+-----------+-----+-----------+
    |agg_result_0_reg_472                                                             |   9|          2|    8|         16|
    |ap_NS_fsm                                                                        |  37|          7|    1|          7|
    |ap_phi_mux_agg_result_0_phi_fu_476_p4                                            |   9|          2|    8|         16|
    |ap_phi_mux_prevCostT_col_0_0_phi_fu_486_p4                                       |   9|          2|   12|         24|
    |ap_phi_mux_prevCostT_col_10_0_phi_fu_576_p4                                      |   9|          2|   12|         24|
    |ap_phi_mux_prevCostT_col_11_0_phi_fu_585_p4                                      |   9|          2|   12|         24|
    |ap_phi_mux_prevCostT_col_1215_0_phi_fu_594_p4                                    |   9|          2|   12|         24|
    |ap_phi_mux_prevCostT_col_13_0_phi_fu_603_p4                                      |   9|          2|   12|         24|
    |ap_phi_mux_prevCostT_col_14_0_phi_fu_612_p4                                      |   9|          2|   12|         24|
    |ap_phi_mux_prevCostT_col_15_0_phi_fu_621_p4                                      |   9|          2|   12|         24|
    |ap_phi_mux_prevCostT_col_16_0_phi_fu_630_p4                                      |   9|          2|   12|         24|
    |ap_phi_mux_prevCostT_col_17_0_phi_fu_639_p4                                      |   9|          2|   12|         24|
    |ap_phi_mux_prevCostT_col_18_0_phi_fu_648_p4                                      |   9|          2|   12|         24|
    |ap_phi_mux_prevCostT_col_19_0_phi_fu_657_p4                                      |   9|          2|   12|         24|
    |ap_phi_mux_prevCostT_col_1_0_phi_fu_495_p4                                       |   9|          2|   12|         24|
    |ap_phi_mux_prevCostT_col_20_0_phi_fu_666_p4                                      |   9|          2|   12|         24|
    |ap_phi_mux_prevCostT_col_21_0_phi_fu_675_p4                                      |   9|          2|   12|         24|
    |ap_phi_mux_prevCostT_col_22_0_phi_fu_684_p4                                      |   9|          2|   12|         24|
    |ap_phi_mux_prevCostT_col_23_0_phi_fu_693_p4                                      |   9|          2|   12|         24|
    |ap_phi_mux_prevCostT_col_2428_0_phi_fu_702_p4                                    |   9|          2|   12|         24|
    |ap_phi_mux_prevCostT_col_25_0_phi_fu_711_p4                                      |   9|          2|   12|         24|
    |ap_phi_mux_prevCostT_col_26_0_phi_fu_720_p4                                      |   9|          2|   12|         24|
    |ap_phi_mux_prevCostT_col_27_0_phi_fu_729_p4                                      |   9|          2|   12|         24|
    |ap_phi_mux_prevCostT_col_28_0_phi_fu_738_p4                                      |   9|          2|   12|         24|
    |ap_phi_mux_prevCostT_col_29_0_phi_fu_747_p4                                      |   9|          2|   12|         24|
    |ap_phi_mux_prevCostT_col_2_0_phi_fu_504_p4                                       |   9|          2|   12|         24|
    |ap_phi_mux_prevCostT_col_30_0_phi_fu_756_p4                                      |   9|          2|   12|         24|
    |ap_phi_mux_prevCostT_col_31_0_phi_fu_765_p4                                      |   9|          2|   12|         24|
    |ap_phi_mux_prevCostT_col_3_0_phi_fu_513_p4                                       |   9|          2|   12|         24|
    |ap_phi_mux_prevCostT_col_4_0_phi_fu_522_p4                                       |   9|          2|   12|         24|
    |ap_phi_mux_prevCostT_col_5_0_phi_fu_531_p4                                       |   9|          2|   12|         24|
    |ap_phi_mux_prevCostT_col_6_0_phi_fu_540_p4                                       |   9|          2|   12|         24|
    |ap_phi_mux_prevCostT_col_7_0_phi_fu_549_p4                                       |   9|          2|   12|         24|
    |ap_phi_mux_prevCostT_col_8_0_phi_fu_558_p4                                       |   9|          2|   12|         24|
    |ap_phi_mux_prevCostT_col_9_0_phi_fu_567_p4                                       |   9|          2|   12|         24|
    |ap_return_0                                                                      |   9|          2|    8|         16|
    |ap_return_1                                                                      |   9|          2|   12|         24|
    |ap_return_10                                                                     |   9|          2|   12|         24|
    |ap_return_11                                                                     |   9|          2|   12|         24|
    |ap_return_12                                                                     |   9|          2|   12|         24|
    |ap_return_13                                                                     |   9|          2|   12|         24|
    |ap_return_14                                                                     |   9|          2|   12|         24|
    |ap_return_15                                                                     |   9|          2|   12|         24|
    |ap_return_16                                                                     |   9|          2|   12|         24|
    |ap_return_17                                                                     |   9|          2|   12|         24|
    |ap_return_18                                                                     |   9|          2|   12|         24|
    |ap_return_19                                                                     |   9|          2|   12|         24|
    |ap_return_2                                                                      |   9|          2|   12|         24|
    |ap_return_20                                                                     |   9|          2|   12|         24|
    |ap_return_21                                                                     |   9|          2|   12|         24|
    |ap_return_22                                                                     |   9|          2|   12|         24|
    |ap_return_23                                                                     |   9|          2|   12|         24|
    |ap_return_24                                                                     |   9|          2|   12|         24|
    |ap_return_25                                                                     |   9|          2|   12|         24|
    |ap_return_26                                                                     |   9|          2|   12|         24|
    |ap_return_27                                                                     |   9|          2|   12|         24|
    |ap_return_28                                                                     |   9|          2|   12|         24|
    |ap_return_29                                                                     |   9|          2|   12|         24|
    |ap_return_3                                                                      |   9|          2|   12|         24|
    |ap_return_30                                                                     |   9|          2|   12|         24|
    |ap_return_31                                                                     |   9|          2|   12|         24|
    |ap_return_32                                                                     |   9|          2|   12|         24|
    |ap_return_4                                                                      |   9|          2|   12|         24|
    |ap_return_5                                                                      |   9|          2|   12|         24|
    |ap_return_6                                                                      |   9|          2|   12|         24|
    |ap_return_7                                                                      |   9|          2|   12|         24|
    |ap_return_8                                                                      |   9|          2|   12|         24|
    |ap_return_9                                                                      |   9|          2|   12|         24|
    |p_ZZ10sgm_kernelRN3hls6streamI7ap_uintILi8EELi0EEES4_S4_E9prevCostL_10_o         |   9|          2|   12|         24|
    |p_ZZ10sgm_kernelRN3hls6streamI7ap_uintILi8EELi0EEES4_S4_E9prevCostL_10_o_ap_vld  |   9|          2|    1|          2|
    |p_ZZ10sgm_kernelRN3hls6streamI7ap_uintILi8EELi0EEES4_S4_E9prevCostL_11_o         |   9|          2|   12|         24|
    |p_ZZ10sgm_kernelRN3hls6streamI7ap_uintILi8EELi0EEES4_S4_E9prevCostL_11_o_ap_vld  |   9|          2|    1|          2|
    |p_ZZ10sgm_kernelRN3hls6streamI7ap_uintILi8EELi0EEES4_S4_E9prevCostL_12_o         |   9|          2|   12|         24|
    |p_ZZ10sgm_kernelRN3hls6streamI7ap_uintILi8EELi0EEES4_S4_E9prevCostL_12_o_ap_vld  |   9|          2|    1|          2|
    |p_ZZ10sgm_kernelRN3hls6streamI7ap_uintILi8EELi0EEES4_S4_E9prevCostL_13_o         |   9|          2|   12|         24|
    |p_ZZ10sgm_kernelRN3hls6streamI7ap_uintILi8EELi0EEES4_S4_E9prevCostL_13_o_ap_vld  |   9|          2|    1|          2|
    |p_ZZ10sgm_kernelRN3hls6streamI7ap_uintILi8EELi0EEES4_S4_E9prevCostL_14_o         |   9|          2|   12|         24|
    |p_ZZ10sgm_kernelRN3hls6streamI7ap_uintILi8EELi0EEES4_S4_E9prevCostL_14_o_ap_vld  |   9|          2|    1|          2|
    |p_ZZ10sgm_kernelRN3hls6streamI7ap_uintILi8EELi0EEES4_S4_E9prevCostL_15_o         |   9|          2|   12|         24|
    |p_ZZ10sgm_kernelRN3hls6streamI7ap_uintILi8EELi0EEES4_S4_E9prevCostL_15_o_ap_vld  |   9|          2|    1|          2|
    |p_ZZ10sgm_kernelRN3hls6streamI7ap_uintILi8EELi0EEES4_S4_E9prevCostL_16_o         |   9|          2|   12|         24|
    |p_ZZ10sgm_kernelRN3hls6streamI7ap_uintILi8EELi0EEES4_S4_E9prevCostL_16_o_ap_vld  |   9|          2|    1|          2|
    |p_ZZ10sgm_kernelRN3hls6streamI7ap_uintILi8EELi0EEES4_S4_E9prevCostL_17_o         |   9|          2|   12|         24|
    |p_ZZ10sgm_kernelRN3hls6streamI7ap_uintILi8EELi0EEES4_S4_E9prevCostL_17_o_ap_vld  |   9|          2|    1|          2|
    |p_ZZ10sgm_kernelRN3hls6streamI7ap_uintILi8EELi0EEES4_S4_E9prevCostL_18_o         |   9|          2|   12|         24|
    |p_ZZ10sgm_kernelRN3hls6streamI7ap_uintILi8EELi0EEES4_S4_E9prevCostL_18_o_ap_vld  |   9|          2|    1|          2|
    |p_ZZ10sgm_kernelRN3hls6streamI7ap_uintILi8EELi0EEES4_S4_E9prevCostL_19_o         |   9|          2|   12|         24|
    |p_ZZ10sgm_kernelRN3hls6streamI7ap_uintILi8EELi0EEES4_S4_E9prevCostL_19_o_ap_vld  |   9|          2|    1|          2|
    |p_ZZ10sgm_kernelRN3hls6streamI7ap_uintILi8EELi0EEES4_S4_E9prevCostL_20_o         |   9|          2|   12|         24|
    |p_ZZ10sgm_kernelRN3hls6streamI7ap_uintILi8EELi0EEES4_S4_E9prevCostL_20_o_ap_vld  |   9|          2|    1|          2|
    |p_ZZ10sgm_kernelRN3hls6streamI7ap_uintILi8EELi0EEES4_S4_E9prevCostL_21_o         |   9|          2|   12|         24|
    |p_ZZ10sgm_kernelRN3hls6streamI7ap_uintILi8EELi0EEES4_S4_E9prevCostL_21_o_ap_vld  |   9|          2|    1|          2|
    |p_ZZ10sgm_kernelRN3hls6streamI7ap_uintILi8EELi0EEES4_S4_E9prevCostL_22_o         |   9|          2|   12|         24|
    |p_ZZ10sgm_kernelRN3hls6streamI7ap_uintILi8EELi0EEES4_S4_E9prevCostL_22_o_ap_vld  |   9|          2|    1|          2|
    |p_ZZ10sgm_kernelRN3hls6streamI7ap_uintILi8EELi0EEES4_S4_E9prevCostL_23_o         |   9|          2|   12|         24|
    |p_ZZ10sgm_kernelRN3hls6streamI7ap_uintILi8EELi0EEES4_S4_E9prevCostL_23_o_ap_vld  |   9|          2|    1|          2|
    |p_ZZ10sgm_kernelRN3hls6streamI7ap_uintILi8EELi0EEES4_S4_E9prevCostL_24_o         |   9|          2|   12|         24|
    |p_ZZ10sgm_kernelRN3hls6streamI7ap_uintILi8EELi0EEES4_S4_E9prevCostL_24_o_ap_vld  |   9|          2|    1|          2|
    |p_ZZ10sgm_kernelRN3hls6streamI7ap_uintILi8EELi0EEES4_S4_E9prevCostL_25_o         |   9|          2|   12|         24|
    |p_ZZ10sgm_kernelRN3hls6streamI7ap_uintILi8EELi0EEES4_S4_E9prevCostL_25_o_ap_vld  |   9|          2|    1|          2|
    |p_ZZ10sgm_kernelRN3hls6streamI7ap_uintILi8EELi0EEES4_S4_E9prevCostL_26_o         |   9|          2|   12|         24|
    |p_ZZ10sgm_kernelRN3hls6streamI7ap_uintILi8EELi0EEES4_S4_E9prevCostL_26_o_ap_vld  |   9|          2|    1|          2|
    |p_ZZ10sgm_kernelRN3hls6streamI7ap_uintILi8EELi0EEES4_S4_E9prevCostL_27_o         |   9|          2|   12|         24|
    |p_ZZ10sgm_kernelRN3hls6streamI7ap_uintILi8EELi0EEES4_S4_E9prevCostL_27_o_ap_vld  |   9|          2|    1|          2|
    |p_ZZ10sgm_kernelRN3hls6streamI7ap_uintILi8EELi0EEES4_S4_E9prevCostL_28_o         |   9|          2|   12|         24|
    |p_ZZ10sgm_kernelRN3hls6streamI7ap_uintILi8EELi0EEES4_S4_E9prevCostL_28_o_ap_vld  |   9|          2|    1|          2|
    |p_ZZ10sgm_kernelRN3hls6streamI7ap_uintILi8EELi0EEES4_S4_E9prevCostL_29_o         |   9|          2|   12|         24|
    |p_ZZ10sgm_kernelRN3hls6streamI7ap_uintILi8EELi0EEES4_S4_E9prevCostL_29_o_ap_vld  |   9|          2|    1|          2|
    |p_ZZ10sgm_kernelRN3hls6streamI7ap_uintILi8EELi0EEES4_S4_E9prevCostL_30_o         |   9|          2|   12|         24|
    |p_ZZ10sgm_kernelRN3hls6streamI7ap_uintILi8EELi0EEES4_S4_E9prevCostL_30_o_ap_vld  |   9|          2|    1|          2|
    |p_ZZ10sgm_kernelRN3hls6streamI7ap_uintILi8EELi0EEES4_S4_E9prevCostL_31_o         |   9|          2|   12|         24|
    |p_ZZ10sgm_kernelRN3hls6streamI7ap_uintILi8EELi0EEES4_S4_E9prevCostL_31_o_ap_vld  |   9|          2|    1|          2|
    |prevCostT_col_0_0_reg_483                                                        |   9|          2|   12|         24|
    |prevCostT_col_10_0_reg_573                                                       |   9|          2|   12|         24|
    |prevCostT_col_11_0_reg_582                                                       |   9|          2|   12|         24|
    |prevCostT_col_1215_0_reg_591                                                     |   9|          2|   12|         24|
    |prevCostT_col_13_0_reg_600                                                       |   9|          2|   12|         24|
    |prevCostT_col_14_0_reg_609                                                       |   9|          2|   12|         24|
    |prevCostT_col_15_0_reg_618                                                       |   9|          2|   12|         24|
    |prevCostT_col_16_0_reg_627                                                       |   9|          2|   12|         24|
    |prevCostT_col_17_0_reg_636                                                       |   9|          2|   12|         24|
    |prevCostT_col_18_0_reg_645                                                       |   9|          2|   12|         24|
    |prevCostT_col_19_0_reg_654                                                       |   9|          2|   12|         24|
    |prevCostT_col_1_0_reg_492                                                        |   9|          2|   12|         24|
    |prevCostT_col_20_0_reg_663                                                       |   9|          2|   12|         24|
    |prevCostT_col_21_0_reg_672                                                       |   9|          2|   12|         24|
    |prevCostT_col_22_0_reg_681                                                       |   9|          2|   12|         24|
    |prevCostT_col_23_0_reg_690                                                       |   9|          2|   12|         24|
    |prevCostT_col_2428_0_reg_699                                                     |   9|          2|   12|         24|
    |prevCostT_col_25_0_reg_708                                                       |   9|          2|   12|         24|
    |prevCostT_col_26_0_reg_717                                                       |   9|          2|   12|         24|
    |prevCostT_col_27_0_reg_726                                                       |   9|          2|   12|         24|
    |prevCostT_col_28_0_reg_735                                                       |   9|          2|   12|         24|
    |prevCostT_col_29_0_reg_744                                                       |   9|          2|   12|         24|
    |prevCostT_col_2_0_reg_501                                                        |   9|          2|   12|         24|
    |prevCostT_col_30_0_reg_753                                                       |   9|          2|   12|         24|
    |prevCostT_col_31_0_reg_762                                                       |   9|          2|   12|         24|
    |prevCostT_col_3_0_reg_510                                                        |   9|          2|   12|         24|
    |prevCostT_col_4_0_reg_519                                                        |   9|          2|   12|         24|
    |prevCostT_col_5_0_reg_528                                                        |   9|          2|   12|         24|
    |prevCostT_col_6_0_reg_537                                                        |   9|          2|   12|         24|
    |prevCostT_col_7_0_reg_546                                                        |   9|          2|   12|         24|
    |prevCostT_col_8_0_reg_555                                                        |   9|          2|   12|         24|
    |prevCostT_col_9_0_reg_564                                                        |   9|          2|   12|         24|
    |sgm_kernel_stream_stream_ap_uint_8_0_stream_ap_uint_8_0_prevCostL_1_o            |   9|          2|   12|         24|
    |sgm_kernel_stream_stream_ap_uint_8_0_stream_ap_uint_8_0_prevCostL_1_o_ap_vld     |   9|          2|    1|          2|
    |sgm_kernel_stream_stream_ap_uint_8_0_stream_ap_uint_8_0_prevCostL_2_o            |   9|          2|   12|         24|
    |sgm_kernel_stream_stream_ap_uint_8_0_stream_ap_uint_8_0_prevCostL_2_o_ap_vld     |   9|          2|    1|          2|
    |sgm_kernel_stream_stream_ap_uint_8_0_stream_ap_uint_8_0_prevCostL_3_o            |   9|          2|   12|         24|
    |sgm_kernel_stream_stream_ap_uint_8_0_stream_ap_uint_8_0_prevCostL_3_o_ap_vld     |   9|          2|    1|          2|
    |sgm_kernel_stream_stream_ap_uint_8_0_stream_ap_uint_8_0_prevCostL_4_o            |   9|          2|   12|         24|
    |sgm_kernel_stream_stream_ap_uint_8_0_stream_ap_uint_8_0_prevCostL_4_o_ap_vld     |   9|          2|    1|          2|
    |sgm_kernel_stream_stream_ap_uint_8_0_stream_ap_uint_8_0_prevCostL_5_o            |   9|          2|   12|         24|
    |sgm_kernel_stream_stream_ap_uint_8_0_stream_ap_uint_8_0_prevCostL_5_o_ap_vld     |   9|          2|    1|          2|
    |sgm_kernel_stream_stream_ap_uint_8_0_stream_ap_uint_8_0_prevCostL_6_o            |   9|          2|   12|         24|
    |sgm_kernel_stream_stream_ap_uint_8_0_stream_ap_uint_8_0_prevCostL_6_o_ap_vld     |   9|          2|    1|          2|
    |sgm_kernel_stream_stream_ap_uint_8_0_stream_ap_uint_8_0_prevCostL_7_o            |   9|          2|   12|         24|
    |sgm_kernel_stream_stream_ap_uint_8_0_stream_ap_uint_8_0_prevCostL_7_o_ap_vld     |   9|          2|    1|          2|
    |sgm_kernel_stream_stream_ap_uint_8_0_stream_ap_uint_8_0_prevCostL_8_o            |   9|          2|   12|         24|
    |sgm_kernel_stream_stream_ap_uint_8_0_stream_ap_uint_8_0_prevCostL_8_o_ap_vld     |   9|          2|    1|          2|
    |sgm_kernel_stream_stream_ap_uint_8_0_stream_ap_uint_8_0_prevCostL_9_o            |   9|          2|   12|         24|
    |sgm_kernel_stream_stream_ap_uint_8_0_stream_ap_uint_8_0_prevCostL_9_o_ap_vld     |   9|          2|    1|          2|
    |sgm_kernel_stream_stream_ap_uint_8_0_stream_ap_uint_8_0_prevCostL_o              |   9|          2|   12|         24|
    |sgm_kernel_stream_stream_ap_uint_8_0_stream_ap_uint_8_0_prevCostL_o_ap_vld       |   9|          2|    1|          2|
    +---------------------------------------------------------------------------------+----+-----------+-----+-----------+
    |Total                                                                            |1504|        333| 1593|       3191|
    +---------------------------------------------------------------------------------+----+-----------+-----+-----------+

    * Register: 
    +------------------------------------------------------------------------+----+----+-----+-----------+
    |                                  Name                                  | FF | LUT| Bits| Const Bits|
    +------------------------------------------------------------------------+----+----+-----+-----------+
    |agg_result_0_reg_472                                                    |   8|   0|    8|          0|
    |ap_CS_fsm                                                               |   6|   0|    6|          0|
    |ap_return_0_preg                                                        |   8|   0|    8|          0|
    |ap_return_10_preg                                                       |  12|   0|   12|          0|
    |ap_return_11_preg                                                       |  12|   0|   12|          0|
    |ap_return_12_preg                                                       |  12|   0|   12|          0|
    |ap_return_13_preg                                                       |  12|   0|   12|          0|
    |ap_return_14_preg                                                       |  12|   0|   12|          0|
    |ap_return_15_preg                                                       |  12|   0|   12|          0|
    |ap_return_16_preg                                                       |  12|   0|   12|          0|
    |ap_return_17_preg                                                       |  12|   0|   12|          0|
    |ap_return_18_preg                                                       |  12|   0|   12|          0|
    |ap_return_19_preg                                                       |  12|   0|   12|          0|
    |ap_return_1_preg                                                        |  12|   0|   12|          0|
    |ap_return_20_preg                                                       |  12|   0|   12|          0|
    |ap_return_21_preg                                                       |  12|   0|   12|          0|
    |ap_return_22_preg                                                       |  12|   0|   12|          0|
    |ap_return_23_preg                                                       |  12|   0|   12|          0|
    |ap_return_24_preg                                                       |  12|   0|   12|          0|
    |ap_return_25_preg                                                       |  12|   0|   12|          0|
    |ap_return_26_preg                                                       |  12|   0|   12|          0|
    |ap_return_27_preg                                                       |  12|   0|   12|          0|
    |ap_return_28_preg                                                       |  12|   0|   12|          0|
    |ap_return_29_preg                                                       |  12|   0|   12|          0|
    |ap_return_2_preg                                                        |  12|   0|   12|          0|
    |ap_return_30_preg                                                       |  12|   0|   12|          0|
    |ap_return_31_preg                                                       |  12|   0|   12|          0|
    |ap_return_32_preg                                                       |  12|   0|   12|          0|
    |ap_return_3_preg                                                        |  12|   0|   12|          0|
    |ap_return_4_preg                                                        |  12|   0|   12|          0|
    |ap_return_5_preg                                                        |  12|   0|   12|          0|
    |ap_return_6_preg                                                        |  12|   0|   12|          0|
    |ap_return_7_preg                                                        |  12|   0|   12|          0|
    |ap_return_8_preg                                                        |  12|   0|   12|          0|
    |ap_return_9_preg                                                        |  12|   0|   12|          0|
    |bestDisp_reg_2219                                                       |   8|   0|    8|          0|
    |grp_aggregate_paths_and_select_fu_875_ap_start_reg                      |   1|   0|    1|          0|
    |grp_commit_prev_costs_fu_1107_ap_start_reg                              |   1|   0|    1|          0|
    |grp_reduce_min_vec_fu_771_ap_start_reg                                  |   1|   0|    1|          0|
    |grp_reduce_min_vec_fu_807_ap_start_reg                                  |   1|   0|    1|          0|
    |minPrevLR_reg_2209                                                      |  12|   0|   12|          0|
    |minPrevTB_reg_2214                                                      |  12|   0|   12|          0|
    |p_ZZ10sgm_kernelRN3hls6streamI7ap_uintILi8EELi0EEES4_S4_E9aggLR_arr_10  |  12|   0|   12|          0|
    |p_ZZ10sgm_kernelRN3hls6streamI7ap_uintILi8EELi0EEES4_S4_E9aggLR_arr_11  |  12|   0|   12|          0|
    |p_ZZ10sgm_kernelRN3hls6streamI7ap_uintILi8EELi0EEES4_S4_E9aggLR_arr_12  |  12|   0|   12|          0|
    |p_ZZ10sgm_kernelRN3hls6streamI7ap_uintILi8EELi0EEES4_S4_E9aggLR_arr_13  |  12|   0|   12|          0|
    |p_ZZ10sgm_kernelRN3hls6streamI7ap_uintILi8EELi0EEES4_S4_E9aggLR_arr_14  |  12|   0|   12|          0|
    |p_ZZ10sgm_kernelRN3hls6streamI7ap_uintILi8EELi0EEES4_S4_E9aggLR_arr_15  |  12|   0|   12|          0|
    |p_ZZ10sgm_kernelRN3hls6streamI7ap_uintILi8EELi0EEES4_S4_E9aggLR_arr_16  |  12|   0|   12|          0|
    |p_ZZ10sgm_kernelRN3hls6streamI7ap_uintILi8EELi0EEES4_S4_E9aggLR_arr_17  |  12|   0|   12|          0|
    |p_ZZ10sgm_kernelRN3hls6streamI7ap_uintILi8EELi0EEES4_S4_E9aggLR_arr_18  |  12|   0|   12|          0|
    |p_ZZ10sgm_kernelRN3hls6streamI7ap_uintILi8EELi0EEES4_S4_E9aggLR_arr_19  |  12|   0|   12|          0|
    |p_ZZ10sgm_kernelRN3hls6streamI7ap_uintILi8EELi0EEES4_S4_E9aggLR_arr_20  |  12|   0|   12|          0|
    |p_ZZ10sgm_kernelRN3hls6streamI7ap_uintILi8EELi0EEES4_S4_E9aggLR_arr_21  |  12|   0|   12|          0|
    |p_ZZ10sgm_kernelRN3hls6streamI7ap_uintILi8EELi0EEES4_S4_E9aggLR_arr_22  |  12|   0|   12|          0|
    |p_ZZ10sgm_kernelRN3hls6streamI7ap_uintILi8EELi0EEES4_S4_E9aggLR_arr_23  |  12|   0|   12|          0|
    |p_ZZ10sgm_kernelRN3hls6streamI7ap_uintILi8EELi0EEES4_S4_E9aggLR_arr_24  |  12|   0|   12|          0|
    |p_ZZ10sgm_kernelRN3hls6streamI7ap_uintILi8EELi0EEES4_S4_E9aggLR_arr_25  |  12|   0|   12|          0|
    |p_ZZ10sgm_kernelRN3hls6streamI7ap_uintILi8EELi0EEES4_S4_E9aggLR_arr_26  |  12|   0|   12|          0|
    |p_ZZ10sgm_kernelRN3hls6streamI7ap_uintILi8EELi0EEES4_S4_E9aggLR_arr_27  |  12|   0|   12|          0|
    |p_ZZ10sgm_kernelRN3hls6streamI7ap_uintILi8EELi0EEES4_S4_E9aggLR_arr_28  |  12|   0|   12|          0|
    |p_ZZ10sgm_kernelRN3hls6streamI7ap_uintILi8EELi0EEES4_S4_E9aggLR_arr_29  |  12|   0|   12|          0|
    |p_ZZ10sgm_kernelRN3hls6streamI7ap_uintILi8EELi0EEES4_S4_E9aggLR_arr_30  |  12|   0|   12|          0|
    |p_ZZ10sgm_kernelRN3hls6streamI7ap_uintILi8EELi0EEES4_S4_E9aggLR_arr_31  |  12|   0|   12|          0|
    |p_ZZ10sgm_kernelRN3hls6streamI7ap_uintILi8EELi0EEES4_S4_E9aggTB_arr_10  |  12|   0|   12|          0|
    |p_ZZ10sgm_kernelRN3hls6streamI7ap_uintILi8EELi0EEES4_S4_E9aggTB_arr_11  |  12|   0|   12|          0|
    |p_ZZ10sgm_kernelRN3hls6streamI7ap_uintILi8EELi0EEES4_S4_E9aggTB_arr_12  |  12|   0|   12|          0|
    |p_ZZ10sgm_kernelRN3hls6streamI7ap_uintILi8EELi0EEES4_S4_E9aggTB_arr_13  |  12|   0|   12|          0|
    |p_ZZ10sgm_kernelRN3hls6streamI7ap_uintILi8EELi0EEES4_S4_E9aggTB_arr_14  |  12|   0|   12|          0|
    |p_ZZ10sgm_kernelRN3hls6streamI7ap_uintILi8EELi0EEES4_S4_E9aggTB_arr_15  |  12|   0|   12|          0|
    |p_ZZ10sgm_kernelRN3hls6streamI7ap_uintILi8EELi0EEES4_S4_E9aggTB_arr_16  |  12|   0|   12|          0|
    |p_ZZ10sgm_kernelRN3hls6streamI7ap_uintILi8EELi0EEES4_S4_E9aggTB_arr_17  |  12|   0|   12|          0|
    |p_ZZ10sgm_kernelRN3hls6streamI7ap_uintILi8EELi0EEES4_S4_E9aggTB_arr_18  |  12|   0|   12|          0|
    |p_ZZ10sgm_kernelRN3hls6streamI7ap_uintILi8EELi0EEES4_S4_E9aggTB_arr_19  |  12|   0|   12|          0|
    |p_ZZ10sgm_kernelRN3hls6streamI7ap_uintILi8EELi0EEES4_S4_E9aggTB_arr_20  |  12|   0|   12|          0|
    |p_ZZ10sgm_kernelRN3hls6streamI7ap_uintILi8EELi0EEES4_S4_E9aggTB_arr_21  |  12|   0|   12|          0|
    |p_ZZ10sgm_kernelRN3hls6streamI7ap_uintILi8EELi0EEES4_S4_E9aggTB_arr_22  |  12|   0|   12|          0|
    |p_ZZ10sgm_kernelRN3hls6streamI7ap_uintILi8EELi0EEES4_S4_E9aggTB_arr_23  |  12|   0|   12|          0|
    |p_ZZ10sgm_kernelRN3hls6streamI7ap_uintILi8EELi0EEES4_S4_E9aggTB_arr_24  |  12|   0|   12|          0|
    |p_ZZ10sgm_kernelRN3hls6streamI7ap_uintILi8EELi0EEES4_S4_E9aggTB_arr_25  |  12|   0|   12|          0|
    |p_ZZ10sgm_kernelRN3hls6streamI7ap_uintILi8EELi0EEES4_S4_E9aggTB_arr_26  |  12|   0|   12|          0|
    |p_ZZ10sgm_kernelRN3hls6streamI7ap_uintILi8EELi0EEES4_S4_E9aggTB_arr_27  |  12|   0|   12|          0|
    |p_ZZ10sgm_kernelRN3hls6streamI7ap_uintILi8EELi0EEES4_S4_E9aggTB_arr_28  |  12|   0|   12|          0|
    |p_ZZ10sgm_kernelRN3hls6streamI7ap_uintILi8EELi0EEES4_S4_E9aggTB_arr_29  |  12|   0|   12|          0|
    |p_ZZ10sgm_kernelRN3hls6streamI7ap_uintILi8EELi0EEES4_S4_E9aggTB_arr_30  |  12|   0|   12|          0|
    |p_ZZ10sgm_kernelRN3hls6streamI7ap_uintILi8EELi0EEES4_S4_E9aggTB_arr_31  |  12|   0|   12|          0|
    |prevCostT_col_0_0_reg_483                                               |  12|   0|   12|          0|
    |prevCostT_col_10_0_reg_573                                              |  12|   0|   12|          0|
    |prevCostT_col_11_0_reg_582                                              |  12|   0|   12|          0|
    |prevCostT_col_1215_0_reg_591                                            |  12|   0|   12|          0|
    |prevCostT_col_13_0_reg_600                                              |  12|   0|   12|          0|
    |prevCostT_col_14_0_reg_609                                              |  12|   0|   12|          0|
    |prevCostT_col_15_0_reg_618                                              |  12|   0|   12|          0|
    |prevCostT_col_16_0_reg_627                                              |  12|   0|   12|          0|
    |prevCostT_col_17_0_reg_636                                              |  12|   0|   12|          0|
    |prevCostT_col_18_0_reg_645                                              |  12|   0|   12|          0|
    |prevCostT_col_19_0_reg_654                                              |  12|   0|   12|          0|
    |prevCostT_col_1_0_reg_492                                               |  12|   0|   12|          0|
    |prevCostT_col_20_0_reg_663                                              |  12|   0|   12|          0|
    |prevCostT_col_21_0_reg_672                                              |  12|   0|   12|          0|
    |prevCostT_col_22_0_reg_681                                              |  12|   0|   12|          0|
    |prevCostT_col_23_0_reg_690                                              |  12|   0|   12|          0|
    |prevCostT_col_2428_0_reg_699                                            |  12|   0|   12|          0|
    |prevCostT_col_25_0_reg_708                                              |  12|   0|   12|          0|
    |prevCostT_col_26_0_reg_717                                              |  12|   0|   12|          0|
    |prevCostT_col_27_0_reg_726                                              |  12|   0|   12|          0|
    |prevCostT_col_28_0_reg_735                                              |  12|   0|   12|          0|
    |prevCostT_col_29_0_reg_744                                              |  12|   0|   12|          0|
    |prevCostT_col_2_0_reg_501                                               |  12|   0|   12|          0|
    |prevCostT_col_30_0_reg_753                                              |  12|   0|   12|          0|
    |prevCostT_col_31_0_reg_762                                              |  12|   0|   12|          0|
    |prevCostT_col_3_0_reg_510                                               |  12|   0|   12|          0|
    |prevCostT_col_4_0_reg_519                                               |  12|   0|   12|          0|
    |prevCostT_col_5_0_reg_528                                               |  12|   0|   12|          0|
    |prevCostT_col_6_0_reg_537                                               |  12|   0|   12|          0|
    |prevCostT_col_7_0_reg_546                                               |  12|   0|   12|          0|
    |prevCostT_col_8_0_reg_555                                               |  12|   0|   12|          0|
    |prevCostT_col_9_0_reg_564                                               |  12|   0|   12|          0|
    |sgm_kernel_stream_stream_ap_uint_8_0_stream_ap_uint_8_0_aggLR_arr       |  12|   0|   12|          0|
    |sgm_kernel_stream_stream_ap_uint_8_0_stream_ap_uint_8_0_aggLR_arr_1     |  12|   0|   12|          0|
    |sgm_kernel_stream_stream_ap_uint_8_0_stream_ap_uint_8_0_aggLR_arr_2     |  12|   0|   12|          0|
    |sgm_kernel_stream_stream_ap_uint_8_0_stream_ap_uint_8_0_aggLR_arr_3     |  12|   0|   12|          0|
    |sgm_kernel_stream_stream_ap_uint_8_0_stream_ap_uint_8_0_aggLR_arr_4     |  12|   0|   12|          0|
    |sgm_kernel_stream_stream_ap_uint_8_0_stream_ap_uint_8_0_aggLR_arr_5     |  12|   0|   12|          0|
    |sgm_kernel_stream_stream_ap_uint_8_0_stream_ap_uint_8_0_aggLR_arr_6     |  12|   0|   12|          0|
    |sgm_kernel_stream_stream_ap_uint_8_0_stream_ap_uint_8_0_aggLR_arr_7     |  12|   0|   12|          0|
    |sgm_kernel_stream_stream_ap_uint_8_0_stream_ap_uint_8_0_aggLR_arr_8     |  12|   0|   12|          0|
    |sgm_kernel_stream_stream_ap_uint_8_0_stream_ap_uint_8_0_aggLR_arr_9     |  12|   0|   12|          0|
    |sgm_kernel_stream_stream_ap_uint_8_0_stream_ap_uint_8_0_aggTB_arr       |  12|   0|   12|          0|
    |sgm_kernel_stream_stream_ap_uint_8_0_stream_ap_uint_8_0_aggTB_arr_1     |  12|   0|   12|          0|
    |sgm_kernel_stream_stream_ap_uint_8_0_stream_ap_uint_8_0_aggTB_arr_2     |  12|   0|   12|          0|
    |sgm_kernel_stream_stream_ap_uint_8_0_stream_ap_uint_8_0_aggTB_arr_3     |  12|   0|   12|          0|
    |sgm_kernel_stream_stream_ap_uint_8_0_stream_ap_uint_8_0_aggTB_arr_4     |  12|   0|   12|          0|
    |sgm_kernel_stream_stream_ap_uint_8_0_stream_ap_uint_8_0_aggTB_arr_5     |  12|   0|   12|          0|
    |sgm_kernel_stream_stream_ap_uint_8_0_stream_ap_uint_8_0_aggTB_arr_6     |  12|   0|   12|          0|
    |sgm_kernel_stream_stream_ap_uint_8_0_stream_ap_uint_8_0_aggTB_arr_7     |  12|   0|   12|          0|
    |sgm_kernel_stream_stream_ap_uint_8_0_stream_ap_uint_8_0_aggTB_arr_8     |  12|   0|   12|          0|
    |sgm_kernel_stream_stream_ap_uint_8_0_stream_ap_uint_8_0_aggTB_arr_9     |  12|   0|   12|          0|
    +------------------------------------------------------------------------+----+----+-----+-----------+
    |Total                                                                   |1594|   0| 1594|          0|
    +------------------------------------------------------------------------+----+----+-----+-----------+



================================================================
== Interface
================================================================
* Summary: 
+---------------------------------------------------------------------------------+-----+-----+------------+------------------------------------------------------------------------+--------------+
|                                    RTL Ports                                    | Dir | Bits|  Protocol  |                              Source Object                             |    C Type    |
+---------------------------------------------------------------------------------+-----+-----+------------+------------------------------------------------------------------------+--------------+
|ap_clk                                                                           |   in|    1|  ap_ctrl_hs|                                                             col_backend|  return value|
|ap_rst                                                                           |   in|    1|  ap_ctrl_hs|                                                             col_backend|  return value|
|ap_start                                                                         |   in|    1|  ap_ctrl_hs|                                                             col_backend|  return value|
|ap_done                                                                          |  out|    1|  ap_ctrl_hs|                                                             col_backend|  return value|
|ap_idle                                                                          |  out|    1|  ap_ctrl_hs|                                                             col_backend|  return value|
|ap_ready                                                                         |  out|    1|  ap_ctrl_hs|                                                             col_backend|  return value|
|ap_return_0                                                                      |  out|    8|  ap_ctrl_hs|                                                             col_backend|  return value|
|ap_return_1                                                                      |  out|   12|  ap_ctrl_hs|                                                             col_backend|  return value|
|ap_return_2                                                                      |  out|   12|  ap_ctrl_hs|                                                             col_backend|  return value|
|ap_return_3                                                                      |  out|   12|  ap_ctrl_hs|                                                             col_backend|  return value|
|ap_return_4                                                                      |  out|   12|  ap_ctrl_hs|                                                             col_backend|  return value|
|ap_return_5                                                                      |  out|   12|  ap_ctrl_hs|                                                             col_backend|  return value|
|ap_return_6                                                                      |  out|   12|  ap_ctrl_hs|                                                             col_backend|  return value|
|ap_return_7                                                                      |  out|   12|  ap_ctrl_hs|                                                             col_backend|  return value|
|ap_return_8                                                                      |  out|   12|  ap_ctrl_hs|                                                             col_backend|  return value|
|ap_return_9                                                                      |  out|   12|  ap_ctrl_hs|                                                             col_backend|  return value|
|ap_return_10                                                                     |  out|   12|  ap_ctrl_hs|                                                             col_backend|  return value|
|ap_return_11                                                                     |  out|   12|  ap_ctrl_hs|                                                             col_backend|  return value|
|ap_return_12                                                                     |  out|   12|  ap_ctrl_hs|                                                             col_backend|  return value|
|ap_return_13                                                                     |  out|   12|  ap_ctrl_hs|                                                             col_backend|  return value|
|ap_return_14                                                                     |  out|   12|  ap_ctrl_hs|                                                             col_backend|  return value|
|ap_return_15                                                                     |  out|   12|  ap_ctrl_hs|                                                             col_backend|  return value|
|ap_return_16                                                                     |  out|   12|  ap_ctrl_hs|                                                             col_backend|  return value|
|ap_return_17                                                                     |  out|   12|  ap_ctrl_hs|                                                             col_backend|  return value|
|ap_return_18                                                                     |  out|   12|  ap_ctrl_hs|                                                             col_backend|  return value|
|ap_return_19                                                                     |  out|   12|  ap_ctrl_hs|                                                             col_backend|  return value|
|ap_return_20                                                                     |  out|   12|  ap_ctrl_hs|                                                             col_backend|  return value|
|ap_return_21                                                                     |  out|   12|  ap_ctrl_hs|                                                             col_backend|  return value|
|ap_return_22                                                                     |  out|   12|  ap_ctrl_hs|                                                             col_backend|  return value|
|ap_return_23                                                                     |  out|   12|  ap_ctrl_hs|                                                             col_backend|  return value|
|ap_return_24                                                                     |  out|   12|  ap_ctrl_hs|                                                             col_backend|  return value|
|ap_return_25                                                                     |  out|   12|  ap_ctrl_hs|                                                             col_backend|  return value|
|ap_return_26                                                                     |  out|   12|  ap_ctrl_hs|                                                             col_backend|  return value|
|ap_return_27                                                                     |  out|   12|  ap_ctrl_hs|                                                             col_backend|  return value|
|ap_return_28                                                                     |  out|   12|  ap_ctrl_hs|                                                             col_backend|  return value|
|ap_return_29                                                                     |  out|   12|  ap_ctrl_hs|                                                             col_backend|  return value|
|ap_return_30                                                                     |  out|   12|  ap_ctrl_hs|                                                             col_backend|  return value|
|ap_return_31                                                                     |  out|   12|  ap_ctrl_hs|                                                             col_backend|  return value|
|ap_return_32                                                                     |  out|   12|  ap_ctrl_hs|                                                             col_backend|  return value|
|pkt_valid_val                                                                    |   in|    1|     ap_none|                                                           pkt_valid_val|        scalar|
|pkt_curCost_address0                                                             |  out|    5|   ap_memory|                                                             pkt_curCost|         array|
|pkt_curCost_ce0                                                                  |  out|    1|   ap_memory|                                                             pkt_curCost|         array|
|pkt_curCost_q0                                                                   |   in|   12|   ap_memory|                                                             pkt_curCost|         array|
|pkt_curCost_address1                                                             |  out|    5|   ap_memory|                                                             pkt_curCost|         array|
|pkt_curCost_ce1                                                                  |  out|    1|   ap_memory|                                                             pkt_curCost|         array|
|pkt_curCost_q1                                                                   |   in|   12|   ap_memory|                                                             pkt_curCost|         array|
|p_read1                                                                          |   in|   12|     ap_none|                                                                 p_read1|        scalar|
|p_read2                                                                          |   in|   12|     ap_none|                                                                 p_read2|        scalar|
|p_read3                                                                          |   in|   12|     ap_none|                                                                 p_read3|        scalar|
|p_read4                                                                          |   in|   12|     ap_none|                                                                 p_read4|        scalar|
|p_read5                                                                          |   in|   12|     ap_none|                                                                 p_read5|        scalar|
|p_read6                                                                          |   in|   12|     ap_none|                                                                 p_read6|        scalar|
|p_read7                                                                          |   in|   12|     ap_none|                                                                 p_read7|        scalar|
|p_read8                                                                          |   in|   12|     ap_none|                                                                 p_read8|        scalar|
|p_read9                                                                          |   in|   12|     ap_none|                                                                 p_read9|        scalar|
|p_read10                                                                         |   in|   12|     ap_none|                                                                p_read10|        scalar|
|p_read11                                                                         |   in|   12|     ap_none|                                                                p_read11|        scalar|
|p_read12                                                                         |   in|   12|     ap_none|                                                                p_read12|        scalar|
|p_read13                                                                         |   in|   12|     ap_none|                                                                p_read13|        scalar|
|p_read14                                                                         |   in|   12|     ap_none|                                                                p_read14|        scalar|
|p_read15                                                                         |   in|   12|     ap_none|                                                                p_read15|        scalar|
|p_read16                                                                         |   in|   12|     ap_none|                                                                p_read16|        scalar|
|p_read17                                                                         |   in|   12|     ap_none|                                                                p_read17|        scalar|
|p_read18                                                                         |   in|   12|     ap_none|                                                                p_read18|        scalar|
|p_read19                                                                         |   in|   12|     ap_none|                                                                p_read19|        scalar|
|p_read20                                                                         |   in|   12|     ap_none|                                                                p_read20|        scalar|
|p_read21                                                                         |   in|   12|     ap_none|                                                                p_read21|        scalar|
|p_read22                                                                         |   in|   12|     ap_none|                                                                p_read22|        scalar|
|p_read23                                                                         |   in|   12|     ap_none|                                                                p_read23|        scalar|
|p_read24                                                                         |   in|   12|     ap_none|                                                                p_read24|        scalar|
|p_read25                                                                         |   in|   12|     ap_none|                                                                p_read25|        scalar|
|p_read26                                                                         |   in|   12|     ap_none|                                                                p_read26|        scalar|
|p_read27                                                                         |   in|   12|     ap_none|                                                                p_read27|        scalar|
|p_read28                                                                         |   in|   12|     ap_none|                                                                p_read28|        scalar|
|p_read29                                                                         |   in|   12|     ap_none|                                                                p_read29|        scalar|
|p_read30                                                                         |   in|   12|     ap_none|                                                                p_read30|        scalar|
|p_read31                                                                         |   in|   12|     ap_none|                                                                p_read31|        scalar|
|p_read32                                                                         |   in|   12|     ap_none|                                                                p_read32|        scalar|
|sgm_kernel_stream_stream_ap_uint_8_0_stream_ap_uint_8_0_prevCostL_9_i            |   in|   12|     ap_ovld|     sgm_kernel_stream_stream_ap_uint_8_0_stream_ap_uint_8_0_prevCostL_9|       pointer|
|sgm_kernel_stream_stream_ap_uint_8_0_stream_ap_uint_8_0_prevCostL_9_o            |  out|   12|     ap_ovld|     sgm_kernel_stream_stream_ap_uint_8_0_stream_ap_uint_8_0_prevCostL_9|       pointer|
|sgm_kernel_stream_stream_ap_uint_8_0_stream_ap_uint_8_0_prevCostL_9_o_ap_vld     |  out|    1|     ap_ovld|     sgm_kernel_stream_stream_ap_uint_8_0_stream_ap_uint_8_0_prevCostL_9|       pointer|
|sgm_kernel_stream_stream_ap_uint_8_0_stream_ap_uint_8_0_prevCostL_8_i            |   in|   12|     ap_ovld|     sgm_kernel_stream_stream_ap_uint_8_0_stream_ap_uint_8_0_prevCostL_8|       pointer|
|sgm_kernel_stream_stream_ap_uint_8_0_stream_ap_uint_8_0_prevCostL_8_o            |  out|   12|     ap_ovld|     sgm_kernel_stream_stream_ap_uint_8_0_stream_ap_uint_8_0_prevCostL_8|       pointer|
|sgm_kernel_stream_stream_ap_uint_8_0_stream_ap_uint_8_0_prevCostL_8_o_ap_vld     |  out|    1|     ap_ovld|     sgm_kernel_stream_stream_ap_uint_8_0_stream_ap_uint_8_0_prevCostL_8|       pointer|
|sgm_kernel_stream_stream_ap_uint_8_0_stream_ap_uint_8_0_prevCostL_7_i            |   in|   12|     ap_ovld|     sgm_kernel_stream_stream_ap_uint_8_0_stream_ap_uint_8_0_prevCostL_7|       pointer|
|sgm_kernel_stream_stream_ap_uint_8_0_stream_ap_uint_8_0_prevCostL_7_o            |  out|   12|     ap_ovld|     sgm_kernel_stream_stream_ap_uint_8_0_stream_ap_uint_8_0_prevCostL_7|       pointer|
|sgm_kernel_stream_stream_ap_uint_8_0_stream_ap_uint_8_0_prevCostL_7_o_ap_vld     |  out|    1|     ap_ovld|     sgm_kernel_stream_stream_ap_uint_8_0_stream_ap_uint_8_0_prevCostL_7|       pointer|
|sgm_kernel_stream_stream_ap_uint_8_0_stream_ap_uint_8_0_prevCostL_6_i            |   in|   12|     ap_ovld|     sgm_kernel_stream_stream_ap_uint_8_0_stream_ap_uint_8_0_prevCostL_6|       pointer|
|sgm_kernel_stream_stream_ap_uint_8_0_stream_ap_uint_8_0_prevCostL_6_o            |  out|   12|     ap_ovld|     sgm_kernel_stream_stream_ap_uint_8_0_stream_ap_uint_8_0_prevCostL_6|       pointer|
|sgm_kernel_stream_stream_ap_uint_8_0_stream_ap_uint_8_0_prevCostL_6_o_ap_vld     |  out|    1|     ap_ovld|     sgm_kernel_stream_stream_ap_uint_8_0_stream_ap_uint_8_0_prevCostL_6|       pointer|
|sgm_kernel_stream_stream_ap_uint_8_0_stream_ap_uint_8_0_prevCostL_5_i            |   in|   12|     ap_ovld|     sgm_kernel_stream_stream_ap_uint_8_0_stream_ap_uint_8_0_prevCostL_5|       pointer|
|sgm_kernel_stream_stream_ap_uint_8_0_stream_ap_uint_8_0_prevCostL_5_o            |  out|   12|     ap_ovld|     sgm_kernel_stream_stream_ap_uint_8_0_stream_ap_uint_8_0_prevCostL_5|       pointer|
|sgm_kernel_stream_stream_ap_uint_8_0_stream_ap_uint_8_0_prevCostL_5_o_ap_vld     |  out|    1|     ap_ovld|     sgm_kernel_stream_stream_ap_uint_8_0_stream_ap_uint_8_0_prevCostL_5|       pointer|
|sgm_kernel_stream_stream_ap_uint_8_0_stream_ap_uint_8_0_prevCostL_4_i            |   in|   12|     ap_ovld|     sgm_kernel_stream_stream_ap_uint_8_0_stream_ap_uint_8_0_prevCostL_4|       pointer|
|sgm_kernel_stream_stream_ap_uint_8_0_stream_ap_uint_8_0_prevCostL_4_o            |  out|   12|     ap_ovld|     sgm_kernel_stream_stream_ap_uint_8_0_stream_ap_uint_8_0_prevCostL_4|       pointer|
|sgm_kernel_stream_stream_ap_uint_8_0_stream_ap_uint_8_0_prevCostL_4_o_ap_vld     |  out|    1|     ap_ovld|     sgm_kernel_stream_stream_ap_uint_8_0_stream_ap_uint_8_0_prevCostL_4|       pointer|
|sgm_kernel_stream_stream_ap_uint_8_0_stream_ap_uint_8_0_prevCostL_3_i            |   in|   12|     ap_ovld|     sgm_kernel_stream_stream_ap_uint_8_0_stream_ap_uint_8_0_prevCostL_3|       pointer|
|sgm_kernel_stream_stream_ap_uint_8_0_stream_ap_uint_8_0_prevCostL_3_o            |  out|   12|     ap_ovld|     sgm_kernel_stream_stream_ap_uint_8_0_stream_ap_uint_8_0_prevCostL_3|       pointer|
|sgm_kernel_stream_stream_ap_uint_8_0_stream_ap_uint_8_0_prevCostL_3_o_ap_vld     |  out|    1|     ap_ovld|     sgm_kernel_stream_stream_ap_uint_8_0_stream_ap_uint_8_0_prevCostL_3|       pointer|
|sgm_kernel_stream_stream_ap_uint_8_0_stream_ap_uint_8_0_prevCostL_2_i            |   in|   12|     ap_ovld|     sgm_kernel_stream_stream_ap_uint_8_0_stream_ap_uint_8_0_prevCostL_2|       pointer|
|sgm_kernel_stream_stream_ap_uint_8_0_stream_ap_uint_8_0_prevCostL_2_o            |  out|   12|     ap_ovld|     sgm_kernel_stream_stream_ap_uint_8_0_stream_ap_uint_8_0_prevCostL_2|       pointer|
|sgm_kernel_stream_stream_ap_uint_8_0_stream_ap_uint_8_0_prevCostL_2_o_ap_vld     |  out|    1|     ap_ovld|     sgm_kernel_stream_stream_ap_uint_8_0_stream_ap_uint_8_0_prevCostL_2|       pointer|
|sgm_kernel_stream_stream_ap_uint_8_0_stream_ap_uint_8_0_prevCostL_1_i            |   in|   12|     ap_ovld|     sgm_kernel_stream_stream_ap_uint_8_0_stream_ap_uint_8_0_prevCostL_1|       pointer|
|sgm_kernel_stream_stream_ap_uint_8_0_stream_ap_uint_8_0_prevCostL_1_o            |  out|   12|     ap_ovld|     sgm_kernel_stream_stream_ap_uint_8_0_stream_ap_uint_8_0_prevCostL_1|       pointer|
|sgm_kernel_stream_stream_ap_uint_8_0_stream_ap_uint_8_0_prevCostL_1_o_ap_vld     |  out|    1|     ap_ovld|     sgm_kernel_stream_stream_ap_uint_8_0_stream_ap_uint_8_0_prevCostL_1|       pointer|
|sgm_kernel_stream_stream_ap_uint_8_0_stream_ap_uint_8_0_prevCostL_i              |   in|   12|     ap_ovld|       sgm_kernel_stream_stream_ap_uint_8_0_stream_ap_uint_8_0_prevCostL|       pointer|
|sgm_kernel_stream_stream_ap_uint_8_0_stream_ap_uint_8_0_prevCostL_o              |  out|   12|     ap_ovld|       sgm_kernel_stream_stream_ap_uint_8_0_stream_ap_uint_8_0_prevCostL|       pointer|
|sgm_kernel_stream_stream_ap_uint_8_0_stream_ap_uint_8_0_prevCostL_o_ap_vld       |  out|    1|     ap_ovld|       sgm_kernel_stream_stream_ap_uint_8_0_stream_ap_uint_8_0_prevCostL|       pointer|
|p_ZZ10sgm_kernelRN3hls6streamI7ap_uintILi8EELi0EEES4_S4_E9prevCostL_10_i         |   in|   12|     ap_ovld|  p_ZZ10sgm_kernelRN3hls6streamI7ap_uintILi8EELi0EEES4_S4_E9prevCostL_10|       pointer|
|p_ZZ10sgm_kernelRN3hls6streamI7ap_uintILi8EELi0EEES4_S4_E9prevCostL_10_o         |  out|   12|     ap_ovld|  p_ZZ10sgm_kernelRN3hls6streamI7ap_uintILi8EELi0EEES4_S4_E9prevCostL_10|       pointer|
|p_ZZ10sgm_kernelRN3hls6streamI7ap_uintILi8EELi0EEES4_S4_E9prevCostL_10_o_ap_vld  |  out|    1|     ap_ovld|  p_ZZ10sgm_kernelRN3hls6streamI7ap_uintILi8EELi0EEES4_S4_E9prevCostL_10|       pointer|
|p_ZZ10sgm_kernelRN3hls6streamI7ap_uintILi8EELi0EEES4_S4_E9prevCostL_11_i         |   in|   12|     ap_ovld|  p_ZZ10sgm_kernelRN3hls6streamI7ap_uintILi8EELi0EEES4_S4_E9prevCostL_11|       pointer|
|p_ZZ10sgm_kernelRN3hls6streamI7ap_uintILi8EELi0EEES4_S4_E9prevCostL_11_o         |  out|   12|     ap_ovld|  p_ZZ10sgm_kernelRN3hls6streamI7ap_uintILi8EELi0EEES4_S4_E9prevCostL_11|       pointer|
|p_ZZ10sgm_kernelRN3hls6streamI7ap_uintILi8EELi0EEES4_S4_E9prevCostL_11_o_ap_vld  |  out|    1|     ap_ovld|  p_ZZ10sgm_kernelRN3hls6streamI7ap_uintILi8EELi0EEES4_S4_E9prevCostL_11|       pointer|
|p_ZZ10sgm_kernelRN3hls6streamI7ap_uintILi8EELi0EEES4_S4_E9prevCostL_12_i         |   in|   12|     ap_ovld|  p_ZZ10sgm_kernelRN3hls6streamI7ap_uintILi8EELi0EEES4_S4_E9prevCostL_12|       pointer|
|p_ZZ10sgm_kernelRN3hls6streamI7ap_uintILi8EELi0EEES4_S4_E9prevCostL_12_o         |  out|   12|     ap_ovld|  p_ZZ10sgm_kernelRN3hls6streamI7ap_uintILi8EELi0EEES4_S4_E9prevCostL_12|       pointer|
|p_ZZ10sgm_kernelRN3hls6streamI7ap_uintILi8EELi0EEES4_S4_E9prevCostL_12_o_ap_vld  |  out|    1|     ap_ovld|  p_ZZ10sgm_kernelRN3hls6streamI7ap_uintILi8EELi0EEES4_S4_E9prevCostL_12|       pointer|
|p_ZZ10sgm_kernelRN3hls6streamI7ap_uintILi8EELi0EEES4_S4_E9prevCostL_13_i         |   in|   12|     ap_ovld|  p_ZZ10sgm_kernelRN3hls6streamI7ap_uintILi8EELi0EEES4_S4_E9prevCostL_13|       pointer|
|p_ZZ10sgm_kernelRN3hls6streamI7ap_uintILi8EELi0EEES4_S4_E9prevCostL_13_o         |  out|   12|     ap_ovld|  p_ZZ10sgm_kernelRN3hls6streamI7ap_uintILi8EELi0EEES4_S4_E9prevCostL_13|       pointer|
|p_ZZ10sgm_kernelRN3hls6streamI7ap_uintILi8EELi0EEES4_S4_E9prevCostL_13_o_ap_vld  |  out|    1|     ap_ovld|  p_ZZ10sgm_kernelRN3hls6streamI7ap_uintILi8EELi0EEES4_S4_E9prevCostL_13|       pointer|
|p_ZZ10sgm_kernelRN3hls6streamI7ap_uintILi8EELi0EEES4_S4_E9prevCostL_14_i         |   in|   12|     ap_ovld|  p_ZZ10sgm_kernelRN3hls6streamI7ap_uintILi8EELi0EEES4_S4_E9prevCostL_14|       pointer|
|p_ZZ10sgm_kernelRN3hls6streamI7ap_uintILi8EELi0EEES4_S4_E9prevCostL_14_o         |  out|   12|     ap_ovld|  p_ZZ10sgm_kernelRN3hls6streamI7ap_uintILi8EELi0EEES4_S4_E9prevCostL_14|       pointer|
|p_ZZ10sgm_kernelRN3hls6streamI7ap_uintILi8EELi0EEES4_S4_E9prevCostL_14_o_ap_vld  |  out|    1|     ap_ovld|  p_ZZ10sgm_kernelRN3hls6streamI7ap_uintILi8EELi0EEES4_S4_E9prevCostL_14|       pointer|
|p_ZZ10sgm_kernelRN3hls6streamI7ap_uintILi8EELi0EEES4_S4_E9prevCostL_15_i         |   in|   12|     ap_ovld|  p_ZZ10sgm_kernelRN3hls6streamI7ap_uintILi8EELi0EEES4_S4_E9prevCostL_15|       pointer|
|p_ZZ10sgm_kernelRN3hls6streamI7ap_uintILi8EELi0EEES4_S4_E9prevCostL_15_o         |  out|   12|     ap_ovld|  p_ZZ10sgm_kernelRN3hls6streamI7ap_uintILi8EELi0EEES4_S4_E9prevCostL_15|       pointer|
|p_ZZ10sgm_kernelRN3hls6streamI7ap_uintILi8EELi0EEES4_S4_E9prevCostL_15_o_ap_vld  |  out|    1|     ap_ovld|  p_ZZ10sgm_kernelRN3hls6streamI7ap_uintILi8EELi0EEES4_S4_E9prevCostL_15|       pointer|
|p_ZZ10sgm_kernelRN3hls6streamI7ap_uintILi8EELi0EEES4_S4_E9prevCostL_16_i         |   in|   12|     ap_ovld|  p_ZZ10sgm_kernelRN3hls6streamI7ap_uintILi8EELi0EEES4_S4_E9prevCostL_16|       pointer|
|p_ZZ10sgm_kernelRN3hls6streamI7ap_uintILi8EELi0EEES4_S4_E9prevCostL_16_o         |  out|   12|     ap_ovld|  p_ZZ10sgm_kernelRN3hls6streamI7ap_uintILi8EELi0EEES4_S4_E9prevCostL_16|       pointer|
|p_ZZ10sgm_kernelRN3hls6streamI7ap_uintILi8EELi0EEES4_S4_E9prevCostL_16_o_ap_vld  |  out|    1|     ap_ovld|  p_ZZ10sgm_kernelRN3hls6streamI7ap_uintILi8EELi0EEES4_S4_E9prevCostL_16|       pointer|
|p_ZZ10sgm_kernelRN3hls6streamI7ap_uintILi8EELi0EEES4_S4_E9prevCostL_17_i         |   in|   12|     ap_ovld|  p_ZZ10sgm_kernelRN3hls6streamI7ap_uintILi8EELi0EEES4_S4_E9prevCostL_17|       pointer|
|p_ZZ10sgm_kernelRN3hls6streamI7ap_uintILi8EELi0EEES4_S4_E9prevCostL_17_o         |  out|   12|     ap_ovld|  p_ZZ10sgm_kernelRN3hls6streamI7ap_uintILi8EELi0EEES4_S4_E9prevCostL_17|       pointer|
|p_ZZ10sgm_kernelRN3hls6streamI7ap_uintILi8EELi0EEES4_S4_E9prevCostL_17_o_ap_vld  |  out|    1|     ap_ovld|  p_ZZ10sgm_kernelRN3hls6streamI7ap_uintILi8EELi0EEES4_S4_E9prevCostL_17|       pointer|
|p_ZZ10sgm_kernelRN3hls6streamI7ap_uintILi8EELi0EEES4_S4_E9prevCostL_18_i         |   in|   12|     ap_ovld|  p_ZZ10sgm_kernelRN3hls6streamI7ap_uintILi8EELi0EEES4_S4_E9prevCostL_18|       pointer|
|p_ZZ10sgm_kernelRN3hls6streamI7ap_uintILi8EELi0EEES4_S4_E9prevCostL_18_o         |  out|   12|     ap_ovld|  p_ZZ10sgm_kernelRN3hls6streamI7ap_uintILi8EELi0EEES4_S4_E9prevCostL_18|       pointer|
|p_ZZ10sgm_kernelRN3hls6streamI7ap_uintILi8EELi0EEES4_S4_E9prevCostL_18_o_ap_vld  |  out|    1|     ap_ovld|  p_ZZ10sgm_kernelRN3hls6streamI7ap_uintILi8EELi0EEES4_S4_E9prevCostL_18|       pointer|
|p_ZZ10sgm_kernelRN3hls6streamI7ap_uintILi8EELi0EEES4_S4_E9prevCostL_19_i         |   in|   12|     ap_ovld|  p_ZZ10sgm_kernelRN3hls6streamI7ap_uintILi8EELi0EEES4_S4_E9prevCostL_19|       pointer|
|p_ZZ10sgm_kernelRN3hls6streamI7ap_uintILi8EELi0EEES4_S4_E9prevCostL_19_o         |  out|   12|     ap_ovld|  p_ZZ10sgm_kernelRN3hls6streamI7ap_uintILi8EELi0EEES4_S4_E9prevCostL_19|       pointer|
|p_ZZ10sgm_kernelRN3hls6streamI7ap_uintILi8EELi0EEES4_S4_E9prevCostL_19_o_ap_vld  |  out|    1|     ap_ovld|  p_ZZ10sgm_kernelRN3hls6streamI7ap_uintILi8EELi0EEES4_S4_E9prevCostL_19|       pointer|
|p_ZZ10sgm_kernelRN3hls6streamI7ap_uintILi8EELi0EEES4_S4_E9prevCostL_20_i         |   in|   12|     ap_ovld|  p_ZZ10sgm_kernelRN3hls6streamI7ap_uintILi8EELi0EEES4_S4_E9prevCostL_20|       pointer|
|p_ZZ10sgm_kernelRN3hls6streamI7ap_uintILi8EELi0EEES4_S4_E9prevCostL_20_o         |  out|   12|     ap_ovld|  p_ZZ10sgm_kernelRN3hls6streamI7ap_uintILi8EELi0EEES4_S4_E9prevCostL_20|       pointer|
|p_ZZ10sgm_kernelRN3hls6streamI7ap_uintILi8EELi0EEES4_S4_E9prevCostL_20_o_ap_vld  |  out|    1|     ap_ovld|  p_ZZ10sgm_kernelRN3hls6streamI7ap_uintILi8EELi0EEES4_S4_E9prevCostL_20|       pointer|
|p_ZZ10sgm_kernelRN3hls6streamI7ap_uintILi8EELi0EEES4_S4_E9prevCostL_21_i         |   in|   12|     ap_ovld|  p_ZZ10sgm_kernelRN3hls6streamI7ap_uintILi8EELi0EEES4_S4_E9prevCostL_21|       pointer|
|p_ZZ10sgm_kernelRN3hls6streamI7ap_uintILi8EELi0EEES4_S4_E9prevCostL_21_o         |  out|   12|     ap_ovld|  p_ZZ10sgm_kernelRN3hls6streamI7ap_uintILi8EELi0EEES4_S4_E9prevCostL_21|       pointer|
|p_ZZ10sgm_kernelRN3hls6streamI7ap_uintILi8EELi0EEES4_S4_E9prevCostL_21_o_ap_vld  |  out|    1|     ap_ovld|  p_ZZ10sgm_kernelRN3hls6streamI7ap_uintILi8EELi0EEES4_S4_E9prevCostL_21|       pointer|
|p_ZZ10sgm_kernelRN3hls6streamI7ap_uintILi8EELi0EEES4_S4_E9prevCostL_22_i         |   in|   12|     ap_ovld|  p_ZZ10sgm_kernelRN3hls6streamI7ap_uintILi8EELi0EEES4_S4_E9prevCostL_22|       pointer|
|p_ZZ10sgm_kernelRN3hls6streamI7ap_uintILi8EELi0EEES4_S4_E9prevCostL_22_o         |  out|   12|     ap_ovld|  p_ZZ10sgm_kernelRN3hls6streamI7ap_uintILi8EELi0EEES4_S4_E9prevCostL_22|       pointer|
|p_ZZ10sgm_kernelRN3hls6streamI7ap_uintILi8EELi0EEES4_S4_E9prevCostL_22_o_ap_vld  |  out|    1|     ap_ovld|  p_ZZ10sgm_kernelRN3hls6streamI7ap_uintILi8EELi0EEES4_S4_E9prevCostL_22|       pointer|
|p_ZZ10sgm_kernelRN3hls6streamI7ap_uintILi8EELi0EEES4_S4_E9prevCostL_23_i         |   in|   12|     ap_ovld|  p_ZZ10sgm_kernelRN3hls6streamI7ap_uintILi8EELi0EEES4_S4_E9prevCostL_23|       pointer|
|p_ZZ10sgm_kernelRN3hls6streamI7ap_uintILi8EELi0EEES4_S4_E9prevCostL_23_o         |  out|   12|     ap_ovld|  p_ZZ10sgm_kernelRN3hls6streamI7ap_uintILi8EELi0EEES4_S4_E9prevCostL_23|       pointer|
|p_ZZ10sgm_kernelRN3hls6streamI7ap_uintILi8EELi0EEES4_S4_E9prevCostL_23_o_ap_vld  |  out|    1|     ap_ovld|  p_ZZ10sgm_kernelRN3hls6streamI7ap_uintILi8EELi0EEES4_S4_E9prevCostL_23|       pointer|
|p_ZZ10sgm_kernelRN3hls6streamI7ap_uintILi8EELi0EEES4_S4_E9prevCostL_24_i         |   in|   12|     ap_ovld|  p_ZZ10sgm_kernelRN3hls6streamI7ap_uintILi8EELi0EEES4_S4_E9prevCostL_24|       pointer|
|p_ZZ10sgm_kernelRN3hls6streamI7ap_uintILi8EELi0EEES4_S4_E9prevCostL_24_o         |  out|   12|     ap_ovld|  p_ZZ10sgm_kernelRN3hls6streamI7ap_uintILi8EELi0EEES4_S4_E9prevCostL_24|       pointer|
|p_ZZ10sgm_kernelRN3hls6streamI7ap_uintILi8EELi0EEES4_S4_E9prevCostL_24_o_ap_vld  |  out|    1|     ap_ovld|  p_ZZ10sgm_kernelRN3hls6streamI7ap_uintILi8EELi0EEES4_S4_E9prevCostL_24|       pointer|
|p_ZZ10sgm_kernelRN3hls6streamI7ap_uintILi8EELi0EEES4_S4_E9prevCostL_25_i         |   in|   12|     ap_ovld|  p_ZZ10sgm_kernelRN3hls6streamI7ap_uintILi8EELi0EEES4_S4_E9prevCostL_25|       pointer|
|p_ZZ10sgm_kernelRN3hls6streamI7ap_uintILi8EELi0EEES4_S4_E9prevCostL_25_o         |  out|   12|     ap_ovld|  p_ZZ10sgm_kernelRN3hls6streamI7ap_uintILi8EELi0EEES4_S4_E9prevCostL_25|       pointer|
|p_ZZ10sgm_kernelRN3hls6streamI7ap_uintILi8EELi0EEES4_S4_E9prevCostL_25_o_ap_vld  |  out|    1|     ap_ovld|  p_ZZ10sgm_kernelRN3hls6streamI7ap_uintILi8EELi0EEES4_S4_E9prevCostL_25|       pointer|
|p_ZZ10sgm_kernelRN3hls6streamI7ap_uintILi8EELi0EEES4_S4_E9prevCostL_26_i         |   in|   12|     ap_ovld|  p_ZZ10sgm_kernelRN3hls6streamI7ap_uintILi8EELi0EEES4_S4_E9prevCostL_26|       pointer|
|p_ZZ10sgm_kernelRN3hls6streamI7ap_uintILi8EELi0EEES4_S4_E9prevCostL_26_o         |  out|   12|     ap_ovld|  p_ZZ10sgm_kernelRN3hls6streamI7ap_uintILi8EELi0EEES4_S4_E9prevCostL_26|       pointer|
|p_ZZ10sgm_kernelRN3hls6streamI7ap_uintILi8EELi0EEES4_S4_E9prevCostL_26_o_ap_vld  |  out|    1|     ap_ovld|  p_ZZ10sgm_kernelRN3hls6streamI7ap_uintILi8EELi0EEES4_S4_E9prevCostL_26|       pointer|
|p_ZZ10sgm_kernelRN3hls6streamI7ap_uintILi8EELi0EEES4_S4_E9prevCostL_27_i         |   in|   12|     ap_ovld|  p_ZZ10sgm_kernelRN3hls6streamI7ap_uintILi8EELi0EEES4_S4_E9prevCostL_27|       pointer|
|p_ZZ10sgm_kernelRN3hls6streamI7ap_uintILi8EELi0EEES4_S4_E9prevCostL_27_o         |  out|   12|     ap_ovld|  p_ZZ10sgm_kernelRN3hls6streamI7ap_uintILi8EELi0EEES4_S4_E9prevCostL_27|       pointer|
|p_ZZ10sgm_kernelRN3hls6streamI7ap_uintILi8EELi0EEES4_S4_E9prevCostL_27_o_ap_vld  |  out|    1|     ap_ovld|  p_ZZ10sgm_kernelRN3hls6streamI7ap_uintILi8EELi0EEES4_S4_E9prevCostL_27|       pointer|
|p_ZZ10sgm_kernelRN3hls6streamI7ap_uintILi8EELi0EEES4_S4_E9prevCostL_28_i         |   in|   12|     ap_ovld|  p_ZZ10sgm_kernelRN3hls6streamI7ap_uintILi8EELi0EEES4_S4_E9prevCostL_28|       pointer|
|p_ZZ10sgm_kernelRN3hls6streamI7ap_uintILi8EELi0EEES4_S4_E9prevCostL_28_o         |  out|   12|     ap_ovld|  p_ZZ10sgm_kernelRN3hls6streamI7ap_uintILi8EELi0EEES4_S4_E9prevCostL_28|       pointer|
|p_ZZ10sgm_kernelRN3hls6streamI7ap_uintILi8EELi0EEES4_S4_E9prevCostL_28_o_ap_vld  |  out|    1|     ap_ovld|  p_ZZ10sgm_kernelRN3hls6streamI7ap_uintILi8EELi0EEES4_S4_E9prevCostL_28|       pointer|
|p_ZZ10sgm_kernelRN3hls6streamI7ap_uintILi8EELi0EEES4_S4_E9prevCostL_29_i         |   in|   12|     ap_ovld|  p_ZZ10sgm_kernelRN3hls6streamI7ap_uintILi8EELi0EEES4_S4_E9prevCostL_29|       pointer|
|p_ZZ10sgm_kernelRN3hls6streamI7ap_uintILi8EELi0EEES4_S4_E9prevCostL_29_o         |  out|   12|     ap_ovld|  p_ZZ10sgm_kernelRN3hls6streamI7ap_uintILi8EELi0EEES4_S4_E9prevCostL_29|       pointer|
|p_ZZ10sgm_kernelRN3hls6streamI7ap_uintILi8EELi0EEES4_S4_E9prevCostL_29_o_ap_vld  |  out|    1|     ap_ovld|  p_ZZ10sgm_kernelRN3hls6streamI7ap_uintILi8EELi0EEES4_S4_E9prevCostL_29|       pointer|
|p_ZZ10sgm_kernelRN3hls6streamI7ap_uintILi8EELi0EEES4_S4_E9prevCostL_30_i         |   in|   12|     ap_ovld|  p_ZZ10sgm_kernelRN3hls6streamI7ap_uintILi8EELi0EEES4_S4_E9prevCostL_30|       pointer|
|p_ZZ10sgm_kernelRN3hls6streamI7ap_uintILi8EELi0EEES4_S4_E9prevCostL_30_o         |  out|   12|     ap_ovld|  p_ZZ10sgm_kernelRN3hls6streamI7ap_uintILi8EELi0EEES4_S4_E9prevCostL_30|       pointer|
|p_ZZ10sgm_kernelRN3hls6streamI7ap_uintILi8EELi0EEES4_S4_E9prevCostL_30_o_ap_vld  |  out|    1|     ap_ovld|  p_ZZ10sgm_kernelRN3hls6streamI7ap_uintILi8EELi0EEES4_S4_E9prevCostL_30|       pointer|
|p_ZZ10sgm_kernelRN3hls6streamI7ap_uintILi8EELi0EEES4_S4_E9prevCostL_31_i         |   in|   12|     ap_ovld|  p_ZZ10sgm_kernelRN3hls6streamI7ap_uintILi8EELi0EEES4_S4_E9prevCostL_31|       pointer|
|p_ZZ10sgm_kernelRN3hls6streamI7ap_uintILi8EELi0EEES4_S4_E9prevCostL_31_o         |  out|   12|     ap_ovld|  p_ZZ10sgm_kernelRN3hls6streamI7ap_uintILi8EELi0EEES4_S4_E9prevCostL_31|       pointer|
|p_ZZ10sgm_kernelRN3hls6streamI7ap_uintILi8EELi0EEES4_S4_E9prevCostL_31_o_ap_vld  |  out|    1|     ap_ovld|  p_ZZ10sgm_kernelRN3hls6streamI7ap_uintILi8EELi0EEES4_S4_E9prevCostL_31|       pointer|
+---------------------------------------------------------------------------------+-----+-----+------------+------------------------------------------------------------------------+--------------+

