

================================================================
== Vitis HLS Report for 'compute_sad_cost_vector'
================================================================
* Date:           Mon Apr 13 09:12:03 2026

* Version:        2023.1 (Build 3854077 on May  4 2023)
* Project:        sgm_kernel
* Solution:       solution1 (Vivado IP Flow Target)
* Product family: zynq
* Target device:  xc7z010-clg400-1


================================================================
== Performance Estimates
================================================================
+ Timing: 
    * Summary: 
    +--------+----------+----------+------------+
    |  Clock |  Target  | Estimated| Uncertainty|
    +--------+----------+----------+------------+
    |ap_clk  |  10.00 ns|  6.992 ns|     2.70 ns|
    +--------+----------+----------+------------+

+ Latency: 
    * Summary: 
    +---------+---------+-----------+-----------+------+------+---------+
    |  Latency (cycles) |   Latency (absolute)  |   Interval  | Pipeline|
    |   min   |   max   |    min    |    max    |  min |  max |   Type  |
    +---------+---------+-----------+-----------+------+------+---------+
    |     1425|     1633|  14.250 us|  16.330 us|  1425|  1633|       no|
    +---------+---------+-----------+-----------+------+------+---------+

    + Detail: 
        * Instance: 
        +---------------------------------------------------+----------------------------------------+---------+---------+-----------+-----------+-----+-----+---------+
        |                                                   |                                        |  Latency (cycles) |   Latency (absolute)  |  Interval | Pipeline|
        |                      Instance                     |                 Module                 |   min   |   max   |    min    |    max    | min | max |   Type  |
        +---------------------------------------------------+----------------------------------------+---------+---------+-----------+-----------+-----+-----+---------+
        |grp_compute_sad_cost_vector_Pipeline_WinX_fu_276   |compute_sad_cost_vector_Pipeline_WinX   |        8|        9|  80.000 ns|  90.000 ns|    8|    9|       no|
        |grp_compute_sad_cost_vector_Pipeline_WinX1_fu_292  |compute_sad_cost_vector_Pipeline_WinX1  |        8|        9|  80.000 ns|  90.000 ns|    8|    9|       no|
        |grp_compute_sad_cost_vector_Pipeline_WinX2_fu_306  |compute_sad_cost_vector_Pipeline_WinX2  |        8|        9|  80.000 ns|  90.000 ns|    8|    9|       no|
        |grp_compute_sad_cost_vector_Pipeline_WinX3_fu_322  |compute_sad_cost_vector_Pipeline_WinX3  |        8|        9|  80.000 ns|  90.000 ns|    8|    9|       no|
        +---------------------------------------------------+----------------------------------------+---------+---------+-----------+-----------+-----+-----+---------+

        * Loop: 
        +------------+---------+---------+----------+-----------+-----------+------+----------+
        |            |  Latency (cycles) | Iteration|  Initiation Interval  | Trip |          |
        |  Loop Name |   min   |   max   |  Latency |  achieved |   target  | Count| Pipelined|
        +------------+---------+---------+----------+-----------+-----------+------+----------+
        |- SAD_Loop  |     1424|     1632|  89 ~ 102|          -|          -|    16|        no|
        | + WinY     |       42|       48|   21 ~ 23|          -|          -|     2|        no|
        | + WinY     |       42|       48|   21 ~ 23|          -|          -|     2|        no|
        +------------+---------+---------+----------+-----------+-----------+------+----------+



================================================================
== Utilization Estimates
================================================================
* Summary: 
+-----------------+---------+----+-------+-------+-----+
|       Name      | BRAM_18K| DSP|   FF  |  LUT  | URAM|
+-----------------+---------+----+-------+-------+-----+
|DSP              |        -|   -|      -|      -|    -|
|Expression       |        -|   -|      0|    205|    -|
|FIFO             |        -|   -|      -|      -|    -|
|Instance         |        -|   -|    336|   1880|    -|
|Memory           |        -|   -|      -|      -|    -|
|Multiplexer      |        -|   -|      -|    249|    -|
|Register         |        -|   -|    265|      -|    -|
+-----------------+---------+----+-------+-------+-----+
|Total            |        0|   0|    601|   2334|    0|
+-----------------+---------+----+-------+-------+-----+
|Available        |      120|  80|  35200|  17600|    0|
+-----------------+---------+----+-------+-------+-----+
|Utilization (%)  |        0|   0|      1|     13|    0|
+-----------------+---------+----+-------+-------+-----+

+ Detail: 
    * Instance: 
    +---------------------------------------------------+----------------------------------------+---------+----+----+-----+-----+
    |                      Instance                     |                 Module                 | BRAM_18K| DSP| FF | LUT | URAM|
    +---------------------------------------------------+----------------------------------------+---------+----+----+-----+-----+
    |grp_compute_sad_cost_vector_Pipeline_WinX_fu_276   |compute_sad_cost_vector_Pipeline_WinX   |        0|   0|  98|  537|    0|
    |grp_compute_sad_cost_vector_Pipeline_WinX1_fu_292  |compute_sad_cost_vector_Pipeline_WinX1  |        0|   0|  70|  403|    0|
    |grp_compute_sad_cost_vector_Pipeline_WinX2_fu_306  |compute_sad_cost_vector_Pipeline_WinX2  |        0|   0|  98|  537|    0|
    |grp_compute_sad_cost_vector_Pipeline_WinX3_fu_322  |compute_sad_cost_vector_Pipeline_WinX3  |        0|   0|  70|  403|    0|
    +---------------------------------------------------+----------------------------------------+---------+----+----+-----+-----+
    |Total                                              |                                        |        0|   0| 336| 1880|    0|
    +---------------------------------------------------+----------------------------------------+---------+----+----+-----+-----+

    * DSP: 
    N/A

    * Memory: 
    N/A

    * FIFO: 
    N/A

    * Expression: 
    +-----------------------+----------+----+---+----+------------+------------+
    |     Variable Name     | Operation| DSP| FF| LUT| Bitwidth P0| Bitwidth P1|
    +-----------------------+----------+----+---+----+------------+------------+
    |add_ln78_fu_702_p2     |         +|   0|  0|  14|           6|           2|
    |add_ln84_1_fu_587_p2   |         +|   0|  0|  11|           3|           2|
    |add_ln84_fu_415_p2     |         +|   0|  0|  11|           3|           2|
    |add_ln91_fu_336_p2     |         +|   0|  0|  14|           9|           2|
    |add_ln92_4_fu_531_p2   |         +|   0|  0|  14|           9|           2|
    |add_ln92_fu_371_p2     |         +|   0|  0|  14|           9|           2|
    |empty_82_fu_526_p2     |         -|   0|  0|  14|           9|           9|
    |empty_fu_366_p2        |         -|   0|  0|  14|           9|           9|
    |icmp_ln84_1_fu_394_p2  |      icmp|   0|  0|  10|           2|           2|
    |icmp_ln84_2_fu_550_p2  |      icmp|   0|  0|  11|           3|           2|
    |icmp_ln84_3_fu_567_p2  |      icmp|   0|  0|  10|           2|           2|
    |icmp_ln84_fu_377_p2    |      icmp|   0|  0|  11|           3|           2|
    |or_ln78_fu_517_p2      |        or|   0|  0|   5|           5|           1|
    |or_ln84_1_fu_561_p2    |        or|   0|  0|   2|           2|           1|
    |or_ln84_fu_388_p2      |        or|   0|  0|   2|           2|           1|
    |sum_10_fu_543_p3       |    select|   0|  0|  12|           1|          12|
    |sum_11_fu_579_p3       |    select|   0|  0|  12|           1|          12|
    |sum_12_fu_599_p3       |    select|   0|  0|  12|           1|          12|
    |sum_9_fu_406_p3        |    select|   0|  0|  12|           1|          12|
    +-----------------------+----------+----+---+----+------------+------------+
    |Total                  |          |   0|  0| 205|          80|          89|
    +-----------------------+----------+----+---+----+------------+------------+

    * Multiplexer: 
    +--------------------------------------+----+-----------+-----+-----------+
    |                 Name                 | LUT| Input Size| Bits| Total Bits|
    +--------------------------------------+----+-----------+-----+-----------+
    |ap_NS_fsm                             |  65|         15|    1|         15|
    |ap_phi_mux_sum_0_lcssa_phi_fu_235_p4  |   9|          2|   12|         24|
    |bufL_0_address0                       |  14|          3|    9|         27|
    |bufL_0_ce0                            |  14|          3|    1|          3|
    |bufL_1_address0                       |  14|          3|    9|         27|
    |bufL_1_ce0                            |  14|          3|    1|          3|
    |bufR_0_address0                       |  14|          3|    9|         27|
    |bufR_0_ce0                            |  14|          3|    1|          3|
    |bufR_1_address0                       |  14|          3|    9|         27|
    |bufR_1_ce0                            |  14|          3|    1|          3|
    |d_fu_166                              |   9|          2|    6|         12|
    |sum_0_lcssa_1_reg_266                 |   9|          2|   12|         24|
    |sum_0_lcssa_reg_232                   |   9|          2|   12|         24|
    |sum_7_reg_254                         |   9|          2|   12|         24|
    |sum_reg_220                           |   9|          2|   12|         24|
    |wy_1_reg_242                          |   9|          2|    3|          6|
    |wy_reg_208                            |   9|          2|    3|          6|
    +--------------------------------------+----+-----------+-----+-----------+
    |Total                                 | 249|         55|  113|        279|
    +--------------------------------------+----+-----------+-----+-----------+

    * Register: 
    +----------------------------------------------------------------+----+----+-----+-----------+
    |                              Name                              | FF | LUT| Bits| Const Bits|
    +----------------------------------------------------------------+----+----+-----+-----------+
    |add_ln84_1_reg_877                                              |   3|   0|    3|          0|
    |add_ln84_reg_827                                                |   3|   0|    3|          0|
    |add_ln91_reg_773                                                |   9|   0|    9|          0|
    |add_ln92_4_reg_838                                              |   9|   0|    9|          0|
    |add_ln92_reg_798                                                |   9|   0|    9|          0|
    |ap_CS_fsm                                                       |  14|   0|   14|          0|
    |d_fu_166                                                        |   6|   0|    6|          0|
    |empty_82_reg_832                                                |   9|   0|    9|          0|
    |empty_reg_792                                                   |   9|   0|    9|          0|
    |grp_compute_sad_cost_vector_Pipeline_WinX1_fu_292_ap_start_reg  |   1|   0|    1|          0|
    |grp_compute_sad_cost_vector_Pipeline_WinX2_fu_306_ap_start_reg  |   1|   0|    1|          0|
    |grp_compute_sad_cost_vector_Pipeline_WinX3_fu_322_ap_start_reg  |   1|   0|    1|          0|
    |grp_compute_sad_cost_vector_Pipeline_WinX_fu_276_ap_start_reg   |   1|   0|    1|          0|
    |icmp_ln84_1_reg_813                                             |   1|   0|    1|          0|
    |icmp_ln84_3_reg_862                                             |   1|   0|    1|          0|
    |icmp_ln84_reg_804                                               |   1|   0|    1|          0|
    |sum_0_lcssa_1_reg_266                                           |  12|   0|   12|          0|
    |sum_0_lcssa_reg_232                                             |  12|   0|   12|          0|
    |sum_11_loc_fu_178                                               |  12|   0|   12|          0|
    |sum_11_reg_871                                                  |  12|   0|   12|          0|
    |sum_14_loc_fu_174                                               |  12|   0|   12|          0|
    |sum_15_loc_fu_170                                               |  12|   0|   12|          0|
    |sum_1_loc_fu_198                                                |  12|   0|   12|          0|
    |sum_2_loc_fu_194                                                |  12|   0|   12|          0|
    |sum_5_loc_fu_190                                                |  12|   0|   12|          0|
    |sum_6_loc_fu_186                                                |  12|   0|   12|          0|
    |sum_7_reg_254                                                   |  12|   0|   12|          0|
    |sum_9_loc_fu_182                                                |  12|   0|   12|          0|
    |sum_9_reg_822                                                   |  12|   0|   12|          0|
    |sum_reg_220                                                     |  12|   0|   12|          0|
    |targetBlock2_reg_844                                            |   1|   0|    1|          0|
    |targetBlock4_reg_866                                            |   1|   0|    1|          0|
    |targetBlock6_reg_882                                            |   1|   0|    1|          0|
    |targetBlock_reg_817                                             |   1|   0|    1|          0|
    |trunc_ln81_reg_787                                              |   5|   0|    5|          0|
    |trunc_ln84_1_reg_857                                            |   2|   0|    2|          0|
    |trunc_ln84_reg_808                                              |   2|   0|    2|          0|
    |wy_1_reg_242                                                    |   3|   0|    3|          0|
    |wy_reg_208                                                      |   3|   0|    3|          0|
    +----------------------------------------------------------------+----+----+-----+-----------+
    |Total                                                           | 265|   0|  265|          0|
    +----------------------------------------------------------------+----+----+-----+-----------+



================================================================
== Interface
================================================================
* Summary: 
+-----------------------------------------------------------------------------+-----+-----+------------+----------------------------------------------------------------------+--------------+
|                                  RTL Ports                                  | Dir | Bits|  Protocol  |                             Source Object                            |    C Type    |
+-----------------------------------------------------------------------------+-----+-----+------------+----------------------------------------------------------------------+--------------+
|ap_clk                                                                       |   in|    1|  ap_ctrl_hs|                                               compute_sad_cost_vector|  return value|
|ap_rst                                                                       |   in|    1|  ap_ctrl_hs|                                               compute_sad_cost_vector|  return value|
|ap_start                                                                     |   in|    1|  ap_ctrl_hs|                                               compute_sad_cost_vector|  return value|
|ap_done                                                                      |  out|    1|  ap_ctrl_hs|                                               compute_sad_cost_vector|  return value|
|ap_idle                                                                      |  out|    1|  ap_ctrl_hs|                                               compute_sad_cost_vector|  return value|
|ap_ready                                                                     |  out|    1|  ap_ctrl_hs|                                               compute_sad_cost_vector|  return value|
|bufL_0_address0                                                              |  out|    9|   ap_memory|                                                                bufL_0|         array|
|bufL_0_ce0                                                                   |  out|    1|   ap_memory|                                                                bufL_0|         array|
|bufL_0_q0                                                                    |   in|    8|   ap_memory|                                                                bufL_0|         array|
|bufL_1_address0                                                              |  out|    9|   ap_memory|                                                                bufL_1|         array|
|bufL_1_ce0                                                                   |  out|    1|   ap_memory|                                                                bufL_1|         array|
|bufL_1_q0                                                                    |   in|    1|   ap_memory|                                                                bufL_1|         array|
|bufR_0_address0                                                              |  out|    9|   ap_memory|                                                                bufR_0|         array|
|bufR_0_ce0                                                                   |  out|    1|   ap_memory|                                                                bufR_0|         array|
|bufR_0_q0                                                                    |   in|    8|   ap_memory|                                                                bufR_0|         array|
|bufR_1_address0                                                              |  out|    9|   ap_memory|                                                                bufR_1|         array|
|bufR_1_ce0                                                                   |  out|    1|   ap_memory|                                                                bufR_1|         array|
|bufR_1_q0                                                                    |   in|    1|   ap_memory|                                                                bufR_1|         array|
|c                                                                            |   in|    9|     ap_none|                                                                     c|        scalar|
|sgm_kernel_stream_stream_ap_uint_8_0_stream_ap_uint_8_0_curCost_9            |  out|   12|      ap_vld|     sgm_kernel_stream_stream_ap_uint_8_0_stream_ap_uint_8_0_curCost_9|       pointer|
|sgm_kernel_stream_stream_ap_uint_8_0_stream_ap_uint_8_0_curCost_9_ap_vld     |  out|    1|      ap_vld|     sgm_kernel_stream_stream_ap_uint_8_0_stream_ap_uint_8_0_curCost_9|       pointer|
|sgm_kernel_stream_stream_ap_uint_8_0_stream_ap_uint_8_0_curCost_7            |  out|   12|      ap_vld|     sgm_kernel_stream_stream_ap_uint_8_0_stream_ap_uint_8_0_curCost_7|       pointer|
|sgm_kernel_stream_stream_ap_uint_8_0_stream_ap_uint_8_0_curCost_7_ap_vld     |  out|    1|      ap_vld|     sgm_kernel_stream_stream_ap_uint_8_0_stream_ap_uint_8_0_curCost_7|       pointer|
|sgm_kernel_stream_stream_ap_uint_8_0_stream_ap_uint_8_0_curCost_5            |  out|   12|      ap_vld|     sgm_kernel_stream_stream_ap_uint_8_0_stream_ap_uint_8_0_curCost_5|       pointer|
|sgm_kernel_stream_stream_ap_uint_8_0_stream_ap_uint_8_0_curCost_5_ap_vld     |  out|    1|      ap_vld|     sgm_kernel_stream_stream_ap_uint_8_0_stream_ap_uint_8_0_curCost_5|       pointer|
|sgm_kernel_stream_stream_ap_uint_8_0_stream_ap_uint_8_0_curCost_3            |  out|   12|      ap_vld|     sgm_kernel_stream_stream_ap_uint_8_0_stream_ap_uint_8_0_curCost_3|       pointer|
|sgm_kernel_stream_stream_ap_uint_8_0_stream_ap_uint_8_0_curCost_3_ap_vld     |  out|    1|      ap_vld|     sgm_kernel_stream_stream_ap_uint_8_0_stream_ap_uint_8_0_curCost_3|       pointer|
|sgm_kernel_stream_stream_ap_uint_8_0_stream_ap_uint_8_0_curCost_1            |  out|   12|      ap_vld|     sgm_kernel_stream_stream_ap_uint_8_0_stream_ap_uint_8_0_curCost_1|       pointer|
|sgm_kernel_stream_stream_ap_uint_8_0_stream_ap_uint_8_0_curCost_1_ap_vld     |  out|    1|      ap_vld|     sgm_kernel_stream_stream_ap_uint_8_0_stream_ap_uint_8_0_curCost_1|       pointer|
|p_ZZ10sgm_kernelRN3hls6streamI7ap_uintILi8EELi0EEES4_S4_E7curCost_10         |  out|   12|      ap_vld|  p_ZZ10sgm_kernelRN3hls6streamI7ap_uintILi8EELi0EEES4_S4_E7curCost_10|       pointer|
|p_ZZ10sgm_kernelRN3hls6streamI7ap_uintILi8EELi0EEES4_S4_E7curCost_10_ap_vld  |  out|    1|      ap_vld|  p_ZZ10sgm_kernelRN3hls6streamI7ap_uintILi8EELi0EEES4_S4_E7curCost_10|       pointer|
|p_ZZ10sgm_kernelRN3hls6streamI7ap_uintILi8EELi0EEES4_S4_E7curCost_12         |  out|   12|      ap_vld|  p_ZZ10sgm_kernelRN3hls6streamI7ap_uintILi8EELi0EEES4_S4_E7curCost_12|       pointer|
|p_ZZ10sgm_kernelRN3hls6streamI7ap_uintILi8EELi0EEES4_S4_E7curCost_12_ap_vld  |  out|    1|      ap_vld|  p_ZZ10sgm_kernelRN3hls6streamI7ap_uintILi8EELi0EEES4_S4_E7curCost_12|       pointer|
|p_ZZ10sgm_kernelRN3hls6streamI7ap_uintILi8EELi0EEES4_S4_E7curCost_14         |  out|   12|      ap_vld|  p_ZZ10sgm_kernelRN3hls6streamI7ap_uintILi8EELi0EEES4_S4_E7curCost_14|       pointer|
|p_ZZ10sgm_kernelRN3hls6streamI7ap_uintILi8EELi0EEES4_S4_E7curCost_14_ap_vld  |  out|    1|      ap_vld|  p_ZZ10sgm_kernelRN3hls6streamI7ap_uintILi8EELi0EEES4_S4_E7curCost_14|       pointer|
|p_ZZ10sgm_kernelRN3hls6streamI7ap_uintILi8EELi0EEES4_S4_E7curCost_16         |  out|   12|      ap_vld|  p_ZZ10sgm_kernelRN3hls6streamI7ap_uintILi8EELi0EEES4_S4_E7curCost_16|       pointer|
|p_ZZ10sgm_kernelRN3hls6streamI7ap_uintILi8EELi0EEES4_S4_E7curCost_16_ap_vld  |  out|    1|      ap_vld|  p_ZZ10sgm_kernelRN3hls6streamI7ap_uintILi8EELi0EEES4_S4_E7curCost_16|       pointer|
|p_ZZ10sgm_kernelRN3hls6streamI7ap_uintILi8EELi0EEES4_S4_E7curCost_18         |  out|   12|      ap_vld|  p_ZZ10sgm_kernelRN3hls6streamI7ap_uintILi8EELi0EEES4_S4_E7curCost_18|       pointer|
|p_ZZ10sgm_kernelRN3hls6streamI7ap_uintILi8EELi0EEES4_S4_E7curCost_18_ap_vld  |  out|    1|      ap_vld|  p_ZZ10sgm_kernelRN3hls6streamI7ap_uintILi8EELi0EEES4_S4_E7curCost_18|       pointer|
|p_ZZ10sgm_kernelRN3hls6streamI7ap_uintILi8EELi0EEES4_S4_E7curCost_20         |  out|   12|      ap_vld|  p_ZZ10sgm_kernelRN3hls6streamI7ap_uintILi8EELi0EEES4_S4_E7curCost_20|       pointer|
|p_ZZ10sgm_kernelRN3hls6streamI7ap_uintILi8EELi0EEES4_S4_E7curCost_20_ap_vld  |  out|    1|      ap_vld|  p_ZZ10sgm_kernelRN3hls6streamI7ap_uintILi8EELi0EEES4_S4_E7curCost_20|       pointer|
|p_ZZ10sgm_kernelRN3hls6streamI7ap_uintILi8EELi0EEES4_S4_E7curCost_22         |  out|   12|      ap_vld|  p_ZZ10sgm_kernelRN3hls6streamI7ap_uintILi8EELi0EEES4_S4_E7curCost_22|       pointer|
|p_ZZ10sgm_kernelRN3hls6streamI7ap_uintILi8EELi0EEES4_S4_E7curCost_22_ap_vld  |  out|    1|      ap_vld|  p_ZZ10sgm_kernelRN3hls6streamI7ap_uintILi8EELi0EEES4_S4_E7curCost_22|       pointer|
|p_ZZ10sgm_kernelRN3hls6streamI7ap_uintILi8EELi0EEES4_S4_E7curCost_24         |  out|   12|      ap_vld|  p_ZZ10sgm_kernelRN3hls6streamI7ap_uintILi8EELi0EEES4_S4_E7curCost_24|       pointer|
|p_ZZ10sgm_kernelRN3hls6streamI7ap_uintILi8EELi0EEES4_S4_E7curCost_24_ap_vld  |  out|    1|      ap_vld|  p_ZZ10sgm_kernelRN3hls6streamI7ap_uintILi8EELi0EEES4_S4_E7curCost_24|       pointer|
|p_ZZ10sgm_kernelRN3hls6streamI7ap_uintILi8EELi0EEES4_S4_E7curCost_26         |  out|   12|      ap_vld|  p_ZZ10sgm_kernelRN3hls6streamI7ap_uintILi8EELi0EEES4_S4_E7curCost_26|       pointer|
|p_ZZ10sgm_kernelRN3hls6streamI7ap_uintILi8EELi0EEES4_S4_E7curCost_26_ap_vld  |  out|    1|      ap_vld|  p_ZZ10sgm_kernelRN3hls6streamI7ap_uintILi8EELi0EEES4_S4_E7curCost_26|       pointer|
|p_ZZ10sgm_kernelRN3hls6streamI7ap_uintILi8EELi0EEES4_S4_E7curCost_28         |  out|   12|      ap_vld|  p_ZZ10sgm_kernelRN3hls6streamI7ap_uintILi8EELi0EEES4_S4_E7curCost_28|       pointer|
|p_ZZ10sgm_kernelRN3hls6streamI7ap_uintILi8EELi0EEES4_S4_E7curCost_28_ap_vld  |  out|    1|      ap_vld|  p_ZZ10sgm_kernelRN3hls6streamI7ap_uintILi8EELi0EEES4_S4_E7curCost_28|       pointer|
|p_ZZ10sgm_kernelRN3hls6streamI7ap_uintILi8EELi0EEES4_S4_E7curCost_30         |  out|   12|      ap_vld|  p_ZZ10sgm_kernelRN3hls6streamI7ap_uintILi8EELi0EEES4_S4_E7curCost_30|       pointer|
|p_ZZ10sgm_kernelRN3hls6streamI7ap_uintILi8EELi0EEES4_S4_E7curCost_30_ap_vld  |  out|    1|      ap_vld|  p_ZZ10sgm_kernelRN3hls6streamI7ap_uintILi8EELi0EEES4_S4_E7curCost_30|       pointer|
|sgm_kernel_stream_stream_ap_uint_8_0_stream_ap_uint_8_0_curCost_8            |  out|   12|      ap_vld|     sgm_kernel_stream_stream_ap_uint_8_0_stream_ap_uint_8_0_curCost_8|       pointer|
|sgm_kernel_stream_stream_ap_uint_8_0_stream_ap_uint_8_0_curCost_8_ap_vld     |  out|    1|      ap_vld|     sgm_kernel_stream_stream_ap_uint_8_0_stream_ap_uint_8_0_curCost_8|       pointer|
|sgm_kernel_stream_stream_ap_uint_8_0_stream_ap_uint_8_0_curCost_6            |  out|   12|      ap_vld|     sgm_kernel_stream_stream_ap_uint_8_0_stream_ap_uint_8_0_curCost_6|       pointer|
|sgm_kernel_stream_stream_ap_uint_8_0_stream_ap_uint_8_0_curCost_6_ap_vld     |  out|    1|      ap_vld|     sgm_kernel_stream_stream_ap_uint_8_0_stream_ap_uint_8_0_curCost_6|       pointer|
|sgm_kernel_stream_stream_ap_uint_8_0_stream_ap_uint_8_0_curCost_4            |  out|   12|      ap_vld|     sgm_kernel_stream_stream_ap_uint_8_0_stream_ap_uint_8_0_curCost_4|       pointer|
|sgm_kernel_stream_stream_ap_uint_8_0_stream_ap_uint_8_0_curCost_4_ap_vld     |  out|    1|      ap_vld|     sgm_kernel_stream_stream_ap_uint_8_0_stream_ap_uint_8_0_curCost_4|       pointer|
|sgm_kernel_stream_stream_ap_uint_8_0_stream_ap_uint_8_0_curCost_2            |  out|   12|      ap_vld|     sgm_kernel_stream_stream_ap_uint_8_0_stream_ap_uint_8_0_curCost_2|       pointer|
|sgm_kernel_stream_stream_ap_uint_8_0_stream_ap_uint_8_0_curCost_2_ap_vld     |  out|    1|      ap_vld|     sgm_kernel_stream_stream_ap_uint_8_0_stream_ap_uint_8_0_curCost_2|       pointer|
|sgm_kernel_stream_stream_ap_uint_8_0_stream_ap_uint_8_0_curCost              |  out|   12|      ap_vld|       sgm_kernel_stream_stream_ap_uint_8_0_stream_ap_uint_8_0_curCost|       pointer|
|sgm_kernel_stream_stream_ap_uint_8_0_stream_ap_uint_8_0_curCost_ap_vld       |  out|    1|      ap_vld|       sgm_kernel_stream_stream_ap_uint_8_0_stream_ap_uint_8_0_curCost|       pointer|
|p_ZZ10sgm_kernelRN3hls6streamI7ap_uintILi8EELi0EEES4_S4_E7curCost_11         |  out|   12|      ap_vld|  p_ZZ10sgm_kernelRN3hls6streamI7ap_uintILi8EELi0EEES4_S4_E7curCost_11|       pointer|
|p_ZZ10sgm_kernelRN3hls6streamI7ap_uintILi8EELi0EEES4_S4_E7curCost_11_ap_vld  |  out|    1|      ap_vld|  p_ZZ10sgm_kernelRN3hls6streamI7ap_uintILi8EELi0EEES4_S4_E7curCost_11|       pointer|
|p_ZZ10sgm_kernelRN3hls6streamI7ap_uintILi8EELi0EEES4_S4_E7curCost_13         |  out|   12|      ap_vld|  p_ZZ10sgm_kernelRN3hls6streamI7ap_uintILi8EELi0EEES4_S4_E7curCost_13|       pointer|
|p_ZZ10sgm_kernelRN3hls6streamI7ap_uintILi8EELi0EEES4_S4_E7curCost_13_ap_vld  |  out|    1|      ap_vld|  p_ZZ10sgm_kernelRN3hls6streamI7ap_uintILi8EELi0EEES4_S4_E7curCost_13|       pointer|
|p_ZZ10sgm_kernelRN3hls6streamI7ap_uintILi8EELi0EEES4_S4_E7curCost_15         |  out|   12|      ap_vld|  p_ZZ10sgm_kernelRN3hls6streamI7ap_uintILi8EELi0EEES4_S4_E7curCost_15|       pointer|
|p_ZZ10sgm_kernelRN3hls6streamI7ap_uintILi8EELi0EEES4_S4_E7curCost_15_ap_vld  |  out|    1|      ap_vld|  p_ZZ10sgm_kernelRN3hls6streamI7ap_uintILi8EELi0EEES4_S4_E7curCost_15|       pointer|
|p_ZZ10sgm_kernelRN3hls6streamI7ap_uintILi8EELi0EEES4_S4_E7curCost_17         |  out|   12|      ap_vld|  p_ZZ10sgm_kernelRN3hls6streamI7ap_uintILi8EELi0EEES4_S4_E7curCost_17|       pointer|
|p_ZZ10sgm_kernelRN3hls6streamI7ap_uintILi8EELi0EEES4_S4_E7curCost_17_ap_vld  |  out|    1|      ap_vld|  p_ZZ10sgm_kernelRN3hls6streamI7ap_uintILi8EELi0EEES4_S4_E7curCost_17|       pointer|
|p_ZZ10sgm_kernelRN3hls6streamI7ap_uintILi8EELi0EEES4_S4_E7curCost_19         |  out|   12|      ap_vld|  p_ZZ10sgm_kernelRN3hls6streamI7ap_uintILi8EELi0EEES4_S4_E7curCost_19|       pointer|
|p_ZZ10sgm_kernelRN3hls6streamI7ap_uintILi8EELi0EEES4_S4_E7curCost_19_ap_vld  |  out|    1|      ap_vld|  p_ZZ10sgm_kernelRN3hls6streamI7ap_uintILi8EELi0EEES4_S4_E7curCost_19|       pointer|
|p_ZZ10sgm_kernelRN3hls6streamI7ap_uintILi8EELi0EEES4_S4_E7curCost_21         |  out|   12|      ap_vld|  p_ZZ10sgm_kernelRN3hls6streamI7ap_uintILi8EELi0EEES4_S4_E7curCost_21|       pointer|
|p_ZZ10sgm_kernelRN3hls6streamI7ap_uintILi8EELi0EEES4_S4_E7curCost_21_ap_vld  |  out|    1|      ap_vld|  p_ZZ10sgm_kernelRN3hls6streamI7ap_uintILi8EELi0EEES4_S4_E7curCost_21|       pointer|
|p_ZZ10sgm_kernelRN3hls6streamI7ap_uintILi8EELi0EEES4_S4_E7curCost_23         |  out|   12|      ap_vld|  p_ZZ10sgm_kernelRN3hls6streamI7ap_uintILi8EELi0EEES4_S4_E7curCost_23|       pointer|
|p_ZZ10sgm_kernelRN3hls6streamI7ap_uintILi8EELi0EEES4_S4_E7curCost_23_ap_vld  |  out|    1|      ap_vld|  p_ZZ10sgm_kernelRN3hls6streamI7ap_uintILi8EELi0EEES4_S4_E7curCost_23|       pointer|
|p_ZZ10sgm_kernelRN3hls6streamI7ap_uintILi8EELi0EEES4_S4_E7curCost_25         |  out|   12|      ap_vld|  p_ZZ10sgm_kernelRN3hls6streamI7ap_uintILi8EELi0EEES4_S4_E7curCost_25|       pointer|
|p_ZZ10sgm_kernelRN3hls6streamI7ap_uintILi8EELi0EEES4_S4_E7curCost_25_ap_vld  |  out|    1|      ap_vld|  p_ZZ10sgm_kernelRN3hls6streamI7ap_uintILi8EELi0EEES4_S4_E7curCost_25|       pointer|
|p_ZZ10sgm_kernelRN3hls6streamI7ap_uintILi8EELi0EEES4_S4_E7curCost_27         |  out|   12|      ap_vld|  p_ZZ10sgm_kernelRN3hls6streamI7ap_uintILi8EELi0EEES4_S4_E7curCost_27|       pointer|
|p_ZZ10sgm_kernelRN3hls6streamI7ap_uintILi8EELi0EEES4_S4_E7curCost_27_ap_vld  |  out|    1|      ap_vld|  p_ZZ10sgm_kernelRN3hls6streamI7ap_uintILi8EELi0EEES4_S4_E7curCost_27|       pointer|
|p_ZZ10sgm_kernelRN3hls6streamI7ap_uintILi8EELi0EEES4_S4_E7curCost_29         |  out|   12|      ap_vld|  p_ZZ10sgm_kernelRN3hls6streamI7ap_uintILi8EELi0EEES4_S4_E7curCost_29|       pointer|
|p_ZZ10sgm_kernelRN3hls6streamI7ap_uintILi8EELi0EEES4_S4_E7curCost_29_ap_vld  |  out|    1|      ap_vld|  p_ZZ10sgm_kernelRN3hls6streamI7ap_uintILi8EELi0EEES4_S4_E7curCost_29|       pointer|
|p_ZZ10sgm_kernelRN3hls6streamI7ap_uintILi8EELi0EEES4_S4_E7curCost_31         |  out|   12|      ap_vld|  p_ZZ10sgm_kernelRN3hls6streamI7ap_uintILi8EELi0EEES4_S4_E7curCost_31|       pointer|
|p_ZZ10sgm_kernelRN3hls6streamI7ap_uintILi8EELi0EEES4_S4_E7curCost_31_ap_vld  |  out|    1|      ap_vld|  p_ZZ10sgm_kernelRN3hls6streamI7ap_uintILi8EELi0EEES4_S4_E7curCost_31|       pointer|
+-----------------------------------------------------------------------------+-----+-----+------------+----------------------------------------------------------------------+--------------+

