

================================================================
== Vitis HLS Report for 'compute_sad_cost_vector'
================================================================
* Date:           Sun May  3 21:53:58 2026

* Version:        2023.1 (Build 3854077 on May  4 2023)
* Project:        sgm_kernel
* Solution:       solution1 (Vivado IP Flow Target)
* Product family: zynq
* Target device:  xc7z010-clg400-1


================================================================
== Performance Estimates
================================================================
+ Timing: 
    * Summary: 
    +--------+----------+----------+------------+
    |  Clock |  Target  | Estimated| Uncertainty|
    +--------+----------+----------+------------+
    |ap_clk  |  10.00 ns|  7.002 ns|     2.70 ns|
    +--------+----------+----------+------------+

+ Latency: 
    * Summary: 
    +---------+---------+----------+----------+-----+-----+---------+
    |  Latency (cycles) |  Latency (absolute) |  Interval | Pipeline|
    |   min   |   max   |    min   |    max   | min | max |   Type  |
    +---------+---------+----------+----------+-----+-----+---------+
    |       39|       39|  0.390 us|  0.390 us|   39|   39|       no|
    +---------+---------+----------+----------+-----+-----+---------+

    + Detail: 
        * Instance: 
        +----------------------------------------------------------+------------------------------------------------+---------+---------+----------+----------+-----+-----+---------+
        |                                                          |                                                |  Latency (cycles) |  Latency (absolute) |  Interval | Pipeline|
        |                         Instance                         |                     Module                     |   min   |   max   |    min   |    max   | min | max |   Type  |
        +----------------------------------------------------------+------------------------------------------------+---------+---------+----------+----------+-----+-----+---------+
        |grp_compute_sad_cost_vector_Pipeline_SAD_Disparity_fu_82  |compute_sad_cost_vector_Pipeline_SAD_Disparity  |       37|       37|  0.370 us|  0.370 us|   37|   37|       no|
        +----------------------------------------------------------+------------------------------------------------+---------+---------+----------+----------+-----+-----+---------+

        * Loop: 
        N/A



================================================================
== Utilization Estimates
================================================================
* Summary: 
+-----------------+---------+----+-------+-------+-----+
|       Name      | BRAM_18K| DSP|   FF  |  LUT  | URAM|
+-----------------+---------+----+-------+-------+-----+
|DSP              |        -|   -|      -|      -|    -|
|Expression       |        -|   -|      0|     53|    -|
|FIFO             |        -|   -|      -|      -|    -|
|Instance         |        -|   -|    214|   1001|    -|
|Memory           |        -|   -|      -|      -|    -|
|Multiplexer      |        -|   -|      -|     20|    -|
|Register         |        -|   -|     48|      -|    -|
+-----------------+---------+----+-------+-------+-----+
|Total            |        0|   0|    262|   1074|    0|
+-----------------+---------+----+-------+-------+-----+
|Available        |      120|  80|  35200|  17600|    0|
+-----------------+---------+----+-------+-------+-----+
|Utilization (%)  |        0|   0|     ~0|      6|    0|
+-----------------+---------+----+-------+-------+-----+

+ Detail: 
    * Instance: 
    +----------------------------------------------------------+------------------------------------------------+---------+----+-----+------+-----+
    |                         Instance                         |                     Module                     | BRAM_18K| DSP|  FF |  LUT | URAM|
    +----------------------------------------------------------+------------------------------------------------+---------+----+-----+------+-----+
    |grp_compute_sad_cost_vector_Pipeline_SAD_Disparity_fu_82  |compute_sad_cost_vector_Pipeline_SAD_Disparity  |        0|   0|  214|  1001|    0|
    +----------------------------------------------------------+------------------------------------------------+---------+----+-----+------+-----+
    |Total                                                     |                                                |        0|   0|  214|  1001|    0|
    +----------------------------------------------------------+------------------------------------------------+---------+----+-----+------+-----+

    * DSP: 
    N/A

    * Memory: 
    N/A

    * FIFO: 
    N/A

    * Expression: 
    +--------------------+----------+----+---+----+------------+------------+
    |    Variable Name   | Operation| DSP| FF| LUT| Bitwidth P0| Bitwidth P1|
    +--------------------+----------+----+---+----+------------+------------+
    |add9_fu_115_p2      |         +|   0|  0|  39|          32|           1|
    |add_ln83_fu_121_p2  |         +|   0|  0|  14|           6|           1|
    +--------------------+----------+----+---+----+------------+------------+
    |Total               |          |   0|  0|  53|          38|           2|
    +--------------------+----------+----+---+----+------------+------------+

    * Multiplexer: 
    +-----------+----+-----------+-----+-----------+
    |    Name   | LUT| Input Size| Bits| Total Bits|
    +-----------+----+-----------+-----+-----------+
    |ap_NS_fsm  |  20|          4|    1|          4|
    +-----------+----+-----------+-----+-----------+
    |Total      |  20|          4|    1|          4|
    +-----------+----+-----------+-----+-----------+

    * Register: 
    +-----------------------------------------------------------------------+----+----+-----+-----------+
    |                                  Name                                 | FF | LUT| Bits| Const Bits|
    +-----------------------------------------------------------------------+----+----+-----+-----------+
    |add9_reg_133                                                           |  32|   0|   32|          0|
    |add_ln83_reg_173                                                       |   6|   0|    6|          0|
    |ap_CS_fsm                                                              |   3|   0|    3|          0|
    |empty_reg_127                                                          |   6|   0|    6|          0|
    |grp_compute_sad_cost_vector_Pipeline_SAD_Disparity_fu_82_ap_start_reg  |   1|   0|    1|          0|
    +-----------------------------------------------------------------------+----+----+-----+-----------+
    |Total                                                                  |  48|   0|   48|          0|
    +-----------------------------------------------------------------------+----+----+-----+-----------+



================================================================
== Interface
================================================================
* Summary: 
+------------------------+-----+-----+------------+-------------------------+--------------+
|        RTL Ports       | Dir | Bits|  Protocol  |      Source Object      |    C Type    |
+------------------------+-----+-----+------------+-------------------------+--------------+
|ap_clk                  |   in|    1|  ap_ctrl_hs|  compute_sad_cost_vector|  return value|
|ap_rst                  |   in|    1|  ap_ctrl_hs|  compute_sad_cost_vector|  return value|
|ap_start                |   in|    1|  ap_ctrl_hs|  compute_sad_cost_vector|  return value|
|ap_done                 |  out|    1|  ap_ctrl_hs|  compute_sad_cost_vector|  return value|
|ap_idle                 |  out|    1|  ap_ctrl_hs|  compute_sad_cost_vector|  return value|
|ap_ready                |  out|    1|  ap_ctrl_hs|  compute_sad_cost_vector|  return value|
|leftWin_0_0_val         |   in|    8|     ap_none|          leftWin_0_0_val|        scalar|
|leftWin_0_1_val         |   in|    8|     ap_none|          leftWin_0_1_val|        scalar|
|leftWin_0_2_val         |   in|    8|     ap_none|          leftWin_0_2_val|        scalar|
|leftWin_1_0_val         |   in|    8|     ap_none|          leftWin_1_0_val|        scalar|
|leftWin_1_1_val         |   in|    8|     ap_none|          leftWin_1_1_val|        scalar|
|leftWin_2_0_val         |   in|    8|     ap_none|          leftWin_2_0_val|        scalar|
|leftWin_2_1_val         |   in|    8|     ap_none|          leftWin_2_1_val|        scalar|
|rightStripe_0_address0  |  out|    6|   ap_memory|            rightStripe_0|         array|
|rightStripe_0_ce0       |  out|    1|   ap_memory|            rightStripe_0|         array|
|rightStripe_0_q0        |   in|    8|   ap_memory|            rightStripe_0|         array|
|rightStripe_0_address1  |  out|    6|   ap_memory|            rightStripe_0|         array|
|rightStripe_0_ce1       |  out|    1|   ap_memory|            rightStripe_0|         array|
|rightStripe_0_q1        |   in|    8|   ap_memory|            rightStripe_0|         array|
|rightStripe_0_address2  |  out|    6|   ap_memory|            rightStripe_0|         array|
|rightStripe_0_ce2       |  out|    1|   ap_memory|            rightStripe_0|         array|
|rightStripe_0_q2        |   in|    8|   ap_memory|            rightStripe_0|         array|
|rightStripe_1_address0  |  out|    6|   ap_memory|            rightStripe_1|         array|
|rightStripe_1_ce0       |  out|    1|   ap_memory|            rightStripe_1|         array|
|rightStripe_1_q0        |   in|    1|   ap_memory|            rightStripe_1|         array|
|rightStripe_1_address1  |  out|    6|   ap_memory|            rightStripe_1|         array|
|rightStripe_1_ce1       |  out|    1|   ap_memory|            rightStripe_1|         array|
|rightStripe_1_q1        |   in|    1|   ap_memory|            rightStripe_1|         array|
|rightStripe_1_address2  |  out|    6|   ap_memory|            rightStripe_1|         array|
|rightStripe_1_ce2       |  out|    1|   ap_memory|            rightStripe_1|         array|
|rightStripe_1_q2        |   in|    1|   ap_memory|            rightStripe_1|         array|
|rightStripe_2_address0  |  out|    6|   ap_memory|            rightStripe_2|         array|
|rightStripe_2_ce0       |  out|    1|   ap_memory|            rightStripe_2|         array|
|rightStripe_2_q0        |   in|    1|   ap_memory|            rightStripe_2|         array|
|rightStripe_2_address1  |  out|    6|   ap_memory|            rightStripe_2|         array|
|rightStripe_2_ce1       |  out|    1|   ap_memory|            rightStripe_2|         array|
|rightStripe_2_q1        |   in|    1|   ap_memory|            rightStripe_2|         array|
|rightStripe_2_address2  |  out|    6|   ap_memory|            rightStripe_2|         array|
|rightStripe_2_ce2       |  out|    1|   ap_memory|            rightStripe_2|         array|
|rightStripe_2_q2        |   in|    1|   ap_memory|            rightStripe_2|         array|
|right_wr                |   in|   32|     ap_none|                 right_wr|        scalar|
|curCost_address0        |  out|    5|   ap_memory|                  curCost|         array|
|curCost_ce0             |  out|    1|   ap_memory|                  curCost|         array|
|curCost_we0             |  out|    1|   ap_memory|                  curCost|         array|
|curCost_d0              |  out|   11|   ap_memory|                  curCost|         array|
+------------------------+-----+-----+------------+-------------------------+--------------+

