

================================================================
== Vitis HLS Report for 'sgm_kernel'
================================================================
* Date:           Sun May  3 21:05:45 2026

* Version:        2023.1 (Build 3854077 on May  4 2023)
* Project:        sgm_kernel
* Solution:       solution1 (Vivado IP Flow Target)
* Product family: zynq
* Target device:  xc7z010-clg400-1


================================================================
== Performance Estimates
================================================================
+ Timing: 
    * Summary: 
    +--------+----------+----------+------------+
    |  Clock |  Target  | Estimated| Uncertainty|
    +--------+----------+----------+------------+
    |ap_clk  |  10.00 ns|  7.002 ns|     2.70 ns|
    +--------+----------+----------+------------+

+ Latency: 
    * Summary: 
    +---------+---------+----------+-----------+--------+---------+---------+
    |  Latency (cycles) |  Latency (absolute)  |     Interval     | Pipeline|
    |   min   |   max   |    min   |    max    |   min  |   max   |   Type  |
    +---------+---------+----------+-----------+--------+---------+---------+
    |   197668|  4345060|  1.977 ms|  43.451 ms|  197669|  4345061|       no|
    +---------+---------+----------+-----------+--------+---------+---------+

    + Detail: 
        * Instance: 
        +-----------------------------------------------------------------+------------------------------------------------------+---------+---------+-----------+-----------+------+------+---------+
        |                                                                 |                                                      |  Latency (cycles) |   Latency (absolute)  |   Interval  | Pipeline|
        |                             Instance                            |                        Module                        |   min   |   max   |    min    |    max    |  min |  max |   Type  |
        +-----------------------------------------------------------------+------------------------------------------------------+---------+---------+-----------+-----------+------+------+---------+
        |grp_sgm_kernel_Pipeline_InitBuf_VITIS_LOOP_321_1_fu_569          |sgm_kernel_Pipeline_InitBuf_VITIS_LOOP_321_1          |      962|      962|   9.620 us|   9.620 us|   962|   962|       no|
        |grp_sgm_kernel_Pipeline_ResetCosts_fu_581                        |sgm_kernel_Pipeline_ResetCosts                        |       18|       18|   0.180 us|   0.180 us|    18|    18|       no|
        |grp_sgm_kernel_Pipeline_InitTBRow_InitTBRowD_fu_649              |sgm_kernel_Pipeline_InitTBRow_InitTBRowD              |     5122|     5122|  51.220 us|  51.220 us|  5122|  5122|       no|
        |grp_sgm_kernel_Pipeline_InitLeftWin_VITIS_LOOP_388_2_fu_717      |sgm_kernel_Pipeline_InitLeftWin_VITIS_LOOP_388_2      |       11|       11|   0.110 us|   0.110 us|    11|    11|       no|
        |grp_sgm_kernel_Pipeline_InitRightStripe_VITIS_LOOP_397_3_fu_733  |sgm_kernel_Pipeline_InitRightStripe_VITIS_LOOP_397_3  |      104|      104|   1.040 us|   1.040 us|   104|   104|       no|
        |grp_col_frontend_fu_740                                          |col_frontend                                          |        3|       42|  30.000 ns|   0.420 us|     3|    42|       no|
        |grp_col_backend_fu_773                                           |col_backend                                           |        1|       78|  10.000 ns|   0.780 us|     1|    78|       no|
        +-----------------------------------------------------------------+------------------------------------------------------+---------+---------+-----------+-----------+------+------+---------+

        * Loop: 
        +---------------------+---------+---------+--------------+-----------+-----------+------+----------+
        |                     |  Latency (cycles) |   Iteration  |  Initiation Interval  | Trip |          |
        |      Loop Name      |   min   |   max   |    Latency   |  achieved |   target  | Count| Pipelined|
        +---------------------+---------+---------+--------------+-----------+-----------+------+----------+
        |- Row                |   196704|  4344096|  2049 ~ 45251|          -|          -|    96|        no|
        | + VITIS_LOOP_403_4  |     1920|    40000|       6 ~ 125|          -|          -|   320|        no|
        +---------------------+---------+---------+--------------+-----------+-----------+------+----------+



================================================================
== Utilization Estimates
================================================================
* Summary: 
+-----------------+---------+----+-------+-------+-----+
|       Name      | BRAM_18K| DSP|   FF  |  LUT  | URAM|
+-----------------+---------+----+-------+-------+-----+
|DSP              |        -|   -|      -|      -|    -|
|Expression       |        -|   -|      0|    106|    -|
|FIFO             |        -|   -|      -|      -|    -|
|Instance         |        -|   -|   2412|   5408|    -|
|Memory           |       37|   -|     41|     13|    0|
|Multiplexer      |        -|   -|      -|   3079|    -|
|Register         |        -|   -|    704|      -|    -|
+-----------------+---------+----+-------+-------+-----+
|Total            |       37|   0|   3157|   8606|    0|
+-----------------+---------+----+-------+-------+-----+
|Available        |      120|  80|  35200|  17600|    0|
+-----------------+---------+----+-------+-------+-----+
|Utilization (%)  |       30|   0|      8|     48|    0|
+-----------------+---------+----+-------+-------+-----+

+ Detail: 
    * Instance: 
    +-----------------------------------------------------------------+------------------------------------------------------+---------+----+------+------+-----+
    |                             Instance                            |                        Module                        | BRAM_18K| DSP|  FF  |  LUT | URAM|
    +-----------------------------------------------------------------+------------------------------------------------------+---------+----+------+------+-----+
    |grp_col_backend_fu_773                                           |col_backend                                           |        0|   0|  1858|  3296|    0|
    |grp_col_frontend_fu_740                                          |col_frontend                                          |        0|   0|   406|  1462|    0|
    |grp_sgm_kernel_Pipeline_InitBuf_VITIS_LOOP_321_1_fu_569          |sgm_kernel_Pipeline_InitBuf_VITIS_LOOP_321_1          |        0|   0|    35|   149|    0|
    |grp_sgm_kernel_Pipeline_InitLeftWin_VITIS_LOOP_388_2_fu_717      |sgm_kernel_Pipeline_InitLeftWin_VITIS_LOOP_388_2      |        0|   0|    58|   189|    0|
    |grp_sgm_kernel_Pipeline_InitRightStripe_VITIS_LOOP_397_3_fu_733  |sgm_kernel_Pipeline_InitRightStripe_VITIS_LOOP_397_3  |        0|   0|    17|   137|    0|
    |grp_sgm_kernel_Pipeline_InitTBRow_InitTBRowD_fu_649              |sgm_kernel_Pipeline_InitTBRow_InitTBRowD              |        0|   0|    30|   134|    0|
    |grp_sgm_kernel_Pipeline_ResetCosts_fu_581                        |sgm_kernel_Pipeline_ResetCosts                        |        0|   0|     8|    41|    0|
    +-----------------------------------------------------------------+------------------------------------------------------+---------+----+------+------+-----+
    |Total                                                            |                                                      |        0|   0|  2412|  5408|    0|
    +-----------------------------------------------------------------+------------------------------------------------------+---------+----+------+------+-----+

    * DSP: 
    N/A

    * Memory: 
    +--------------------------------------------------------------------------+----------------------------------------------------------------------------------+---------+----+----+-----+------+-----+------+-------------+
    |                                  Memory                                  |                                      Module                                      | BRAM_18K| FF | LUT| URAM| Words| Bits| Banks| W*Bits*Banks|
    +--------------------------------------------------------------------------+----------------------------------------------------------------------------------+---------+----+----+-----+------+-----+------+-------------+
    |bufL_1_U                                                                  |bufL_1_RAM_S2P_BRAM_0R0W                                                          |        1|   0|   0|    0|   320|    1|     1|          320|
    |bufR_1_U                                                                  |bufL_1_RAM_S2P_BRAM_0R0W                                                          |        1|   0|   0|    0|   320|    1|     1|          320|
    |bufL_U                                                                    |bufL_RAM_S2P_BRAM_0R0W                                                            |        1|   0|   0|    0|   320|    8|     1|         2560|
    |bufR_U                                                                    |bufL_RAM_S2P_BRAM_0R0W                                                            |        1|   0|   0|    0|   320|    8|     1|         2560|
    |minPrevT_U                                                                |minPrevT_RAM_AUTO_1R1W                                                            |        1|   0|   0|    0|   320|   12|     1|         3840|
    |pkt_curCost_U                                                             |pkt_curCost_RAM_AUTO_1R1W                                                         |        0|  11|   6|    0|    32|   11|     1|          352|
    |rightStripe_1_U                                                           |rightStripe_1_RAM_1WNR_AUTO_1R1W                                                  |        0|   3|   1|    0|    34|    1|     1|           34|
    |rightStripe_2_U                                                           |rightStripe_1_RAM_1WNR_AUTO_1R1W                                                  |        0|   3|   1|    0|    34|    1|     1|           34|
    |rightStripe_U                                                             |rightStripe_RAM_1WNR_AUTO_1R1W                                                    |        0|  24|   5|    0|    34|    8|     1|          272|
    |sgm_kernel_stream_stream_ap_uint_8_0_stream_ap_uint_8_0_prevCostT_9_U     |sgm_kernel_stream_stream_ap_uint_8_0_stream_ap_uint_8_0_prevCostT_9_RAM_2P_BRbkb  |        1|   0|   0|    0|   320|   12|     1|         3840|
    |sgm_kernel_stream_stream_ap_uint_8_0_stream_ap_uint_8_0_prevCostT_8_U     |sgm_kernel_stream_stream_ap_uint_8_0_stream_ap_uint_8_0_prevCostT_9_RAM_2P_BRbkb  |        1|   0|   0|    0|   320|   12|     1|         3840|
    |sgm_kernel_stream_stream_ap_uint_8_0_stream_ap_uint_8_0_prevCostT_7_U     |sgm_kernel_stream_stream_ap_uint_8_0_stream_ap_uint_8_0_prevCostT_9_RAM_2P_BRbkb  |        1|   0|   0|    0|   320|   12|     1|         3840|
    |sgm_kernel_stream_stream_ap_uint_8_0_stream_ap_uint_8_0_prevCostT_6_U     |sgm_kernel_stream_stream_ap_uint_8_0_stream_ap_uint_8_0_prevCostT_9_RAM_2P_BRbkb  |        1|   0|   0|    0|   320|   12|     1|         3840|
    |sgm_kernel_stream_stream_ap_uint_8_0_stream_ap_uint_8_0_prevCostT_5_U     |sgm_kernel_stream_stream_ap_uint_8_0_stream_ap_uint_8_0_prevCostT_9_RAM_2P_BRbkb  |        1|   0|   0|    0|   320|   12|     1|         3840|
    |sgm_kernel_stream_stream_ap_uint_8_0_stream_ap_uint_8_0_prevCostT_4_U     |sgm_kernel_stream_stream_ap_uint_8_0_stream_ap_uint_8_0_prevCostT_9_RAM_2P_BRbkb  |        1|   0|   0|    0|   320|   12|     1|         3840|
    |sgm_kernel_stream_stream_ap_uint_8_0_stream_ap_uint_8_0_prevCostT_3_U     |sgm_kernel_stream_stream_ap_uint_8_0_stream_ap_uint_8_0_prevCostT_9_RAM_2P_BRbkb  |        1|   0|   0|    0|   320|   12|     1|         3840|
    |sgm_kernel_stream_stream_ap_uint_8_0_stream_ap_uint_8_0_prevCostT_2_U     |sgm_kernel_stream_stream_ap_uint_8_0_stream_ap_uint_8_0_prevCostT_9_RAM_2P_BRbkb  |        1|   0|   0|    0|   320|   12|     1|         3840|
    |sgm_kernel_stream_stream_ap_uint_8_0_stream_ap_uint_8_0_prevCostT_1_U     |sgm_kernel_stream_stream_ap_uint_8_0_stream_ap_uint_8_0_prevCostT_9_RAM_2P_BRbkb  |        1|   0|   0|    0|   320|   12|     1|         3840|
    |sgm_kernel_stream_stream_ap_uint_8_0_stream_ap_uint_8_0_prevCostT_U       |sgm_kernel_stream_stream_ap_uint_8_0_stream_ap_uint_8_0_prevCostT_9_RAM_2P_BRbkb  |        1|   0|   0|    0|   320|   12|     1|         3840|
    |p_ZZ10sgm_kernelRN3hls6streamI7ap_uintILi8EELi0EEES4_S4_E9prevCostT_10_U  |sgm_kernel_stream_stream_ap_uint_8_0_stream_ap_uint_8_0_prevCostT_9_RAM_2P_BRbkb  |        1|   0|   0|    0|   320|   12|     1|         3840|
    |p_ZZ10sgm_kernelRN3hls6streamI7ap_uintILi8EELi0EEES4_S4_E9prevCostT_11_U  |sgm_kernel_stream_stream_ap_uint_8_0_stream_ap_uint_8_0_prevCostT_9_RAM_2P_BRbkb  |        1|   0|   0|    0|   320|   12|     1|         3840|
    |p_ZZ10sgm_kernelRN3hls6streamI7ap_uintILi8EELi0EEES4_S4_E9prevCostT_12_U  |sgm_kernel_stream_stream_ap_uint_8_0_stream_ap_uint_8_0_prevCostT_9_RAM_2P_BRbkb  |        1|   0|   0|    0|   320|   12|     1|         3840|
    |p_ZZ10sgm_kernelRN3hls6streamI7ap_uintILi8EELi0EEES4_S4_E9prevCostT_13_U  |sgm_kernel_stream_stream_ap_uint_8_0_stream_ap_uint_8_0_prevCostT_9_RAM_2P_BRbkb  |        1|   0|   0|    0|   320|   12|     1|         3840|
    |p_ZZ10sgm_kernelRN3hls6streamI7ap_uintILi8EELi0EEES4_S4_E9prevCostT_14_U  |sgm_kernel_stream_stream_ap_uint_8_0_stream_ap_uint_8_0_prevCostT_9_RAM_2P_BRbkb  |        1|   0|   0|    0|   320|   12|     1|         3840|
    |p_ZZ10sgm_kernelRN3hls6streamI7ap_uintILi8EELi0EEES4_S4_E9prevCostT_15_U  |sgm_kernel_stream_stream_ap_uint_8_0_stream_ap_uint_8_0_prevCostT_9_RAM_2P_BRbkb  |        1|   0|   0|    0|   320|   12|     1|         3840|
    |p_ZZ10sgm_kernelRN3hls6streamI7ap_uintILi8EELi0EEES4_S4_E9prevCostT_16_U  |sgm_kernel_stream_stream_ap_uint_8_0_stream_ap_uint_8_0_prevCostT_9_RAM_2P_BRbkb  |        1|   0|   0|    0|   320|   12|     1|         3840|
    |p_ZZ10sgm_kernelRN3hls6streamI7ap_uintILi8EELi0EEES4_S4_E9prevCostT_17_U  |sgm_kernel_stream_stream_ap_uint_8_0_stream_ap_uint_8_0_prevCostT_9_RAM_2P_BRbkb  |        1|   0|   0|    0|   320|   12|     1|         3840|
    |p_ZZ10sgm_kernelRN3hls6streamI7ap_uintILi8EELi0EEES4_S4_E9prevCostT_18_U  |sgm_kernel_stream_stream_ap_uint_8_0_stream_ap_uint_8_0_prevCostT_9_RAM_2P_BRbkb  |        1|   0|   0|    0|   320|   12|     1|         3840|
    |p_ZZ10sgm_kernelRN3hls6streamI7ap_uintILi8EELi0EEES4_S4_E9prevCostT_19_U  |sgm_kernel_stream_stream_ap_uint_8_0_stream_ap_uint_8_0_prevCostT_9_RAM_2P_BRbkb  |        1|   0|   0|    0|   320|   12|     1|         3840|
    |p_ZZ10sgm_kernelRN3hls6streamI7ap_uintILi8EELi0EEES4_S4_E9prevCostT_20_U  |sgm_kernel_stream_stream_ap_uint_8_0_stream_ap_uint_8_0_prevCostT_9_RAM_2P_BRbkb  |        1|   0|   0|    0|   320|   12|     1|         3840|
    |p_ZZ10sgm_kernelRN3hls6streamI7ap_uintILi8EELi0EEES4_S4_E9prevCostT_21_U  |sgm_kernel_stream_stream_ap_uint_8_0_stream_ap_uint_8_0_prevCostT_9_RAM_2P_BRbkb  |        1|   0|   0|    0|   320|   12|     1|         3840|
    |p_ZZ10sgm_kernelRN3hls6streamI7ap_uintILi8EELi0EEES4_S4_E9prevCostT_22_U  |sgm_kernel_stream_stream_ap_uint_8_0_stream_ap_uint_8_0_prevCostT_9_RAM_2P_BRbkb  |        1|   0|   0|    0|   320|   12|     1|         3840|
    |p_ZZ10sgm_kernelRN3hls6streamI7ap_uintILi8EELi0EEES4_S4_E9prevCostT_23_U  |sgm_kernel_stream_stream_ap_uint_8_0_stream_ap_uint_8_0_prevCostT_9_RAM_2P_BRbkb  |        1|   0|   0|    0|   320|   12|     1|         3840|
    |p_ZZ10sgm_kernelRN3hls6streamI7ap_uintILi8EELi0EEES4_S4_E9prevCostT_24_U  |sgm_kernel_stream_stream_ap_uint_8_0_stream_ap_uint_8_0_prevCostT_9_RAM_2P_BRbkb  |        1|   0|   0|    0|   320|   12|     1|         3840|
    |p_ZZ10sgm_kernelRN3hls6streamI7ap_uintILi8EELi0EEES4_S4_E9prevCostT_25_U  |sgm_kernel_stream_stream_ap_uint_8_0_stream_ap_uint_8_0_prevCostT_9_RAM_2P_BRbkb  |        1|   0|   0|    0|   320|   12|     1|         3840|
    |p_ZZ10sgm_kernelRN3hls6streamI7ap_uintILi8EELi0EEES4_S4_E9prevCostT_26_U  |sgm_kernel_stream_stream_ap_uint_8_0_stream_ap_uint_8_0_prevCostT_9_RAM_2P_BRbkb  |        1|   0|   0|    0|   320|   12|     1|         3840|
    |p_ZZ10sgm_kernelRN3hls6streamI7ap_uintILi8EELi0EEES4_S4_E9prevCostT_27_U  |sgm_kernel_stream_stream_ap_uint_8_0_stream_ap_uint_8_0_prevCostT_9_RAM_2P_BRbkb  |        1|   0|   0|    0|   320|   12|     1|         3840|
    |p_ZZ10sgm_kernelRN3hls6streamI7ap_uintILi8EELi0EEES4_S4_E9prevCostT_28_U  |sgm_kernel_stream_stream_ap_uint_8_0_stream_ap_uint_8_0_prevCostT_9_RAM_2P_BRbkb  |        1|   0|   0|    0|   320|   12|     1|         3840|
    |p_ZZ10sgm_kernelRN3hls6streamI7ap_uintILi8EELi0EEES4_S4_E9prevCostT_29_U  |sgm_kernel_stream_stream_ap_uint_8_0_stream_ap_uint_8_0_prevCostT_9_RAM_2P_BRbkb  |        1|   0|   0|    0|   320|   12|     1|         3840|
    |p_ZZ10sgm_kernelRN3hls6streamI7ap_uintILi8EELi0EEES4_S4_E9prevCostT_30_U  |sgm_kernel_stream_stream_ap_uint_8_0_stream_ap_uint_8_0_prevCostT_9_RAM_2P_BRbkb  |        1|   0|   0|    0|   320|   12|     1|         3840|
    |p_ZZ10sgm_kernelRN3hls6streamI7ap_uintILi8EELi0EEES4_S4_E9prevCostT_31_U  |sgm_kernel_stream_stream_ap_uint_8_0_stream_ap_uint_8_0_prevCostT_9_RAM_2P_BRbkb  |        1|   0|   0|    0|   320|   12|     1|         3840|
    +--------------------------------------------------------------------------+----------------------------------------------------------------------------------+---------+----+----+-----+------+-----+------+-------------+
    |Total                                                                     |                                                                                  |       37|  41|  13|    0| 11974|  435|    41|       133172|
    +--------------------------------------------------------------------------+----------------------------------------------------------------------------------+---------+----+----+-----+------+-----+------+-------------+

    * FIFO: 
    N/A

    * Expression: 
    +---------------------------------+----------+----+---+----+------------+------------+
    |          Variable Name          | Operation| DSP| FF| LUT| Bitwidth P0| Bitwidth P1|
    +---------------------------------+----------+----+---+----+------------+------------+
    |add_ln403_fu_1113_p2             |         +|   0|  0|  14|           9|           1|
    |add_ln421_fu_1177_p2             |         +|   0|  0|  14|           9|           2|
    |r_2_fu_1054_p2                   |         +|   0|  0|  14|           7|           1|
    |ap_block_state12                 |       and|   0|  0|   2|           1|           1|
    |ap_block_state5_on_subcall_done  |       and|   0|  0|   2|           1|           1|
    |ap_block_state8                  |       and|   0|  0|   2|           1|           1|
    |icmp_ln356_fu_1048_p2            |      icmp|   0|  0|  14|           7|           7|
    |icmp_ln370_fu_1060_p2            |      icmp|   0|  0|  14|           7|           1|
    |icmp_ln403_fu_1107_p2            |      icmp|   0|  0|  14|           9|           9|
    |icmp_ln422_fu_1188_p2            |      icmp|   0|  0|  14|           9|           1|
    |ap_block_state6_on_subcall_done  |        or|   0|  0|   2|           1|           1|
    +---------------------------------+----------+----+---+----+------------+------------+
    |Total                            |          |   0|  0| 106|          61|          26|
    +---------------------------------+----------+----+---+----+------------+------------+

    * Multiplexer: 
    +---------------------------------------------------------------------------------+----+-----------+-----+-----------+
    |                                       Name                                      | LUT| Input Size| Bits| Total Bits|
    +---------------------------------------------------------------------------------+----+-----------+-----+-----------+
    |ap_NS_fsm                                                                        |  65|         14|    1|         14|
    |ap_phi_mux_minPrevLR_1_phi_fu_561_p4                                             |   9|          2|   12|         24|
    |bufL_1_address1                                                                  |  14|          3|    9|         27|
    |bufL_1_ce1                                                                       |  14|          3|    1|          3|
    |bufL_1_d1                                                                        |  14|          3|    1|          3|
    |bufL_1_we1                                                                       |  14|          3|    1|          3|
    |bufL_address1                                                                    |  14|          3|    9|         27|
    |bufL_ce1                                                                         |  14|          3|    1|          3|
    |bufL_d1                                                                          |  14|          3|    8|         24|
    |bufL_we1                                                                         |  14|          3|    1|          3|
    |bufR_1_address1                                                                  |  14|          3|    9|         27|
    |bufR_1_ce1                                                                       |  14|          3|    1|          3|
    |bufR_1_d1                                                                        |  14|          3|    1|          3|
    |bufR_1_we1                                                                       |  14|          3|    1|          3|
    |bufR_address1                                                                    |  14|          3|    9|         27|
    |bufR_ce1                                                                         |  14|          3|    1|          3|
    |bufR_d1                                                                          |  14|          3|    8|         24|
    |bufR_we1                                                                         |  14|          3|    1|          3|
    |c_reg_545                                                                        |   9|          2|    9|         18|
    |disp_TDATA_blk_n                                                                 |   9|          2|    1|          2|
    |disp_TDATA_int_regslice                                                          |  14|          3|    8|         24|
    |leftWin_1_1_reg_535                                                              |   9|          2|    8|         16|
    |leftWin_2_1_reg_525                                                              |   9|          2|    8|         16|
    |leftWin_4_1_reg_515                                                              |   9|          2|    8|         16|
    |leftWin_5_1_reg_503                                                              |   9|          2|    8|         16|
    |leftWin_7_1_reg_493                                                              |   9|          2|    8|         16|
    |leftWin_8_1_reg_481                                                              |   9|          2|    8|         16|
    |left_r_TREADY_int_regslice                                                       |   9|          2|    1|          2|
    |minPrevLR_0_reg_457                                                              |   9|          2|   12|         24|
    |minPrevLR_1_reg_557                                                              |   9|          2|   12|         24|
    |minPrevT_address0                                                                |  14|          3|    9|         27|
    |p_ZZ10sgm_kernelRN3hls6streamI7ap_uintILi8EELi0EEES4_S4_E9prevCostL_10           |   9|          2|   12|         24|
    |p_ZZ10sgm_kernelRN3hls6streamI7ap_uintILi8EELi0EEES4_S4_E9prevCostL_11           |   9|          2|   12|         24|
    |p_ZZ10sgm_kernelRN3hls6streamI7ap_uintILi8EELi0EEES4_S4_E9prevCostL_12           |   9|          2|   12|         24|
    |p_ZZ10sgm_kernelRN3hls6streamI7ap_uintILi8EELi0EEES4_S4_E9prevCostL_13           |   9|          2|   12|         24|
    |p_ZZ10sgm_kernelRN3hls6streamI7ap_uintILi8EELi0EEES4_S4_E9prevCostL_14           |   9|          2|   12|         24|
    |p_ZZ10sgm_kernelRN3hls6streamI7ap_uintILi8EELi0EEES4_S4_E9prevCostL_15           |   9|          2|   12|         24|
    |p_ZZ10sgm_kernelRN3hls6streamI7ap_uintILi8EELi0EEES4_S4_E9prevCostL_16           |   9|          2|   12|         24|
    |p_ZZ10sgm_kernelRN3hls6streamI7ap_uintILi8EELi0EEES4_S4_E9prevCostL_17           |   9|          2|   12|         24|
    |p_ZZ10sgm_kernelRN3hls6streamI7ap_uintILi8EELi0EEES4_S4_E9prevCostL_18           |   9|          2|   12|         24|
    |p_ZZ10sgm_kernelRN3hls6streamI7ap_uintILi8EELi0EEES4_S4_E9prevCostL_19           |   9|          2|   12|         24|
    |p_ZZ10sgm_kernelRN3hls6streamI7ap_uintILi8EELi0EEES4_S4_E9prevCostL_20           |   9|          2|   12|         24|
    |p_ZZ10sgm_kernelRN3hls6streamI7ap_uintILi8EELi0EEES4_S4_E9prevCostL_21           |   9|          2|   12|         24|
    |p_ZZ10sgm_kernelRN3hls6streamI7ap_uintILi8EELi0EEES4_S4_E9prevCostL_22           |   9|          2|   12|         24|
    |p_ZZ10sgm_kernelRN3hls6streamI7ap_uintILi8EELi0EEES4_S4_E9prevCostL_23           |   9|          2|   12|         24|
    |p_ZZ10sgm_kernelRN3hls6streamI7ap_uintILi8EELi0EEES4_S4_E9prevCostL_24           |   9|          2|   12|         24|
    |p_ZZ10sgm_kernelRN3hls6streamI7ap_uintILi8EELi0EEES4_S4_E9prevCostL_25           |   9|          2|   12|         24|
    |p_ZZ10sgm_kernelRN3hls6streamI7ap_uintILi8EELi0EEES4_S4_E9prevCostL_26           |   9|          2|   12|         24|
    |p_ZZ10sgm_kernelRN3hls6streamI7ap_uintILi8EELi0EEES4_S4_E9prevCostL_27           |   9|          2|   12|         24|
    |p_ZZ10sgm_kernelRN3hls6streamI7ap_uintILi8EELi0EEES4_S4_E9prevCostL_28           |   9|          2|   12|         24|
    |p_ZZ10sgm_kernelRN3hls6streamI7ap_uintILi8EELi0EEES4_S4_E9prevCostL_29           |   9|          2|   12|         24|
    |p_ZZ10sgm_kernelRN3hls6streamI7ap_uintILi8EELi0EEES4_S4_E9prevCostL_30           |   9|          2|   12|         24|
    |p_ZZ10sgm_kernelRN3hls6streamI7ap_uintILi8EELi0EEES4_S4_E9prevCostL_31           |   9|          2|   12|         24|
    |p_ZZ10sgm_kernelRN3hls6streamI7ap_uintILi8EELi0EEES4_S4_E9prevCostT_10_address1  |  14|          3|    9|         27|
    |p_ZZ10sgm_kernelRN3hls6streamI7ap_uintILi8EELi0EEES4_S4_E9prevCostT_10_ce0       |   9|          2|    1|          2|
    |p_ZZ10sgm_kernelRN3hls6streamI7ap_uintILi8EELi0EEES4_S4_E9prevCostT_10_ce1       |  14|          3|    1|          3|
    |p_ZZ10sgm_kernelRN3hls6streamI7ap_uintILi8EELi0EEES4_S4_E9prevCostT_10_d1        |  14|          3|   12|         36|
    |p_ZZ10sgm_kernelRN3hls6streamI7ap_uintILi8EELi0EEES4_S4_E9prevCostT_10_we1       |  14|          3|    1|          3|
    |p_ZZ10sgm_kernelRN3hls6streamI7ap_uintILi8EELi0EEES4_S4_E9prevCostT_11_address1  |  14|          3|    9|         27|
    |p_ZZ10sgm_kernelRN3hls6streamI7ap_uintILi8EELi0EEES4_S4_E9prevCostT_11_ce0       |   9|          2|    1|          2|
    |p_ZZ10sgm_kernelRN3hls6streamI7ap_uintILi8EELi0EEES4_S4_E9prevCostT_11_ce1       |  14|          3|    1|          3|
    |p_ZZ10sgm_kernelRN3hls6streamI7ap_uintILi8EELi0EEES4_S4_E9prevCostT_11_d1        |  14|          3|   12|         36|
    |p_ZZ10sgm_kernelRN3hls6streamI7ap_uintILi8EELi0EEES4_S4_E9prevCostT_11_we1       |  14|          3|    1|          3|
    |p_ZZ10sgm_kernelRN3hls6streamI7ap_uintILi8EELi0EEES4_S4_E9prevCostT_12_address1  |  14|          3|    9|         27|
    |p_ZZ10sgm_kernelRN3hls6streamI7ap_uintILi8EELi0EEES4_S4_E9prevCostT_12_ce0       |   9|          2|    1|          2|
    |p_ZZ10sgm_kernelRN3hls6streamI7ap_uintILi8EELi0EEES4_S4_E9prevCostT_12_ce1       |  14|          3|    1|          3|
    |p_ZZ10sgm_kernelRN3hls6streamI7ap_uintILi8EELi0EEES4_S4_E9prevCostT_12_d1        |  14|          3|   12|         36|
    |p_ZZ10sgm_kernelRN3hls6streamI7ap_uintILi8EELi0EEES4_S4_E9prevCostT_12_we1       |  14|          3|    1|          3|
    |p_ZZ10sgm_kernelRN3hls6streamI7ap_uintILi8EELi0EEES4_S4_E9prevCostT_13_address1  |  14|          3|    9|         27|
    |p_ZZ10sgm_kernelRN3hls6streamI7ap_uintILi8EELi0EEES4_S4_E9prevCostT_13_ce0       |   9|          2|    1|          2|
    |p_ZZ10sgm_kernelRN3hls6streamI7ap_uintILi8EELi0EEES4_S4_E9prevCostT_13_ce1       |  14|          3|    1|          3|
    |p_ZZ10sgm_kernelRN3hls6streamI7ap_uintILi8EELi0EEES4_S4_E9prevCostT_13_d1        |  14|          3|   12|         36|
    |p_ZZ10sgm_kernelRN3hls6streamI7ap_uintILi8EELi0EEES4_S4_E9prevCostT_13_we1       |  14|          3|    1|          3|
    |p_ZZ10sgm_kernelRN3hls6streamI7ap_uintILi8EELi0EEES4_S4_E9prevCostT_14_address1  |  14|          3|    9|         27|
    |p_ZZ10sgm_kernelRN3hls6streamI7ap_uintILi8EELi0EEES4_S4_E9prevCostT_14_ce0       |   9|          2|    1|          2|
    |p_ZZ10sgm_kernelRN3hls6streamI7ap_uintILi8EELi0EEES4_S4_E9prevCostT_14_ce1       |  14|          3|    1|          3|
    |p_ZZ10sgm_kernelRN3hls6streamI7ap_uintILi8EELi0EEES4_S4_E9prevCostT_14_d1        |  14|          3|   12|         36|
    |p_ZZ10sgm_kernelRN3hls6streamI7ap_uintILi8EELi0EEES4_S4_E9prevCostT_14_we1       |  14|          3|    1|          3|
    |p_ZZ10sgm_kernelRN3hls6streamI7ap_uintILi8EELi0EEES4_S4_E9prevCostT_15_address1  |  14|          3|    9|         27|
    |p_ZZ10sgm_kernelRN3hls6streamI7ap_uintILi8EELi0EEES4_S4_E9prevCostT_15_ce0       |   9|          2|    1|          2|
    |p_ZZ10sgm_kernelRN3hls6streamI7ap_uintILi8EELi0EEES4_S4_E9prevCostT_15_ce1       |  14|          3|    1|          3|
    |p_ZZ10sgm_kernelRN3hls6streamI7ap_uintILi8EELi0EEES4_S4_E9prevCostT_15_d1        |  14|          3|   12|         36|
    |p_ZZ10sgm_kernelRN3hls6streamI7ap_uintILi8EELi0EEES4_S4_E9prevCostT_15_we1       |  14|          3|    1|          3|
    |p_ZZ10sgm_kernelRN3hls6streamI7ap_uintILi8EELi0EEES4_S4_E9prevCostT_16_address1  |  14|          3|    9|         27|
    |p_ZZ10sgm_kernelRN3hls6streamI7ap_uintILi8EELi0EEES4_S4_E9prevCostT_16_ce0       |   9|          2|    1|          2|
    |p_ZZ10sgm_kernelRN3hls6streamI7ap_uintILi8EELi0EEES4_S4_E9prevCostT_16_ce1       |  14|          3|    1|          3|
    |p_ZZ10sgm_kernelRN3hls6streamI7ap_uintILi8EELi0EEES4_S4_E9prevCostT_16_d1        |  14|          3|   12|         36|
    |p_ZZ10sgm_kernelRN3hls6streamI7ap_uintILi8EELi0EEES4_S4_E9prevCostT_16_we1       |  14|          3|    1|          3|
    |p_ZZ10sgm_kernelRN3hls6streamI7ap_uintILi8EELi0EEES4_S4_E9prevCostT_17_address1  |  14|          3|    9|         27|
    |p_ZZ10sgm_kernelRN3hls6streamI7ap_uintILi8EELi0EEES4_S4_E9prevCostT_17_ce0       |   9|          2|    1|          2|
    |p_ZZ10sgm_kernelRN3hls6streamI7ap_uintILi8EELi0EEES4_S4_E9prevCostT_17_ce1       |  14|          3|    1|          3|
    |p_ZZ10sgm_kernelRN3hls6streamI7ap_uintILi8EELi0EEES4_S4_E9prevCostT_17_d1        |  14|          3|   12|         36|
    |p_ZZ10sgm_kernelRN3hls6streamI7ap_uintILi8EELi0EEES4_S4_E9prevCostT_17_we1       |  14|          3|    1|          3|
    |p_ZZ10sgm_kernelRN3hls6streamI7ap_uintILi8EELi0EEES4_S4_E9prevCostT_18_address1  |  14|          3|    9|         27|
    |p_ZZ10sgm_kernelRN3hls6streamI7ap_uintILi8EELi0EEES4_S4_E9prevCostT_18_ce0       |   9|          2|    1|          2|
    |p_ZZ10sgm_kernelRN3hls6streamI7ap_uintILi8EELi0EEES4_S4_E9prevCostT_18_ce1       |  14|          3|    1|          3|
    |p_ZZ10sgm_kernelRN3hls6streamI7ap_uintILi8EELi0EEES4_S4_E9prevCostT_18_d1        |  14|          3|   12|         36|
    |p_ZZ10sgm_kernelRN3hls6streamI7ap_uintILi8EELi0EEES4_S4_E9prevCostT_18_we1       |  14|          3|    1|          3|
    |p_ZZ10sgm_kernelRN3hls6streamI7ap_uintILi8EELi0EEES4_S4_E9prevCostT_19_address1  |  14|          3|    9|         27|
    |p_ZZ10sgm_kernelRN3hls6streamI7ap_uintILi8EELi0EEES4_S4_E9prevCostT_19_ce0       |   9|          2|    1|          2|
    |p_ZZ10sgm_kernelRN3hls6streamI7ap_uintILi8EELi0EEES4_S4_E9prevCostT_19_ce1       |  14|          3|    1|          3|
    |p_ZZ10sgm_kernelRN3hls6streamI7ap_uintILi8EELi0EEES4_S4_E9prevCostT_19_d1        |  14|          3|   12|         36|
    |p_ZZ10sgm_kernelRN3hls6streamI7ap_uintILi8EELi0EEES4_S4_E9prevCostT_19_we1       |  14|          3|    1|          3|
    |p_ZZ10sgm_kernelRN3hls6streamI7ap_uintILi8EELi0EEES4_S4_E9prevCostT_20_address1  |  14|          3|    9|         27|
    |p_ZZ10sgm_kernelRN3hls6streamI7ap_uintILi8EELi0EEES4_S4_E9prevCostT_20_ce0       |   9|          2|    1|          2|
    |p_ZZ10sgm_kernelRN3hls6streamI7ap_uintILi8EELi0EEES4_S4_E9prevCostT_20_ce1       |  14|          3|    1|          3|
    |p_ZZ10sgm_kernelRN3hls6streamI7ap_uintILi8EELi0EEES4_S4_E9prevCostT_20_d1        |  14|          3|   12|         36|
    |p_ZZ10sgm_kernelRN3hls6streamI7ap_uintILi8EELi0EEES4_S4_E9prevCostT_20_we1       |  14|          3|    1|          3|
    |p_ZZ10sgm_kernelRN3hls6streamI7ap_uintILi8EELi0EEES4_S4_E9prevCostT_21_address1  |  14|          3|    9|         27|
    |p_ZZ10sgm_kernelRN3hls6streamI7ap_uintILi8EELi0EEES4_S4_E9prevCostT_21_ce0       |   9|          2|    1|          2|
    |p_ZZ10sgm_kernelRN3hls6streamI7ap_uintILi8EELi0EEES4_S4_E9prevCostT_21_ce1       |  14|          3|    1|          3|
    |p_ZZ10sgm_kernelRN3hls6streamI7ap_uintILi8EELi0EEES4_S4_E9prevCostT_21_d1        |  14|          3|   12|         36|
    |p_ZZ10sgm_kernelRN3hls6streamI7ap_uintILi8EELi0EEES4_S4_E9prevCostT_21_we1       |  14|          3|    1|          3|
    |p_ZZ10sgm_kernelRN3hls6streamI7ap_uintILi8EELi0EEES4_S4_E9prevCostT_22_address1  |  14|          3|    9|         27|
    |p_ZZ10sgm_kernelRN3hls6streamI7ap_uintILi8EELi0EEES4_S4_E9prevCostT_22_ce0       |   9|          2|    1|          2|
    |p_ZZ10sgm_kernelRN3hls6streamI7ap_uintILi8EELi0EEES4_S4_E9prevCostT_22_ce1       |  14|          3|    1|          3|
    |p_ZZ10sgm_kernelRN3hls6streamI7ap_uintILi8EELi0EEES4_S4_E9prevCostT_22_d1        |  14|          3|   12|         36|
    |p_ZZ10sgm_kernelRN3hls6streamI7ap_uintILi8EELi0EEES4_S4_E9prevCostT_22_we1       |  14|          3|    1|          3|
    |p_ZZ10sgm_kernelRN3hls6streamI7ap_uintILi8EELi0EEES4_S4_E9prevCostT_23_address1  |  14|          3|    9|         27|
    |p_ZZ10sgm_kernelRN3hls6streamI7ap_uintILi8EELi0EEES4_S4_E9prevCostT_23_ce0       |   9|          2|    1|          2|
    |p_ZZ10sgm_kernelRN3hls6streamI7ap_uintILi8EELi0EEES4_S4_E9prevCostT_23_ce1       |  14|          3|    1|          3|
    |p_ZZ10sgm_kernelRN3hls6streamI7ap_uintILi8EELi0EEES4_S4_E9prevCostT_23_d1        |  14|          3|   12|         36|
    |p_ZZ10sgm_kernelRN3hls6streamI7ap_uintILi8EELi0EEES4_S4_E9prevCostT_23_we1       |  14|          3|    1|          3|
    |p_ZZ10sgm_kernelRN3hls6streamI7ap_uintILi8EELi0EEES4_S4_E9prevCostT_24_address1  |  14|          3|    9|         27|
    |p_ZZ10sgm_kernelRN3hls6streamI7ap_uintILi8EELi0EEES4_S4_E9prevCostT_24_ce0       |   9|          2|    1|          2|
    |p_ZZ10sgm_kernelRN3hls6streamI7ap_uintILi8EELi0EEES4_S4_E9prevCostT_24_ce1       |  14|          3|    1|          3|
    |p_ZZ10sgm_kernelRN3hls6streamI7ap_uintILi8EELi0EEES4_S4_E9prevCostT_24_d1        |  14|          3|   12|         36|
    |p_ZZ10sgm_kernelRN3hls6streamI7ap_uintILi8EELi0EEES4_S4_E9prevCostT_24_we1       |  14|          3|    1|          3|
    |p_ZZ10sgm_kernelRN3hls6streamI7ap_uintILi8EELi0EEES4_S4_E9prevCostT_25_address1  |  14|          3|    9|         27|
    |p_ZZ10sgm_kernelRN3hls6streamI7ap_uintILi8EELi0EEES4_S4_E9prevCostT_25_ce0       |   9|          2|    1|          2|
    |p_ZZ10sgm_kernelRN3hls6streamI7ap_uintILi8EELi0EEES4_S4_E9prevCostT_25_ce1       |  14|          3|    1|          3|
    |p_ZZ10sgm_kernelRN3hls6streamI7ap_uintILi8EELi0EEES4_S4_E9prevCostT_25_d1        |  14|          3|   12|         36|
    |p_ZZ10sgm_kernelRN3hls6streamI7ap_uintILi8EELi0EEES4_S4_E9prevCostT_25_we1       |  14|          3|    1|          3|
    |p_ZZ10sgm_kernelRN3hls6streamI7ap_uintILi8EELi0EEES4_S4_E9prevCostT_26_address1  |  14|          3|    9|         27|
    |p_ZZ10sgm_kernelRN3hls6streamI7ap_uintILi8EELi0EEES4_S4_E9prevCostT_26_ce0       |   9|          2|    1|          2|
    |p_ZZ10sgm_kernelRN3hls6streamI7ap_uintILi8EELi0EEES4_S4_E9prevCostT_26_ce1       |  14|          3|    1|          3|
    |p_ZZ10sgm_kernelRN3hls6streamI7ap_uintILi8EELi0EEES4_S4_E9prevCostT_26_d1        |  14|          3|   12|         36|
    |p_ZZ10sgm_kernelRN3hls6streamI7ap_uintILi8EELi0EEES4_S4_E9prevCostT_26_we1       |  14|          3|    1|          3|
    |p_ZZ10sgm_kernelRN3hls6streamI7ap_uintILi8EELi0EEES4_S4_E9prevCostT_27_address1  |  14|          3|    9|         27|
    |p_ZZ10sgm_kernelRN3hls6streamI7ap_uintILi8EELi0EEES4_S4_E9prevCostT_27_ce0       |   9|          2|    1|          2|
    |p_ZZ10sgm_kernelRN3hls6streamI7ap_uintILi8EELi0EEES4_S4_E9prevCostT_27_ce1       |  14|          3|    1|          3|
    |p_ZZ10sgm_kernelRN3hls6streamI7ap_uintILi8EELi0EEES4_S4_E9prevCostT_27_d1        |  14|          3|   12|         36|
    |p_ZZ10sgm_kernelRN3hls6streamI7ap_uintILi8EELi0EEES4_S4_E9prevCostT_27_we1       |  14|          3|    1|          3|
    |p_ZZ10sgm_kernelRN3hls6streamI7ap_uintILi8EELi0EEES4_S4_E9prevCostT_28_address1  |  14|          3|    9|         27|
    |p_ZZ10sgm_kernelRN3hls6streamI7ap_uintILi8EELi0EEES4_S4_E9prevCostT_28_ce0       |   9|          2|    1|          2|
    |p_ZZ10sgm_kernelRN3hls6streamI7ap_uintILi8EELi0EEES4_S4_E9prevCostT_28_ce1       |  14|          3|    1|          3|
    |p_ZZ10sgm_kernelRN3hls6streamI7ap_uintILi8EELi0EEES4_S4_E9prevCostT_28_d1        |  14|          3|   12|         36|
    |p_ZZ10sgm_kernelRN3hls6streamI7ap_uintILi8EELi0EEES4_S4_E9prevCostT_28_we1       |  14|          3|    1|          3|
    |p_ZZ10sgm_kernelRN3hls6streamI7ap_uintILi8EELi0EEES4_S4_E9prevCostT_29_address1  |  14|          3|    9|         27|
    |p_ZZ10sgm_kernelRN3hls6streamI7ap_uintILi8EELi0EEES4_S4_E9prevCostT_29_ce0       |   9|          2|    1|          2|
    |p_ZZ10sgm_kernelRN3hls6streamI7ap_uintILi8EELi0EEES4_S4_E9prevCostT_29_ce1       |  14|          3|    1|          3|
    |p_ZZ10sgm_kernelRN3hls6streamI7ap_uintILi8EELi0EEES4_S4_E9prevCostT_29_d1        |  14|          3|   12|         36|
    |p_ZZ10sgm_kernelRN3hls6streamI7ap_uintILi8EELi0EEES4_S4_E9prevCostT_29_we1       |  14|          3|    1|          3|
    |p_ZZ10sgm_kernelRN3hls6streamI7ap_uintILi8EELi0EEES4_S4_E9prevCostT_30_address1  |  14|          3|    9|         27|
    |p_ZZ10sgm_kernelRN3hls6streamI7ap_uintILi8EELi0EEES4_S4_E9prevCostT_30_ce0       |   9|          2|    1|          2|
    |p_ZZ10sgm_kernelRN3hls6streamI7ap_uintILi8EELi0EEES4_S4_E9prevCostT_30_ce1       |  14|          3|    1|          3|
    |p_ZZ10sgm_kernelRN3hls6streamI7ap_uintILi8EELi0EEES4_S4_E9prevCostT_30_d1        |  14|          3|   12|         36|
    |p_ZZ10sgm_kernelRN3hls6streamI7ap_uintILi8EELi0EEES4_S4_E9prevCostT_30_we1       |  14|          3|    1|          3|
    |p_ZZ10sgm_kernelRN3hls6streamI7ap_uintILi8EELi0EEES4_S4_E9prevCostT_31_address1  |  14|          3|    9|         27|
    |p_ZZ10sgm_kernelRN3hls6streamI7ap_uintILi8EELi0EEES4_S4_E9prevCostT_31_ce0       |   9|          2|    1|          2|
    |p_ZZ10sgm_kernelRN3hls6streamI7ap_uintILi8EELi0EEES4_S4_E9prevCostT_31_ce1       |  14|          3|    1|          3|
    |p_ZZ10sgm_kernelRN3hls6streamI7ap_uintILi8EELi0EEES4_S4_E9prevCostT_31_d1        |  14|          3|   12|         36|
    |p_ZZ10sgm_kernelRN3hls6streamI7ap_uintILi8EELi0EEES4_S4_E9prevCostT_31_we1       |  14|          3|    1|          3|
    |pkt_curCost_address0                                                             |  14|          3|    5|         15|
    |pkt_curCost_ce0                                                                  |  14|          3|    1|          3|
    |pkt_curCost_we0                                                                  |   9|          2|    1|          2|
    |r_fu_352                                                                         |   9|          2|    7|         14|
    |rightStripe_1_address0                                                           |  14|          3|    6|         18|
    |rightStripe_1_ce0                                                                |  14|          3|    1|          3|
    |rightStripe_1_ce1                                                                |   9|          2|    1|          2|
    |rightStripe_1_ce2                                                                |   9|          2|    1|          2|
    |rightStripe_1_d0                                                                 |  14|          3|    1|          3|
    |rightStripe_1_we0                                                                |  14|          3|    1|          3|
    |rightStripe_2_address0                                                           |  14|          3|    6|         18|
    |rightStripe_2_ce0                                                                |  14|          3|    1|          3|
    |rightStripe_2_ce1                                                                |   9|          2|    1|          2|
    |rightStripe_2_ce2                                                                |   9|          2|    1|          2|
    |rightStripe_2_d0                                                                 |  14|          3|    1|          3|
    |rightStripe_2_we0                                                                |  14|          3|    1|          3|
    |rightStripe_address0                                                             |  14|          3|    6|         18|
    |rightStripe_ce0                                                                  |  14|          3|    1|          3|
    |rightStripe_ce1                                                                  |   9|          2|    1|          2|
    |rightStripe_ce2                                                                  |   9|          2|    1|          2|
    |rightStripe_d0                                                                   |  14|          3|    8|         24|
    |rightStripe_we0                                                                  |  14|          3|    1|          3|
    |right_r_TREADY_int_regslice                                                      |   9|          2|    1|          2|
    |right_wr_0_reg_469                                                               |   9|          2|   32|         64|
    |sgm_kernel_stream_stream_ap_uint_8_0_stream_ap_uint_8_0_prevCostL                |   9|          2|   12|         24|
    |sgm_kernel_stream_stream_ap_uint_8_0_stream_ap_uint_8_0_prevCostL_1              |   9|          2|   12|         24|
    |sgm_kernel_stream_stream_ap_uint_8_0_stream_ap_uint_8_0_prevCostL_2              |   9|          2|   12|         24|
    |sgm_kernel_stream_stream_ap_uint_8_0_stream_ap_uint_8_0_prevCostL_3              |   9|          2|   12|         24|
    |sgm_kernel_stream_stream_ap_uint_8_0_stream_ap_uint_8_0_prevCostL_4              |   9|          2|   12|         24|
    |sgm_kernel_stream_stream_ap_uint_8_0_stream_ap_uint_8_0_prevCostL_5              |   9|          2|   12|         24|
    |sgm_kernel_stream_stream_ap_uint_8_0_stream_ap_uint_8_0_prevCostL_6              |   9|          2|   12|         24|
    |sgm_kernel_stream_stream_ap_uint_8_0_stream_ap_uint_8_0_prevCostL_7              |   9|          2|   12|         24|
    |sgm_kernel_stream_stream_ap_uint_8_0_stream_ap_uint_8_0_prevCostL_8              |   9|          2|   12|         24|
    |sgm_kernel_stream_stream_ap_uint_8_0_stream_ap_uint_8_0_prevCostL_9              |   9|          2|   12|         24|
    |sgm_kernel_stream_stream_ap_uint_8_0_stream_ap_uint_8_0_prevCostT_1_address1     |  14|          3|    9|         27|
    |sgm_kernel_stream_stream_ap_uint_8_0_stream_ap_uint_8_0_prevCostT_1_ce0          |   9|          2|    1|          2|
    |sgm_kernel_stream_stream_ap_uint_8_0_stream_ap_uint_8_0_prevCostT_1_ce1          |  14|          3|    1|          3|
    |sgm_kernel_stream_stream_ap_uint_8_0_stream_ap_uint_8_0_prevCostT_1_d1           |  14|          3|   12|         36|
    |sgm_kernel_stream_stream_ap_uint_8_0_stream_ap_uint_8_0_prevCostT_1_we1          |  14|          3|    1|          3|
    |sgm_kernel_stream_stream_ap_uint_8_0_stream_ap_uint_8_0_prevCostT_2_address1     |  14|          3|    9|         27|
    |sgm_kernel_stream_stream_ap_uint_8_0_stream_ap_uint_8_0_prevCostT_2_ce0          |   9|          2|    1|          2|
    |sgm_kernel_stream_stream_ap_uint_8_0_stream_ap_uint_8_0_prevCostT_2_ce1          |  14|          3|    1|          3|
    |sgm_kernel_stream_stream_ap_uint_8_0_stream_ap_uint_8_0_prevCostT_2_d1           |  14|          3|   12|         36|
    |sgm_kernel_stream_stream_ap_uint_8_0_stream_ap_uint_8_0_prevCostT_2_we1          |  14|          3|    1|          3|
    |sgm_kernel_stream_stream_ap_uint_8_0_stream_ap_uint_8_0_prevCostT_3_address1     |  14|          3|    9|         27|
    |sgm_kernel_stream_stream_ap_uint_8_0_stream_ap_uint_8_0_prevCostT_3_ce0          |   9|          2|    1|          2|
    |sgm_kernel_stream_stream_ap_uint_8_0_stream_ap_uint_8_0_prevCostT_3_ce1          |  14|          3|    1|          3|
    |sgm_kernel_stream_stream_ap_uint_8_0_stream_ap_uint_8_0_prevCostT_3_d1           |  14|          3|   12|         36|
    |sgm_kernel_stream_stream_ap_uint_8_0_stream_ap_uint_8_0_prevCostT_3_we1          |  14|          3|    1|          3|
    |sgm_kernel_stream_stream_ap_uint_8_0_stream_ap_uint_8_0_prevCostT_4_address1     |  14|          3|    9|         27|
    |sgm_kernel_stream_stream_ap_uint_8_0_stream_ap_uint_8_0_prevCostT_4_ce0          |   9|          2|    1|          2|
    |sgm_kernel_stream_stream_ap_uint_8_0_stream_ap_uint_8_0_prevCostT_4_ce1          |  14|          3|    1|          3|
    |sgm_kernel_stream_stream_ap_uint_8_0_stream_ap_uint_8_0_prevCostT_4_d1           |  14|          3|   12|         36|
    |sgm_kernel_stream_stream_ap_uint_8_0_stream_ap_uint_8_0_prevCostT_4_we1          |  14|          3|    1|          3|
    |sgm_kernel_stream_stream_ap_uint_8_0_stream_ap_uint_8_0_prevCostT_5_address1     |  14|          3|    9|         27|
    |sgm_kernel_stream_stream_ap_uint_8_0_stream_ap_uint_8_0_prevCostT_5_ce0          |   9|          2|    1|          2|
    |sgm_kernel_stream_stream_ap_uint_8_0_stream_ap_uint_8_0_prevCostT_5_ce1          |  14|          3|    1|          3|
    |sgm_kernel_stream_stream_ap_uint_8_0_stream_ap_uint_8_0_prevCostT_5_d1           |  14|          3|   12|         36|
    |sgm_kernel_stream_stream_ap_uint_8_0_stream_ap_uint_8_0_prevCostT_5_we1          |  14|          3|    1|          3|
    |sgm_kernel_stream_stream_ap_uint_8_0_stream_ap_uint_8_0_prevCostT_6_address1     |  14|          3|    9|         27|
    |sgm_kernel_stream_stream_ap_uint_8_0_stream_ap_uint_8_0_prevCostT_6_ce0          |   9|          2|    1|          2|
    |sgm_kernel_stream_stream_ap_uint_8_0_stream_ap_uint_8_0_prevCostT_6_ce1          |  14|          3|    1|          3|
    |sgm_kernel_stream_stream_ap_uint_8_0_stream_ap_uint_8_0_prevCostT_6_d1           |  14|          3|   12|         36|
    |sgm_kernel_stream_stream_ap_uint_8_0_stream_ap_uint_8_0_prevCostT_6_we1          |  14|          3|    1|          3|
    |sgm_kernel_stream_stream_ap_uint_8_0_stream_ap_uint_8_0_prevCostT_7_address1     |  14|          3|    9|         27|
    |sgm_kernel_stream_stream_ap_uint_8_0_stream_ap_uint_8_0_prevCostT_7_ce0          |   9|          2|    1|          2|
    |sgm_kernel_stream_stream_ap_uint_8_0_stream_ap_uint_8_0_prevCostT_7_ce1          |  14|          3|    1|          3|
    |sgm_kernel_stream_stream_ap_uint_8_0_stream_ap_uint_8_0_prevCostT_7_d1           |  14|          3|   12|         36|
    |sgm_kernel_stream_stream_ap_uint_8_0_stream_ap_uint_8_0_prevCostT_7_we1          |  14|          3|    1|          3|
    |sgm_kernel_stream_stream_ap_uint_8_0_stream_ap_uint_8_0_prevCostT_8_address1     |  14|          3|    9|         27|
    |sgm_kernel_stream_stream_ap_uint_8_0_stream_ap_uint_8_0_prevCostT_8_ce0          |   9|          2|    1|          2|
    |sgm_kernel_stream_stream_ap_uint_8_0_stream_ap_uint_8_0_prevCostT_8_ce1          |  14|          3|    1|          3|
    |sgm_kernel_stream_stream_ap_uint_8_0_stream_ap_uint_8_0_prevCostT_8_d1           |  14|          3|   12|         36|
    |sgm_kernel_stream_stream_ap_uint_8_0_stream_ap_uint_8_0_prevCostT_8_we1          |  14|          3|    1|          3|
    |sgm_kernel_stream_stream_ap_uint_8_0_stream_ap_uint_8_0_prevCostT_9_address1     |  14|          3|    9|         27|
    |sgm_kernel_stream_stream_ap_uint_8_0_stream_ap_uint_8_0_prevCostT_9_ce0          |   9|          2|    1|          2|
    |sgm_kernel_stream_stream_ap_uint_8_0_stream_ap_uint_8_0_prevCostT_9_ce1          |  14|          3|    1|          3|
    |sgm_kernel_stream_stream_ap_uint_8_0_stream_ap_uint_8_0_prevCostT_9_d1           |  14|          3|   12|         36|
    |sgm_kernel_stream_stream_ap_uint_8_0_stream_ap_uint_8_0_prevCostT_9_we1          |  14|          3|    1|          3|
    |sgm_kernel_stream_stream_ap_uint_8_0_stream_ap_uint_8_0_prevCostT_address1       |  14|          3|    9|         27|
    |sgm_kernel_stream_stream_ap_uint_8_0_stream_ap_uint_8_0_prevCostT_ce0            |   9|          2|    1|          2|
    |sgm_kernel_stream_stream_ap_uint_8_0_stream_ap_uint_8_0_prevCostT_ce1            |  14|          3|    1|          3|
    |sgm_kernel_stream_stream_ap_uint_8_0_stream_ap_uint_8_0_prevCostT_d1             |  14|          3|   12|         36|
    |sgm_kernel_stream_stream_ap_uint_8_0_stream_ap_uint_8_0_prevCostT_we1            |  14|          3|    1|          3|
    +---------------------------------------------------------------------------------+----+-----------+-----+-----------+
    |Total                                                                            |3079|        666| 1414|       3695|
    +---------------------------------------------------------------------------------+----+-----------+-----+-----------+

    * Register: 
    +------------------------------------------------------------------------------+----+----+-----+-----------+
    |                                     Name                                     | FF | LUT| Bits| Const Bits|
    +------------------------------------------------------------------------------+----+----+-----+-----------+
    |add_ln403_reg_1343                                                            |   9|   0|    9|          0|
    |add_ln421_reg_1378                                                            |   9|   0|    9|          0|
    |ap_CS_fsm                                                                     |  13|   0|   13|          0|
    |c_reg_545                                                                     |   9|   0|    9|          0|
    |grp_col_backend_fu_773_ap_start_reg                                           |   1|   0|    1|          0|
    |grp_col_frontend_fu_740_ap_start_reg                                          |   1|   0|    1|          0|
    |grp_sgm_kernel_Pipeline_InitBuf_VITIS_LOOP_321_1_fu_569_ap_start_reg          |   1|   0|    1|          0|
    |grp_sgm_kernel_Pipeline_InitLeftWin_VITIS_LOOP_388_2_fu_717_ap_start_reg      |   1|   0|    1|          0|
    |grp_sgm_kernel_Pipeline_InitRightStripe_VITIS_LOOP_397_3_fu_733_ap_start_reg  |   1|   0|    1|          0|
    |grp_sgm_kernel_Pipeline_InitTBRow_InitTBRowD_fu_649_ap_start_reg              |   1|   0|    1|          0|
    |grp_sgm_kernel_Pipeline_ResetCosts_fu_581_ap_start_reg                        |   1|   0|    1|          0|
    |icmp_ln370_reg_1300                                                           |   1|   0|    1|          0|
    |icmp_ln422_reg_1383                                                           |   1|   0|    1|          0|
    |leftWin_1_1_reg_535                                                           |   8|   0|    8|          0|
    |leftWin_1_reg_1358                                                            |   8|   0|    8|          0|
    |leftWin_2_1_reg_525                                                           |   8|   0|    8|          0|
    |leftWin_2_reg_1363                                                            |   8|   0|    8|          0|
    |leftWin_3_reg_1368                                                            |   8|   0|    8|          0|
    |leftWin_4_1_reg_515                                                           |   8|   0|    8|          0|
    |leftWin_4_fu_356                                                              |   8|   0|    8|          0|
    |leftWin_5_0_fu_368                                                            |   8|   0|    8|          0|
    |leftWin_5_1_reg_503                                                           |   8|   0|    8|          0|
    |leftWin_5_fu_360                                                              |   8|   0|    8|          0|
    |leftWin_6_fu_364                                                              |   8|   0|    8|          0|
    |leftWin_7_1_reg_493                                                           |   8|   0|    8|          0|
    |leftWin_7_fu_372                                                              |   8|   0|    8|          0|
    |leftWin_8_0_fu_376                                                            |   8|   0|    8|          0|
    |leftWin_8_1_reg_481                                                           |   8|   0|    8|          0|
    |leftWin_reg_1353                                                              |   8|   0|    8|          0|
    |minPrevLR_0_reg_457                                                           |  12|   0|   12|          0|
    |minPrevLR_1_reg_557                                                           |  12|   0|   12|          0|
    |minPrevLR_reg_1402                                                            |  12|   0|   12|          0|
    |minPrevT_addr_reg_1387                                                        |   9|   0|    9|          0|
    |minPrevT_load_reg_1392                                                        |  12|   0|   12|          0|
    |p_ZZ10sgm_kernelRN3hls6streamI7ap_uintILi8EELi0EEES4_S4_E9prevCostL_10        |  12|   0|   12|          0|
    |p_ZZ10sgm_kernelRN3hls6streamI7ap_uintILi8EELi0EEES4_S4_E9prevCostL_11        |  12|   0|   12|          0|
    |p_ZZ10sgm_kernelRN3hls6streamI7ap_uintILi8EELi0EEES4_S4_E9prevCostL_12        |  12|   0|   12|          0|
    |p_ZZ10sgm_kernelRN3hls6streamI7ap_uintILi8EELi0EEES4_S4_E9prevCostL_13        |  12|   0|   12|          0|
    |p_ZZ10sgm_kernelRN3hls6streamI7ap_uintILi8EELi0EEES4_S4_E9prevCostL_14        |  12|   0|   12|          0|
    |p_ZZ10sgm_kernelRN3hls6streamI7ap_uintILi8EELi0EEES4_S4_E9prevCostL_15        |  12|   0|   12|          0|
    |p_ZZ10sgm_kernelRN3hls6streamI7ap_uintILi8EELi0EEES4_S4_E9prevCostL_16        |  12|   0|   12|          0|
    |p_ZZ10sgm_kernelRN3hls6streamI7ap_uintILi8EELi0EEES4_S4_E9prevCostL_17        |  12|   0|   12|          0|
    |p_ZZ10sgm_kernelRN3hls6streamI7ap_uintILi8EELi0EEES4_S4_E9prevCostL_18        |  12|   0|   12|          0|
    |p_ZZ10sgm_kernelRN3hls6streamI7ap_uintILi8EELi0EEES4_S4_E9prevCostL_19        |  12|   0|   12|          0|
    |p_ZZ10sgm_kernelRN3hls6streamI7ap_uintILi8EELi0EEES4_S4_E9prevCostL_20        |  12|   0|   12|          0|
    |p_ZZ10sgm_kernelRN3hls6streamI7ap_uintILi8EELi0EEES4_S4_E9prevCostL_21        |  12|   0|   12|          0|
    |p_ZZ10sgm_kernelRN3hls6streamI7ap_uintILi8EELi0EEES4_S4_E9prevCostL_22        |  12|   0|   12|          0|
    |p_ZZ10sgm_kernelRN3hls6streamI7ap_uintILi8EELi0EEES4_S4_E9prevCostL_23        |  12|   0|   12|          0|
    |p_ZZ10sgm_kernelRN3hls6streamI7ap_uintILi8EELi0EEES4_S4_E9prevCostL_24        |  12|   0|   12|          0|
    |p_ZZ10sgm_kernelRN3hls6streamI7ap_uintILi8EELi0EEES4_S4_E9prevCostL_25        |  12|   0|   12|          0|
    |p_ZZ10sgm_kernelRN3hls6streamI7ap_uintILi8EELi0EEES4_S4_E9prevCostL_26        |  12|   0|   12|          0|
    |p_ZZ10sgm_kernelRN3hls6streamI7ap_uintILi8EELi0EEES4_S4_E9prevCostL_27        |  12|   0|   12|          0|
    |p_ZZ10sgm_kernelRN3hls6streamI7ap_uintILi8EELi0EEES4_S4_E9prevCostL_28        |  12|   0|   12|          0|
    |p_ZZ10sgm_kernelRN3hls6streamI7ap_uintILi8EELi0EEES4_S4_E9prevCostL_29        |  12|   0|   12|          0|
    |p_ZZ10sgm_kernelRN3hls6streamI7ap_uintILi8EELi0EEES4_S4_E9prevCostL_30        |  12|   0|   12|          0|
    |p_ZZ10sgm_kernelRN3hls6streamI7ap_uintILi8EELi0EEES4_S4_E9prevCostL_31        |  12|   0|   12|          0|
    |pkt_valid_reg_1348                                                            |   1|   0|    1|          0|
    |r_1_reg_1287                                                                  |   7|   0|    7|          0|
    |r_2_reg_1295                                                                  |   7|   0|    7|          0|
    |r_fu_352                                                                      |   7|   0|    7|          0|
    |right_wr_0_reg_469                                                            |  32|   0|   32|          0|
    |right_wr_reg_1373                                                             |  32|   0|   32|          0|
    |sgm_kernel_stream_stream_ap_uint_8_0_stream_ap_uint_8_0_prevCostL             |  12|   0|   12|          0|
    |sgm_kernel_stream_stream_ap_uint_8_0_stream_ap_uint_8_0_prevCostL_1           |  12|   0|   12|          0|
    |sgm_kernel_stream_stream_ap_uint_8_0_stream_ap_uint_8_0_prevCostL_2           |  12|   0|   12|          0|
    |sgm_kernel_stream_stream_ap_uint_8_0_stream_ap_uint_8_0_prevCostL_3           |  12|   0|   12|          0|
    |sgm_kernel_stream_stream_ap_uint_8_0_stream_ap_uint_8_0_prevCostL_4           |  12|   0|   12|          0|
    |sgm_kernel_stream_stream_ap_uint_8_0_stream_ap_uint_8_0_prevCostL_5           |  12|   0|   12|          0|
    |sgm_kernel_stream_stream_ap_uint_8_0_stream_ap_uint_8_0_prevCostL_6           |  12|   0|   12|          0|
    |sgm_kernel_stream_stream_ap_uint_8_0_stream_ap_uint_8_0_prevCostL_7           |  12|   0|   12|          0|
    |sgm_kernel_stream_stream_ap_uint_8_0_stream_ap_uint_8_0_prevCostL_8           |  12|   0|   12|          0|
    |sgm_kernel_stream_stream_ap_uint_8_0_stream_ap_uint_8_0_prevCostL_9           |  12|   0|   12|          0|
    +------------------------------------------------------------------------------+----+----+-----+-----------+
    |Total                                                                         | 704|   0|  704|          0|
    +------------------------------------------------------------------------------+----+----+-----+-----------+



================================================================
== Interface
================================================================
* Summary: 
+----------------+-----+-----+--------------+--------------+--------------+
|    RTL Ports   | Dir | Bits|   Protocol   | Source Object|    C Type    |
+----------------+-----+-----+--------------+--------------+--------------+
|ap_clk          |   in|    1|  ap_ctrl_none|    sgm_kernel|  return value|
|ap_rst_n        |   in|    1|  ap_ctrl_none|    sgm_kernel|  return value|
|left_r_TDATA    |   in|    8|          axis|        left_r|       pointer|
|left_r_TVALID   |   in|    1|          axis|        left_r|       pointer|
|left_r_TREADY   |  out|    1|          axis|        left_r|       pointer|
|right_r_TDATA   |   in|    8|          axis|       right_r|       pointer|
|right_r_TVALID  |   in|    1|          axis|       right_r|       pointer|
|right_r_TREADY  |  out|    1|          axis|       right_r|       pointer|
|disp_TDATA      |  out|    8|          axis|          disp|       pointer|
|disp_TVALID     |  out|    1|          axis|          disp|       pointer|
|disp_TREADY     |   in|    1|          axis|          disp|       pointer|
+----------------+-----+-----+--------------+--------------+--------------+

