

================================================================
== Vitis HLS Report for 'sgm_kernel'
================================================================
* Date:           Sat Apr 25 10:44:25 2026

* Version:        2023.1 (Build 3854077 on May  4 2023)
* Project:        sgm_kernel
* Solution:       solution1 (Vivado IP Flow Target)
* Product family: zynq
* Target device:  xc7z010-clg400-1


================================================================
== Performance Estimates
================================================================
+ Timing: 
    * Summary: 
    +--------+----------+----------+------------+
    |  Clock |  Target  | Estimated| Uncertainty|
    +--------+----------+----------+------------+
    |ap_clk  |  10.00 ns|  9.279 ns|     2.70 ns|
    +--------+----------+----------+------------+

+ Latency: 
    * Summary: 
    +---------+---------+----------+-----------+--------+---------+---------+
    |  Latency (cycles) |  Latency (absolute)  |     Interval     | Pipeline|
    |   min   |   max   |    min   |    max    |   min  |   max   |   Type  |
    +---------+---------+----------+-----------+--------+---------+---------+
    |   753125|  1244837|  7.531 ms|  12.448 ms|  753126|  1244838|       no|
    +---------+---------+----------+-----------+--------+---------+---------+

    + Detail: 
        * Instance: 
        +-----------------------------------------------------------------+------------------------------------------------------+---------+---------+-----------+-----------+------+------+---------+
        |                                                                 |                                                      |  Latency (cycles) |   Latency (absolute)  |   Interval  | Pipeline|
        |                             Instance                            |                        Module                        |   min   |   max   |    min    |    max    |  min |  max |   Type  |
        +-----------------------------------------------------------------+------------------------------------------------------+---------+---------+-----------+-----------+------+------+---------+
        |grp_sgm_kernel_Pipeline_InitBuf_VITIS_LOOP_301_1_fu_596          |sgm_kernel_Pipeline_InitBuf_VITIS_LOOP_301_1          |      962|      962|   9.620 us|   9.620 us|   962|   962|       no|
        |grp_sgm_kernel_Pipeline_ResetCosts_fu_608                        |sgm_kernel_Pipeline_ResetCosts                        |       18|       18|   0.180 us|   0.180 us|    18|    18|       no|
        |grp_sgm_kernel_Pipeline_InitTBRow_InitTBRowD_fu_676              |sgm_kernel_Pipeline_InitTBRow_InitTBRowD              |     5122|     5122|  51.220 us|  51.220 us|  5122|  5122|       no|
        |grp_sgm_kernel_Pipeline_InitLeftWin_VITIS_LOOP_365_2_fu_744      |sgm_kernel_Pipeline_InitLeftWin_VITIS_LOOP_365_2      |       11|       11|   0.110 us|   0.110 us|    11|    11|       no|
        |grp_sgm_kernel_Pipeline_InitRightStripe_VITIS_LOOP_374_3_fu_760  |sgm_kernel_Pipeline_InitRightStripe_VITIS_LOOP_374_3  |      113|      113|   1.130 us|   1.130 us|   113|   113|       no|
        |grp_sgm_kernel_Pipeline_VITIS_LOOP_380_4_fu_779                  |sgm_kernel_Pipeline_VITIS_LOOP_380_4                  |     7696|     7696|  76.960 us|  76.960 us|  7696|  7696|       no|
        +-----------------------------------------------------------------+------------------------------------------------------+---------+---------+-----------+-----------+------+------+---------+

        * Loop: 
        +----------+---------+---------+--------------+-----------+-----------+------+----------+
        |          |  Latency (cycles) |   Iteration  |  Initiation Interval  | Trip |          |
        | Loop Name|   min   |   max   |    Latency   |  achieved |   target  | Count| Pipelined|
        +----------+---------+---------+--------------+-----------+-----------+------+----------+
        |- Row     |   752160|  1243872|  7835 ~ 12957|          -|          -|    96|        no|
        +----------+---------+---------+--------------+-----------+-----------+------+----------+



================================================================
== Utilization Estimates
================================================================
* Summary: 
+-----------------+---------+----+-------+-------+-----+
|       Name      | BRAM_18K| DSP|   FF  |  LUT  | URAM|
+-----------------+---------+----+-------+-------+-----+
|DSP              |        -|   -|      -|      -|    -|
|Expression       |        -|   -|      0|     48|    -|
|FIFO             |        -|   -|      -|      -|    -|
|Instance         |        -|   0|  11627|  32281|    -|
|Memory           |       36|   -|    240|     15|    0|
|Multiplexer      |        -|   -|      -|   3543|    -|
|Register         |        -|   -|    855|      -|    -|
+-----------------+---------+----+-------+-------+-----+
|Total            |       36|   0|  12722|  35887|    0|
+-----------------+---------+----+-------+-------+-----+
|Available        |      120|  80|  35200|  17600|    0|
+-----------------+---------+----+-------+-------+-----+
|Utilization (%)  |       30|   0|     36|    203|    0|
+-----------------+---------+----+-------+-------+-----+

+ Detail: 
    * Instance: 
    +-----------------------------------------------------------------+------------------------------------------------------+---------+----+-------+-------+-----+
    |                             Instance                            |                        Module                        | BRAM_18K| DSP|   FF  |  LUT  | URAM|
    +-----------------------------------------------------------------+------------------------------------------------------+---------+----+-------+-------+-----+
    |grp_sgm_kernel_Pipeline_InitBuf_VITIS_LOOP_301_1_fu_596          |sgm_kernel_Pipeline_InitBuf_VITIS_LOOP_301_1          |        0|   0|     35|    149|    0|
    |grp_sgm_kernel_Pipeline_InitLeftWin_VITIS_LOOP_365_2_fu_744      |sgm_kernel_Pipeline_InitLeftWin_VITIS_LOOP_365_2      |        0|   0|     58|    189|    0|
    |grp_sgm_kernel_Pipeline_InitRightStripe_VITIS_LOOP_374_3_fu_760  |sgm_kernel_Pipeline_InitRightStripe_VITIS_LOOP_374_3  |        0|   0|    303|    332|    0|
    |grp_sgm_kernel_Pipeline_InitTBRow_InitTBRowD_fu_676              |sgm_kernel_Pipeline_InitTBRow_InitTBRowD              |        0|   0|     30|    134|    0|
    |grp_sgm_kernel_Pipeline_ResetCosts_fu_608                        |sgm_kernel_Pipeline_ResetCosts                        |        0|   0|      8|     41|    0|
    |grp_sgm_kernel_Pipeline_VITIS_LOOP_380_4_fu_779                  |sgm_kernel_Pipeline_VITIS_LOOP_380_4                  |        0|   0|  11193|  31436|    0|
    +-----------------------------------------------------------------+------------------------------------------------------+---------+----+-------+-------+-----+
    |Total                                                            |                                                      |        0|   0|  11627|  32281|    0|
    +-----------------------------------------------------------------+------------------------------------------------------+---------+----+-------+-------+-----+

    * DSP: 
    N/A

    * Memory: 
    +--------------------------------------------------------------------------+----------------------------------------------------------------------------------+---------+----+----+-----+------+-----+------+-------------+
    |                                  Memory                                  |                                      Module                                      | BRAM_18K| FF | LUT| URAM| Words| Bits| Banks| W*Bits*Banks|
    +--------------------------------------------------------------------------+----------------------------------------------------------------------------------+---------+----+----+-----+------+-----+------+-------------+
    |bufL_1_U                                                                  |bufL_1_RAM_S2P_BRAM_0R0W                                                          |        1|   0|   0|    0|   320|    1|     1|          320|
    |bufR_1_U                                                                  |bufL_1_RAM_S2P_BRAM_0R0W                                                          |        1|   0|   0|    0|   320|    1|     1|          320|
    |bufL_U                                                                    |bufL_RAM_S2P_BRAM_0R0W                                                            |        1|   0|   0|    0|   320|    8|     1|         2560|
    |bufR_U                                                                    |bufL_RAM_S2P_BRAM_0R0W                                                            |        1|   0|   0|    0|   320|    8|     1|         2560|
    |rightStripe_U                                                             |rightStripe_RAM_AUTO_1R1W                                                         |        0|  16|   1|    0|     7|    8|     1|           56|
    |rightStripe_1_U                                                           |rightStripe_RAM_AUTO_1R1W                                                         |        0|  16|   1|    0|     7|    8|     1|           56|
    |rightStripe_2_U                                                           |rightStripe_RAM_AUTO_1R1W                                                         |        0|  16|   1|    0|     7|    8|     1|           56|
    |rightStripe_3_U                                                           |rightStripe_RAM_AUTO_1R1W                                                         |        0|  16|   1|    0|     7|    8|     1|           56|
    |rightStripe_4_U                                                           |rightStripe_RAM_AUTO_1R1W                                                         |        0|  16|   1|    0|     7|    8|     1|           56|
    |rightStripe_5_U                                                           |rightStripe_RAM_AUTO_1R1W                                                         |        0|  16|   1|    0|     7|    8|     1|           56|
    |rightStripe_6_U                                                           |rightStripe_RAM_AUTO_1R1W                                                         |        0|  16|   1|    0|     7|    8|     1|           56|
    |rightStripe_7_U                                                           |rightStripe_RAM_AUTO_1R1W                                                         |        0|  16|   1|    0|     7|    8|     1|           56|
    |rightStripe_8_U                                                           |rightStripe_RAM_AUTO_1R1W                                                         |        0|  16|   1|    0|     7|    8|     1|           56|
    |rightStripe_9_U                                                           |rightStripe_RAM_AUTO_1R1W                                                         |        0|  16|   1|    0|     7|    8|     1|           56|
    |rightStripe_10_U                                                          |rightStripe_RAM_AUTO_1R1W                                                         |        0|  16|   1|    0|     7|    8|     1|           56|
    |rightStripe_11_U                                                          |rightStripe_RAM_AUTO_1R1W                                                         |        0|  16|   1|    0|     7|    8|     1|           56|
    |rightStripe_12_U                                                          |rightStripe_RAM_AUTO_1R1W                                                         |        0|  16|   1|    0|     7|    8|     1|           56|
    |rightStripe_13_U                                                          |rightStripe_RAM_AUTO_1R1W                                                         |        0|  16|   1|    0|     7|    8|     1|           56|
    |rightStripe_14_U                                                          |rightStripe_RAM_AUTO_1R1W                                                         |        0|  16|   1|    0|     7|    8|     1|           56|
    |sgm_kernel_stream_stream_ap_uint_8_0_stream_ap_uint_8_0_prevCostT_9_U     |sgm_kernel_stream_stream_ap_uint_8_0_stream_ap_uint_8_0_prevCostT_9_RAM_1P_BRbkb  |        1|   0|   0|    0|   320|   12|     1|         3840|
    |sgm_kernel_stream_stream_ap_uint_8_0_stream_ap_uint_8_0_prevCostT_8_U     |sgm_kernel_stream_stream_ap_uint_8_0_stream_ap_uint_8_0_prevCostT_9_RAM_1P_BRbkb  |        1|   0|   0|    0|   320|   12|     1|         3840|
    |sgm_kernel_stream_stream_ap_uint_8_0_stream_ap_uint_8_0_prevCostT_7_U     |sgm_kernel_stream_stream_ap_uint_8_0_stream_ap_uint_8_0_prevCostT_9_RAM_1P_BRbkb  |        1|   0|   0|    0|   320|   12|     1|         3840|
    |sgm_kernel_stream_stream_ap_uint_8_0_stream_ap_uint_8_0_prevCostT_6_U     |sgm_kernel_stream_stream_ap_uint_8_0_stream_ap_uint_8_0_prevCostT_9_RAM_1P_BRbkb  |        1|   0|   0|    0|   320|   12|     1|         3840|
    |sgm_kernel_stream_stream_ap_uint_8_0_stream_ap_uint_8_0_prevCostT_5_U     |sgm_kernel_stream_stream_ap_uint_8_0_stream_ap_uint_8_0_prevCostT_9_RAM_1P_BRbkb  |        1|   0|   0|    0|   320|   12|     1|         3840|
    |sgm_kernel_stream_stream_ap_uint_8_0_stream_ap_uint_8_0_prevCostT_4_U     |sgm_kernel_stream_stream_ap_uint_8_0_stream_ap_uint_8_0_prevCostT_9_RAM_1P_BRbkb  |        1|   0|   0|    0|   320|   12|     1|         3840|
    |sgm_kernel_stream_stream_ap_uint_8_0_stream_ap_uint_8_0_prevCostT_3_U     |sgm_kernel_stream_stream_ap_uint_8_0_stream_ap_uint_8_0_prevCostT_9_RAM_1P_BRbkb  |        1|   0|   0|    0|   320|   12|     1|         3840|
    |sgm_kernel_stream_stream_ap_uint_8_0_stream_ap_uint_8_0_prevCostT_2_U     |sgm_kernel_stream_stream_ap_uint_8_0_stream_ap_uint_8_0_prevCostT_9_RAM_1P_BRbkb  |        1|   0|   0|    0|   320|   12|     1|         3840|
    |sgm_kernel_stream_stream_ap_uint_8_0_stream_ap_uint_8_0_prevCostT_1_U     |sgm_kernel_stream_stream_ap_uint_8_0_stream_ap_uint_8_0_prevCostT_9_RAM_1P_BRbkb  |        1|   0|   0|    0|   320|   12|     1|         3840|
    |sgm_kernel_stream_stream_ap_uint_8_0_stream_ap_uint_8_0_prevCostT_U       |sgm_kernel_stream_stream_ap_uint_8_0_stream_ap_uint_8_0_prevCostT_9_RAM_1P_BRbkb  |        1|   0|   0|    0|   320|   12|     1|         3840|
    |p_ZZ10sgm_kernelRN3hls6streamI7ap_uintILi8EELi0EEES4_S4_E9prevCostT_10_U  |sgm_kernel_stream_stream_ap_uint_8_0_stream_ap_uint_8_0_prevCostT_9_RAM_1P_BRbkb  |        1|   0|   0|    0|   320|   12|     1|         3840|
    |p_ZZ10sgm_kernelRN3hls6streamI7ap_uintILi8EELi0EEES4_S4_E9prevCostT_11_U  |sgm_kernel_stream_stream_ap_uint_8_0_stream_ap_uint_8_0_prevCostT_9_RAM_1P_BRbkb  |        1|   0|   0|    0|   320|   12|     1|         3840|
    |p_ZZ10sgm_kernelRN3hls6streamI7ap_uintILi8EELi0EEES4_S4_E9prevCostT_12_U  |sgm_kernel_stream_stream_ap_uint_8_0_stream_ap_uint_8_0_prevCostT_9_RAM_1P_BRbkb  |        1|   0|   0|    0|   320|   12|     1|         3840|
    |p_ZZ10sgm_kernelRN3hls6streamI7ap_uintILi8EELi0EEES4_S4_E9prevCostT_13_U  |sgm_kernel_stream_stream_ap_uint_8_0_stream_ap_uint_8_0_prevCostT_9_RAM_1P_BRbkb  |        1|   0|   0|    0|   320|   12|     1|         3840|
    |p_ZZ10sgm_kernelRN3hls6streamI7ap_uintILi8EELi0EEES4_S4_E9prevCostT_14_U  |sgm_kernel_stream_stream_ap_uint_8_0_stream_ap_uint_8_0_prevCostT_9_RAM_1P_BRbkb  |        1|   0|   0|    0|   320|   12|     1|         3840|
    |p_ZZ10sgm_kernelRN3hls6streamI7ap_uintILi8EELi0EEES4_S4_E9prevCostT_15_U  |sgm_kernel_stream_stream_ap_uint_8_0_stream_ap_uint_8_0_prevCostT_9_RAM_1P_BRbkb  |        1|   0|   0|    0|   320|   12|     1|         3840|
    |p_ZZ10sgm_kernelRN3hls6streamI7ap_uintILi8EELi0EEES4_S4_E9prevCostT_16_U  |sgm_kernel_stream_stream_ap_uint_8_0_stream_ap_uint_8_0_prevCostT_9_RAM_1P_BRbkb  |        1|   0|   0|    0|   320|   12|     1|         3840|
    |p_ZZ10sgm_kernelRN3hls6streamI7ap_uintILi8EELi0EEES4_S4_E9prevCostT_17_U  |sgm_kernel_stream_stream_ap_uint_8_0_stream_ap_uint_8_0_prevCostT_9_RAM_1P_BRbkb  |        1|   0|   0|    0|   320|   12|     1|         3840|
    |p_ZZ10sgm_kernelRN3hls6streamI7ap_uintILi8EELi0EEES4_S4_E9prevCostT_18_U  |sgm_kernel_stream_stream_ap_uint_8_0_stream_ap_uint_8_0_prevCostT_9_RAM_1P_BRbkb  |        1|   0|   0|    0|   320|   12|     1|         3840|
    |p_ZZ10sgm_kernelRN3hls6streamI7ap_uintILi8EELi0EEES4_S4_E9prevCostT_19_U  |sgm_kernel_stream_stream_ap_uint_8_0_stream_ap_uint_8_0_prevCostT_9_RAM_1P_BRbkb  |        1|   0|   0|    0|   320|   12|     1|         3840|
    |p_ZZ10sgm_kernelRN3hls6streamI7ap_uintILi8EELi0EEES4_S4_E9prevCostT_20_U  |sgm_kernel_stream_stream_ap_uint_8_0_stream_ap_uint_8_0_prevCostT_9_RAM_1P_BRbkb  |        1|   0|   0|    0|   320|   12|     1|         3840|
    |p_ZZ10sgm_kernelRN3hls6streamI7ap_uintILi8EELi0EEES4_S4_E9prevCostT_21_U  |sgm_kernel_stream_stream_ap_uint_8_0_stream_ap_uint_8_0_prevCostT_9_RAM_1P_BRbkb  |        1|   0|   0|    0|   320|   12|     1|         3840|
    |p_ZZ10sgm_kernelRN3hls6streamI7ap_uintILi8EELi0EEES4_S4_E9prevCostT_22_U  |sgm_kernel_stream_stream_ap_uint_8_0_stream_ap_uint_8_0_prevCostT_9_RAM_1P_BRbkb  |        1|   0|   0|    0|   320|   12|     1|         3840|
    |p_ZZ10sgm_kernelRN3hls6streamI7ap_uintILi8EELi0EEES4_S4_E9prevCostT_23_U  |sgm_kernel_stream_stream_ap_uint_8_0_stream_ap_uint_8_0_prevCostT_9_RAM_1P_BRbkb  |        1|   0|   0|    0|   320|   12|     1|         3840|
    |p_ZZ10sgm_kernelRN3hls6streamI7ap_uintILi8EELi0EEES4_S4_E9prevCostT_24_U  |sgm_kernel_stream_stream_ap_uint_8_0_stream_ap_uint_8_0_prevCostT_9_RAM_1P_BRbkb  |        1|   0|   0|    0|   320|   12|     1|         3840|
    |p_ZZ10sgm_kernelRN3hls6streamI7ap_uintILi8EELi0EEES4_S4_E9prevCostT_25_U  |sgm_kernel_stream_stream_ap_uint_8_0_stream_ap_uint_8_0_prevCostT_9_RAM_1P_BRbkb  |        1|   0|   0|    0|   320|   12|     1|         3840|
    |p_ZZ10sgm_kernelRN3hls6streamI7ap_uintILi8EELi0EEES4_S4_E9prevCostT_26_U  |sgm_kernel_stream_stream_ap_uint_8_0_stream_ap_uint_8_0_prevCostT_9_RAM_1P_BRbkb  |        1|   0|   0|    0|   320|   12|     1|         3840|
    |p_ZZ10sgm_kernelRN3hls6streamI7ap_uintILi8EELi0EEES4_S4_E9prevCostT_27_U  |sgm_kernel_stream_stream_ap_uint_8_0_stream_ap_uint_8_0_prevCostT_9_RAM_1P_BRbkb  |        1|   0|   0|    0|   320|   12|     1|         3840|
    |p_ZZ10sgm_kernelRN3hls6streamI7ap_uintILi8EELi0EEES4_S4_E9prevCostT_28_U  |sgm_kernel_stream_stream_ap_uint_8_0_stream_ap_uint_8_0_prevCostT_9_RAM_1P_BRbkb  |        1|   0|   0|    0|   320|   12|     1|         3840|
    |p_ZZ10sgm_kernelRN3hls6streamI7ap_uintILi8EELi0EEES4_S4_E9prevCostT_29_U  |sgm_kernel_stream_stream_ap_uint_8_0_stream_ap_uint_8_0_prevCostT_9_RAM_1P_BRbkb  |        1|   0|   0|    0|   320|   12|     1|         3840|
    |p_ZZ10sgm_kernelRN3hls6streamI7ap_uintILi8EELi0EEES4_S4_E9prevCostT_30_U  |sgm_kernel_stream_stream_ap_uint_8_0_stream_ap_uint_8_0_prevCostT_9_RAM_1P_BRbkb  |        1|   0|   0|    0|   320|   12|     1|         3840|
    |p_ZZ10sgm_kernelRN3hls6streamI7ap_uintILi8EELi0EEES4_S4_E9prevCostT_31_U  |sgm_kernel_stream_stream_ap_uint_8_0_stream_ap_uint_8_0_prevCostT_9_RAM_1P_BRbkb  |        1|   0|   0|    0|   320|   12|     1|         3840|
    +--------------------------------------------------------------------------+----------------------------------------------------------------------------------+---------+----+----+-----+------+-----+------+-------------+
    |Total                                                                     |                                                                                  |       36| 240|  15|    0| 11625|  522|    51|       129480|
    +--------------------------------------------------------------------------+----------------------------------------------------------------------------------+---------+----+----+-----+------+-----+------+-------------+

    * FIFO: 
    N/A

    * Expression: 
    +-------------------------------------------------------------+----------+----+---+----+------------+------------+
    |                        Variable Name                        | Operation| DSP| FF| LUT| Bitwidth P0| Bitwidth P1|
    +-------------------------------------------------------------+----------+----+---+----+------------+------------+
    |r_2_fu_1123_p2                                               |         +|   0|  0|  14|           7|           1|
    |ap_block_state5_on_subcall_done                              |       and|   0|  0|   2|           1|           1|
    |grp_sgm_kernel_Pipeline_VITIS_LOOP_380_4_fu_779_disp_TREADY  |       and|   0|  0|   2|           1|           1|
    |icmp_ln337_fu_1117_p2                                        |      icmp|   0|  0|  14|           7|           7|
    |icmp_ln347_fu_1129_p2                                        |      icmp|   0|  0|  14|           7|           1|
    |ap_block_state6_on_subcall_done                              |        or|   0|  0|   2|           1|           1|
    +-------------------------------------------------------------+----------+----+---+----+------------+------------+
    |Total                                                        |          |   0|  0|  48|          24|          12|
    +-------------------------------------------------------------+----------+----+---+----+------------+------------+

    * Multiplexer: 
    +---------------------------------------------------------------------------------+----+-----------+-----+-----------+
    |                                       Name                                      | LUT| Input Size| Bits| Total Bits|
    +---------------------------------------------------------------------------------+----+-----------+-----+-----------+
    |ap_NS_fsm                                                                        |  65|         12|    1|         12|
    |bufL_1_address1                                                                  |  14|          3|    9|         27|
    |bufL_1_ce1                                                                       |  14|          3|    1|          3|
    |bufL_1_d1                                                                        |  14|          3|    1|          3|
    |bufL_1_we1                                                                       |  14|          3|    1|          3|
    |bufL_address1                                                                    |  14|          3|    9|         27|
    |bufL_ce1                                                                         |  14|          3|    1|          3|
    |bufL_d1                                                                          |  14|          3|    8|         24|
    |bufL_we1                                                                         |  14|          3|    1|          3|
    |bufR_1_address1                                                                  |  14|          3|    9|         27|
    |bufR_1_ce1                                                                       |  14|          3|    1|          3|
    |bufR_1_d1                                                                        |  14|          3|    1|          3|
    |bufR_1_we1                                                                       |  14|          3|    1|          3|
    |bufR_address1                                                                    |  14|          3|    9|         27|
    |bufR_ce1                                                                         |  14|          3|    1|          3|
    |bufR_d1                                                                          |  14|          3|    8|         24|
    |bufR_we1                                                                         |  14|          3|    1|          3|
    |disp_TDATA_blk_n                                                                 |   9|          2|    1|          2|
    |disp_TDATA_int_regslice                                                          |  14|          3|    8|         24|
    |disp_TVALID_int_regslice                                                         |  14|          3|    1|          3|
    |left_r_TREADY_int_regslice                                                       |   9|          2|    1|          2|
    |p_ZZ10sgm_kernelRN3hls6streamI7ap_uintILi8EELi0EEES4_S4_E9prevCostL_10           |   9|          2|   12|         24|
    |p_ZZ10sgm_kernelRN3hls6streamI7ap_uintILi8EELi0EEES4_S4_E9prevCostL_11           |   9|          2|   12|         24|
    |p_ZZ10sgm_kernelRN3hls6streamI7ap_uintILi8EELi0EEES4_S4_E9prevCostL_12           |   9|          2|   12|         24|
    |p_ZZ10sgm_kernelRN3hls6streamI7ap_uintILi8EELi0EEES4_S4_E9prevCostL_13           |   9|          2|   12|         24|
    |p_ZZ10sgm_kernelRN3hls6streamI7ap_uintILi8EELi0EEES4_S4_E9prevCostL_14           |   9|          2|   12|         24|
    |p_ZZ10sgm_kernelRN3hls6streamI7ap_uintILi8EELi0EEES4_S4_E9prevCostL_15           |   9|          2|   12|         24|
    |p_ZZ10sgm_kernelRN3hls6streamI7ap_uintILi8EELi0EEES4_S4_E9prevCostL_16           |   9|          2|   12|         24|
    |p_ZZ10sgm_kernelRN3hls6streamI7ap_uintILi8EELi0EEES4_S4_E9prevCostL_17           |   9|          2|   12|         24|
    |p_ZZ10sgm_kernelRN3hls6streamI7ap_uintILi8EELi0EEES4_S4_E9prevCostL_18           |   9|          2|   12|         24|
    |p_ZZ10sgm_kernelRN3hls6streamI7ap_uintILi8EELi0EEES4_S4_E9prevCostL_19           |   9|          2|   12|         24|
    |p_ZZ10sgm_kernelRN3hls6streamI7ap_uintILi8EELi0EEES4_S4_E9prevCostL_20           |   9|          2|   12|         24|
    |p_ZZ10sgm_kernelRN3hls6streamI7ap_uintILi8EELi0EEES4_S4_E9prevCostL_21           |   9|          2|   12|         24|
    |p_ZZ10sgm_kernelRN3hls6streamI7ap_uintILi8EELi0EEES4_S4_E9prevCostL_22           |   9|          2|   12|         24|
    |p_ZZ10sgm_kernelRN3hls6streamI7ap_uintILi8EELi0EEES4_S4_E9prevCostL_23           |   9|          2|   12|         24|
    |p_ZZ10sgm_kernelRN3hls6streamI7ap_uintILi8EELi0EEES4_S4_E9prevCostL_24           |   9|          2|   12|         24|
    |p_ZZ10sgm_kernelRN3hls6streamI7ap_uintILi8EELi0EEES4_S4_E9prevCostL_25           |   9|          2|   12|         24|
    |p_ZZ10sgm_kernelRN3hls6streamI7ap_uintILi8EELi0EEES4_S4_E9prevCostL_26           |   9|          2|   12|         24|
    |p_ZZ10sgm_kernelRN3hls6streamI7ap_uintILi8EELi0EEES4_S4_E9prevCostL_27           |   9|          2|   12|         24|
    |p_ZZ10sgm_kernelRN3hls6streamI7ap_uintILi8EELi0EEES4_S4_E9prevCostL_28           |   9|          2|   12|         24|
    |p_ZZ10sgm_kernelRN3hls6streamI7ap_uintILi8EELi0EEES4_S4_E9prevCostL_29           |   9|          2|   12|         24|
    |p_ZZ10sgm_kernelRN3hls6streamI7ap_uintILi8EELi0EEES4_S4_E9prevCostL_30           |   9|          2|   12|         24|
    |p_ZZ10sgm_kernelRN3hls6streamI7ap_uintILi8EELi0EEES4_S4_E9prevCostL_31           |   9|          2|   12|         24|
    |p_ZZ10sgm_kernelRN3hls6streamI7ap_uintILi8EELi0EEES4_S4_E9prevCostT_10_address0  |  14|          3|    9|         27|
    |p_ZZ10sgm_kernelRN3hls6streamI7ap_uintILi8EELi0EEES4_S4_E9prevCostT_10_ce0       |  14|          3|    1|          3|
    |p_ZZ10sgm_kernelRN3hls6streamI7ap_uintILi8EELi0EEES4_S4_E9prevCostT_10_d0        |  14|          3|   12|         36|
    |p_ZZ10sgm_kernelRN3hls6streamI7ap_uintILi8EELi0EEES4_S4_E9prevCostT_10_we0       |  14|          3|    1|          3|
    |p_ZZ10sgm_kernelRN3hls6streamI7ap_uintILi8EELi0EEES4_S4_E9prevCostT_11_address0  |  14|          3|    9|         27|
    |p_ZZ10sgm_kernelRN3hls6streamI7ap_uintILi8EELi0EEES4_S4_E9prevCostT_11_ce0       |  14|          3|    1|          3|
    |p_ZZ10sgm_kernelRN3hls6streamI7ap_uintILi8EELi0EEES4_S4_E9prevCostT_11_d0        |  14|          3|   12|         36|
    |p_ZZ10sgm_kernelRN3hls6streamI7ap_uintILi8EELi0EEES4_S4_E9prevCostT_11_we0       |  14|          3|    1|          3|
    |p_ZZ10sgm_kernelRN3hls6streamI7ap_uintILi8EELi0EEES4_S4_E9prevCostT_12_address0  |  14|          3|    9|         27|
    |p_ZZ10sgm_kernelRN3hls6streamI7ap_uintILi8EELi0EEES4_S4_E9prevCostT_12_ce0       |  14|          3|    1|          3|
    |p_ZZ10sgm_kernelRN3hls6streamI7ap_uintILi8EELi0EEES4_S4_E9prevCostT_12_d0        |  14|          3|   12|         36|
    |p_ZZ10sgm_kernelRN3hls6streamI7ap_uintILi8EELi0EEES4_S4_E9prevCostT_12_we0       |  14|          3|    1|          3|
    |p_ZZ10sgm_kernelRN3hls6streamI7ap_uintILi8EELi0EEES4_S4_E9prevCostT_13_address0  |  14|          3|    9|         27|
    |p_ZZ10sgm_kernelRN3hls6streamI7ap_uintILi8EELi0EEES4_S4_E9prevCostT_13_ce0       |  14|          3|    1|          3|
    |p_ZZ10sgm_kernelRN3hls6streamI7ap_uintILi8EELi0EEES4_S4_E9prevCostT_13_d0        |  14|          3|   12|         36|
    |p_ZZ10sgm_kernelRN3hls6streamI7ap_uintILi8EELi0EEES4_S4_E9prevCostT_13_we0       |  14|          3|    1|          3|
    |p_ZZ10sgm_kernelRN3hls6streamI7ap_uintILi8EELi0EEES4_S4_E9prevCostT_14_address0  |  14|          3|    9|         27|
    |p_ZZ10sgm_kernelRN3hls6streamI7ap_uintILi8EELi0EEES4_S4_E9prevCostT_14_ce0       |  14|          3|    1|          3|
    |p_ZZ10sgm_kernelRN3hls6streamI7ap_uintILi8EELi0EEES4_S4_E9prevCostT_14_d0        |  14|          3|   12|         36|
    |p_ZZ10sgm_kernelRN3hls6streamI7ap_uintILi8EELi0EEES4_S4_E9prevCostT_14_we0       |  14|          3|    1|          3|
    |p_ZZ10sgm_kernelRN3hls6streamI7ap_uintILi8EELi0EEES4_S4_E9prevCostT_15_address0  |  14|          3|    9|         27|
    |p_ZZ10sgm_kernelRN3hls6streamI7ap_uintILi8EELi0EEES4_S4_E9prevCostT_15_ce0       |  14|          3|    1|          3|
    |p_ZZ10sgm_kernelRN3hls6streamI7ap_uintILi8EELi0EEES4_S4_E9prevCostT_15_d0        |  14|          3|   12|         36|
    |p_ZZ10sgm_kernelRN3hls6streamI7ap_uintILi8EELi0EEES4_S4_E9prevCostT_15_we0       |  14|          3|    1|          3|
    |p_ZZ10sgm_kernelRN3hls6streamI7ap_uintILi8EELi0EEES4_S4_E9prevCostT_16_address0  |  14|          3|    9|         27|
    |p_ZZ10sgm_kernelRN3hls6streamI7ap_uintILi8EELi0EEES4_S4_E9prevCostT_16_ce0       |  14|          3|    1|          3|
    |p_ZZ10sgm_kernelRN3hls6streamI7ap_uintILi8EELi0EEES4_S4_E9prevCostT_16_d0        |  14|          3|   12|         36|
    |p_ZZ10sgm_kernelRN3hls6streamI7ap_uintILi8EELi0EEES4_S4_E9prevCostT_16_we0       |  14|          3|    1|          3|
    |p_ZZ10sgm_kernelRN3hls6streamI7ap_uintILi8EELi0EEES4_S4_E9prevCostT_17_address0  |  14|          3|    9|         27|
    |p_ZZ10sgm_kernelRN3hls6streamI7ap_uintILi8EELi0EEES4_S4_E9prevCostT_17_ce0       |  14|          3|    1|          3|
    |p_ZZ10sgm_kernelRN3hls6streamI7ap_uintILi8EELi0EEES4_S4_E9prevCostT_17_d0        |  14|          3|   12|         36|
    |p_ZZ10sgm_kernelRN3hls6streamI7ap_uintILi8EELi0EEES4_S4_E9prevCostT_17_we0       |  14|          3|    1|          3|
    |p_ZZ10sgm_kernelRN3hls6streamI7ap_uintILi8EELi0EEES4_S4_E9prevCostT_18_address0  |  14|          3|    9|         27|
    |p_ZZ10sgm_kernelRN3hls6streamI7ap_uintILi8EELi0EEES4_S4_E9prevCostT_18_ce0       |  14|          3|    1|          3|
    |p_ZZ10sgm_kernelRN3hls6streamI7ap_uintILi8EELi0EEES4_S4_E9prevCostT_18_d0        |  14|          3|   12|         36|
    |p_ZZ10sgm_kernelRN3hls6streamI7ap_uintILi8EELi0EEES4_S4_E9prevCostT_18_we0       |  14|          3|    1|          3|
    |p_ZZ10sgm_kernelRN3hls6streamI7ap_uintILi8EELi0EEES4_S4_E9prevCostT_19_address0  |  14|          3|    9|         27|
    |p_ZZ10sgm_kernelRN3hls6streamI7ap_uintILi8EELi0EEES4_S4_E9prevCostT_19_ce0       |  14|          3|    1|          3|
    |p_ZZ10sgm_kernelRN3hls6streamI7ap_uintILi8EELi0EEES4_S4_E9prevCostT_19_d0        |  14|          3|   12|         36|
    |p_ZZ10sgm_kernelRN3hls6streamI7ap_uintILi8EELi0EEES4_S4_E9prevCostT_19_we0       |  14|          3|    1|          3|
    |p_ZZ10sgm_kernelRN3hls6streamI7ap_uintILi8EELi0EEES4_S4_E9prevCostT_20_address0  |  14|          3|    9|         27|
    |p_ZZ10sgm_kernelRN3hls6streamI7ap_uintILi8EELi0EEES4_S4_E9prevCostT_20_ce0       |  14|          3|    1|          3|
    |p_ZZ10sgm_kernelRN3hls6streamI7ap_uintILi8EELi0EEES4_S4_E9prevCostT_20_d0        |  14|          3|   12|         36|
    |p_ZZ10sgm_kernelRN3hls6streamI7ap_uintILi8EELi0EEES4_S4_E9prevCostT_20_we0       |  14|          3|    1|          3|
    |p_ZZ10sgm_kernelRN3hls6streamI7ap_uintILi8EELi0EEES4_S4_E9prevCostT_21_address0  |  14|          3|    9|         27|
    |p_ZZ10sgm_kernelRN3hls6streamI7ap_uintILi8EELi0EEES4_S4_E9prevCostT_21_ce0       |  14|          3|    1|          3|
    |p_ZZ10sgm_kernelRN3hls6streamI7ap_uintILi8EELi0EEES4_S4_E9prevCostT_21_d0        |  14|          3|   12|         36|
    |p_ZZ10sgm_kernelRN3hls6streamI7ap_uintILi8EELi0EEES4_S4_E9prevCostT_21_we0       |  14|          3|    1|          3|
    |p_ZZ10sgm_kernelRN3hls6streamI7ap_uintILi8EELi0EEES4_S4_E9prevCostT_22_address0  |  14|          3|    9|         27|
    |p_ZZ10sgm_kernelRN3hls6streamI7ap_uintILi8EELi0EEES4_S4_E9prevCostT_22_ce0       |  14|          3|    1|          3|
    |p_ZZ10sgm_kernelRN3hls6streamI7ap_uintILi8EELi0EEES4_S4_E9prevCostT_22_d0        |  14|          3|   12|         36|
    |p_ZZ10sgm_kernelRN3hls6streamI7ap_uintILi8EELi0EEES4_S4_E9prevCostT_22_we0       |  14|          3|    1|          3|
    |p_ZZ10sgm_kernelRN3hls6streamI7ap_uintILi8EELi0EEES4_S4_E9prevCostT_23_address0  |  14|          3|    9|         27|
    |p_ZZ10sgm_kernelRN3hls6streamI7ap_uintILi8EELi0EEES4_S4_E9prevCostT_23_ce0       |  14|          3|    1|          3|
    |p_ZZ10sgm_kernelRN3hls6streamI7ap_uintILi8EELi0EEES4_S4_E9prevCostT_23_d0        |  14|          3|   12|         36|
    |p_ZZ10sgm_kernelRN3hls6streamI7ap_uintILi8EELi0EEES4_S4_E9prevCostT_23_we0       |  14|          3|    1|          3|
    |p_ZZ10sgm_kernelRN3hls6streamI7ap_uintILi8EELi0EEES4_S4_E9prevCostT_24_address0  |  14|          3|    9|         27|
    |p_ZZ10sgm_kernelRN3hls6streamI7ap_uintILi8EELi0EEES4_S4_E9prevCostT_24_ce0       |  14|          3|    1|          3|
    |p_ZZ10sgm_kernelRN3hls6streamI7ap_uintILi8EELi0EEES4_S4_E9prevCostT_24_d0        |  14|          3|   12|         36|
    |p_ZZ10sgm_kernelRN3hls6streamI7ap_uintILi8EELi0EEES4_S4_E9prevCostT_24_we0       |  14|          3|    1|          3|
    |p_ZZ10sgm_kernelRN3hls6streamI7ap_uintILi8EELi0EEES4_S4_E9prevCostT_25_address0  |  14|          3|    9|         27|
    |p_ZZ10sgm_kernelRN3hls6streamI7ap_uintILi8EELi0EEES4_S4_E9prevCostT_25_ce0       |  14|          3|    1|          3|
    |p_ZZ10sgm_kernelRN3hls6streamI7ap_uintILi8EELi0EEES4_S4_E9prevCostT_25_d0        |  14|          3|   12|         36|
    |p_ZZ10sgm_kernelRN3hls6streamI7ap_uintILi8EELi0EEES4_S4_E9prevCostT_25_we0       |  14|          3|    1|          3|
    |p_ZZ10sgm_kernelRN3hls6streamI7ap_uintILi8EELi0EEES4_S4_E9prevCostT_26_address0  |  14|          3|    9|         27|
    |p_ZZ10sgm_kernelRN3hls6streamI7ap_uintILi8EELi0EEES4_S4_E9prevCostT_26_ce0       |  14|          3|    1|          3|
    |p_ZZ10sgm_kernelRN3hls6streamI7ap_uintILi8EELi0EEES4_S4_E9prevCostT_26_d0        |  14|          3|   12|         36|
    |p_ZZ10sgm_kernelRN3hls6streamI7ap_uintILi8EELi0EEES4_S4_E9prevCostT_26_we0       |  14|          3|    1|          3|
    |p_ZZ10sgm_kernelRN3hls6streamI7ap_uintILi8EELi0EEES4_S4_E9prevCostT_27_address0  |  14|          3|    9|         27|
    |p_ZZ10sgm_kernelRN3hls6streamI7ap_uintILi8EELi0EEES4_S4_E9prevCostT_27_ce0       |  14|          3|    1|          3|
    |p_ZZ10sgm_kernelRN3hls6streamI7ap_uintILi8EELi0EEES4_S4_E9prevCostT_27_d0        |  14|          3|   12|         36|
    |p_ZZ10sgm_kernelRN3hls6streamI7ap_uintILi8EELi0EEES4_S4_E9prevCostT_27_we0       |  14|          3|    1|          3|
    |p_ZZ10sgm_kernelRN3hls6streamI7ap_uintILi8EELi0EEES4_S4_E9prevCostT_28_address0  |  14|          3|    9|         27|
    |p_ZZ10sgm_kernelRN3hls6streamI7ap_uintILi8EELi0EEES4_S4_E9prevCostT_28_ce0       |  14|          3|    1|          3|
    |p_ZZ10sgm_kernelRN3hls6streamI7ap_uintILi8EELi0EEES4_S4_E9prevCostT_28_d0        |  14|          3|   12|         36|
    |p_ZZ10sgm_kernelRN3hls6streamI7ap_uintILi8EELi0EEES4_S4_E9prevCostT_28_we0       |  14|          3|    1|          3|
    |p_ZZ10sgm_kernelRN3hls6streamI7ap_uintILi8EELi0EEES4_S4_E9prevCostT_29_address0  |  14|          3|    9|         27|
    |p_ZZ10sgm_kernelRN3hls6streamI7ap_uintILi8EELi0EEES4_S4_E9prevCostT_29_ce0       |  14|          3|    1|          3|
    |p_ZZ10sgm_kernelRN3hls6streamI7ap_uintILi8EELi0EEES4_S4_E9prevCostT_29_d0        |  14|          3|   12|         36|
    |p_ZZ10sgm_kernelRN3hls6streamI7ap_uintILi8EELi0EEES4_S4_E9prevCostT_29_we0       |  14|          3|    1|          3|
    |p_ZZ10sgm_kernelRN3hls6streamI7ap_uintILi8EELi0EEES4_S4_E9prevCostT_30_address0  |  14|          3|    9|         27|
    |p_ZZ10sgm_kernelRN3hls6streamI7ap_uintILi8EELi0EEES4_S4_E9prevCostT_30_ce0       |  14|          3|    1|          3|
    |p_ZZ10sgm_kernelRN3hls6streamI7ap_uintILi8EELi0EEES4_S4_E9prevCostT_30_d0        |  14|          3|   12|         36|
    |p_ZZ10sgm_kernelRN3hls6streamI7ap_uintILi8EELi0EEES4_S4_E9prevCostT_30_we0       |  14|          3|    1|          3|
    |p_ZZ10sgm_kernelRN3hls6streamI7ap_uintILi8EELi0EEES4_S4_E9prevCostT_31_address0  |  14|          3|    9|         27|
    |p_ZZ10sgm_kernelRN3hls6streamI7ap_uintILi8EELi0EEES4_S4_E9prevCostT_31_ce0       |  14|          3|    1|          3|
    |p_ZZ10sgm_kernelRN3hls6streamI7ap_uintILi8EELi0EEES4_S4_E9prevCostT_31_d0        |  14|          3|   12|         36|
    |p_ZZ10sgm_kernelRN3hls6streamI7ap_uintILi8EELi0EEES4_S4_E9prevCostT_31_we0       |  14|          3|    1|          3|
    |r_fu_332                                                                         |   9|          2|    7|         14|
    |rightStripe_10_address0                                                          |  14|          3|    3|          9|
    |rightStripe_10_ce0                                                               |  14|          3|    1|          3|
    |rightStripe_10_ce1                                                               |   9|          2|    1|          2|
    |rightStripe_10_d0                                                                |  14|          3|    8|         24|
    |rightStripe_10_we0                                                               |  14|          3|    1|          3|
    |rightStripe_10_we1                                                               |   9|          2|    1|          2|
    |rightStripe_11_address0                                                          |  14|          3|    3|          9|
    |rightStripe_11_ce0                                                               |  14|          3|    1|          3|
    |rightStripe_11_ce1                                                               |   9|          2|    1|          2|
    |rightStripe_11_d0                                                                |  14|          3|    8|         24|
    |rightStripe_11_we0                                                               |  14|          3|    1|          3|
    |rightStripe_11_we1                                                               |   9|          2|    1|          2|
    |rightStripe_12_address0                                                          |  14|          3|    3|          9|
    |rightStripe_12_ce0                                                               |  14|          3|    1|          3|
    |rightStripe_12_ce1                                                               |   9|          2|    1|          2|
    |rightStripe_12_d0                                                                |  14|          3|    8|         24|
    |rightStripe_12_we0                                                               |  14|          3|    1|          3|
    |rightStripe_12_we1                                                               |   9|          2|    1|          2|
    |rightStripe_13_address0                                                          |  14|          3|    3|          9|
    |rightStripe_13_ce0                                                               |  14|          3|    1|          3|
    |rightStripe_13_ce1                                                               |   9|          2|    1|          2|
    |rightStripe_13_d0                                                                |  14|          3|    8|         24|
    |rightStripe_13_we0                                                               |  14|          3|    1|          3|
    |rightStripe_13_we1                                                               |   9|          2|    1|          2|
    |rightStripe_14_address0                                                          |  14|          3|    3|          9|
    |rightStripe_14_ce0                                                               |  14|          3|    1|          3|
    |rightStripe_14_ce1                                                               |   9|          2|    1|          2|
    |rightStripe_14_d0                                                                |  14|          3|    8|         24|
    |rightStripe_14_we0                                                               |  14|          3|    1|          3|
    |rightStripe_14_we1                                                               |   9|          2|    1|          2|
    |rightStripe_1_address0                                                           |  14|          3|    3|          9|
    |rightStripe_1_ce0                                                                |  14|          3|    1|          3|
    |rightStripe_1_ce1                                                                |   9|          2|    1|          2|
    |rightStripe_1_d0                                                                 |  14|          3|    8|         24|
    |rightStripe_1_we0                                                                |  14|          3|    1|          3|
    |rightStripe_1_we1                                                                |   9|          2|    1|          2|
    |rightStripe_2_address0                                                           |  14|          3|    3|          9|
    |rightStripe_2_ce0                                                                |  14|          3|    1|          3|
    |rightStripe_2_ce1                                                                |   9|          2|    1|          2|
    |rightStripe_2_d0                                                                 |  14|          3|    8|         24|
    |rightStripe_2_we0                                                                |  14|          3|    1|          3|
    |rightStripe_2_we1                                                                |   9|          2|    1|          2|
    |rightStripe_3_address0                                                           |  14|          3|    3|          9|
    |rightStripe_3_ce0                                                                |  14|          3|    1|          3|
    |rightStripe_3_ce1                                                                |   9|          2|    1|          2|
    |rightStripe_3_d0                                                                 |  14|          3|    8|         24|
    |rightStripe_3_we0                                                                |  14|          3|    1|          3|
    |rightStripe_3_we1                                                                |   9|          2|    1|          2|
    |rightStripe_4_address0                                                           |  14|          3|    3|          9|
    |rightStripe_4_ce0                                                                |  14|          3|    1|          3|
    |rightStripe_4_ce1                                                                |   9|          2|    1|          2|
    |rightStripe_4_d0                                                                 |  14|          3|    8|         24|
    |rightStripe_4_we0                                                                |  14|          3|    1|          3|
    |rightStripe_4_we1                                                                |   9|          2|    1|          2|
    |rightStripe_5_address0                                                           |  14|          3|    3|          9|
    |rightStripe_5_ce0                                                                |  14|          3|    1|          3|
    |rightStripe_5_ce1                                                                |   9|          2|    1|          2|
    |rightStripe_5_d0                                                                 |  14|          3|    8|         24|
    |rightStripe_5_we0                                                                |  14|          3|    1|          3|
    |rightStripe_5_we1                                                                |   9|          2|    1|          2|
    |rightStripe_6_address0                                                           |  14|          3|    3|          9|
    |rightStripe_6_ce0                                                                |  14|          3|    1|          3|
    |rightStripe_6_ce1                                                                |   9|          2|    1|          2|
    |rightStripe_6_d0                                                                 |  14|          3|    8|         24|
    |rightStripe_6_we0                                                                |  14|          3|    1|          3|
    |rightStripe_6_we1                                                                |   9|          2|    1|          2|
    |rightStripe_7_address0                                                           |  14|          3|    3|          9|
    |rightStripe_7_ce0                                                                |  14|          3|    1|          3|
    |rightStripe_7_ce1                                                                |   9|          2|    1|          2|
    |rightStripe_7_d0                                                                 |  14|          3|    8|         24|
    |rightStripe_7_we0                                                                |  14|          3|    1|          3|
    |rightStripe_7_we1                                                                |   9|          2|    1|          2|
    |rightStripe_8_address0                                                           |  14|          3|    3|          9|
    |rightStripe_8_ce0                                                                |  14|          3|    1|          3|
    |rightStripe_8_ce1                                                                |   9|          2|    1|          2|
    |rightStripe_8_d0                                                                 |  14|          3|    8|         24|
    |rightStripe_8_we0                                                                |  14|          3|    1|          3|
    |rightStripe_8_we1                                                                |   9|          2|    1|          2|
    |rightStripe_9_address0                                                           |  14|          3|    3|          9|
    |rightStripe_9_ce0                                                                |  14|          3|    1|          3|
    |rightStripe_9_ce1                                                                |   9|          2|    1|          2|
    |rightStripe_9_d0                                                                 |  14|          3|    8|         24|
    |rightStripe_9_we0                                                                |  14|          3|    1|          3|
    |rightStripe_9_we1                                                                |   9|          2|    1|          2|
    |rightStripe_address0                                                             |  14|          3|    3|          9|
    |rightStripe_ce0                                                                  |  14|          3|    1|          3|
    |rightStripe_ce1                                                                  |   9|          2|    1|          2|
    |rightStripe_d0                                                                   |  14|          3|    8|         24|
    |rightStripe_we0                                                                  |  14|          3|    1|          3|
    |rightStripe_we1                                                                  |   9|          2|    1|          2|
    |right_r_TREADY_int_regslice                                                      |   9|          2|    1|          2|
    |sgm_kernel_stream_stream_ap_uint_8_0_stream_ap_uint_8_0_prevCostL                |   9|          2|   12|         24|
    |sgm_kernel_stream_stream_ap_uint_8_0_stream_ap_uint_8_0_prevCostL_1              |   9|          2|   12|         24|
    |sgm_kernel_stream_stream_ap_uint_8_0_stream_ap_uint_8_0_prevCostL_2              |   9|          2|   12|         24|
    |sgm_kernel_stream_stream_ap_uint_8_0_stream_ap_uint_8_0_prevCostL_3              |   9|          2|   12|         24|
    |sgm_kernel_stream_stream_ap_uint_8_0_stream_ap_uint_8_0_prevCostL_4              |   9|          2|   12|         24|
    |sgm_kernel_stream_stream_ap_uint_8_0_stream_ap_uint_8_0_prevCostL_5              |   9|          2|   12|         24|
    |sgm_kernel_stream_stream_ap_uint_8_0_stream_ap_uint_8_0_prevCostL_6              |   9|          2|   12|         24|
    |sgm_kernel_stream_stream_ap_uint_8_0_stream_ap_uint_8_0_prevCostL_7              |   9|          2|   12|         24|
    |sgm_kernel_stream_stream_ap_uint_8_0_stream_ap_uint_8_0_prevCostL_8              |   9|          2|   12|         24|
    |sgm_kernel_stream_stream_ap_uint_8_0_stream_ap_uint_8_0_prevCostL_9              |   9|          2|   12|         24|
    |sgm_kernel_stream_stream_ap_uint_8_0_stream_ap_uint_8_0_prevCostT_1_address0     |  14|          3|    9|         27|
    |sgm_kernel_stream_stream_ap_uint_8_0_stream_ap_uint_8_0_prevCostT_1_ce0          |  14|          3|    1|          3|
    |sgm_kernel_stream_stream_ap_uint_8_0_stream_ap_uint_8_0_prevCostT_1_d0           |  14|          3|   12|         36|
    |sgm_kernel_stream_stream_ap_uint_8_0_stream_ap_uint_8_0_prevCostT_1_we0          |  14|          3|    1|          3|
    |sgm_kernel_stream_stream_ap_uint_8_0_stream_ap_uint_8_0_prevCostT_2_address0     |  14|          3|    9|         27|
    |sgm_kernel_stream_stream_ap_uint_8_0_stream_ap_uint_8_0_prevCostT_2_ce0          |  14|          3|    1|          3|
    |sgm_kernel_stream_stream_ap_uint_8_0_stream_ap_uint_8_0_prevCostT_2_d0           |  14|          3|   12|         36|
    |sgm_kernel_stream_stream_ap_uint_8_0_stream_ap_uint_8_0_prevCostT_2_we0          |  14|          3|    1|          3|
    |sgm_kernel_stream_stream_ap_uint_8_0_stream_ap_uint_8_0_prevCostT_3_address0     |  14|          3|    9|         27|
    |sgm_kernel_stream_stream_ap_uint_8_0_stream_ap_uint_8_0_prevCostT_3_ce0          |  14|          3|    1|          3|
    |sgm_kernel_stream_stream_ap_uint_8_0_stream_ap_uint_8_0_prevCostT_3_d0           |  14|          3|   12|         36|
    |sgm_kernel_stream_stream_ap_uint_8_0_stream_ap_uint_8_0_prevCostT_3_we0          |  14|          3|    1|          3|
    |sgm_kernel_stream_stream_ap_uint_8_0_stream_ap_uint_8_0_prevCostT_4_address0     |  14|          3|    9|         27|
    |sgm_kernel_stream_stream_ap_uint_8_0_stream_ap_uint_8_0_prevCostT_4_ce0          |  14|          3|    1|          3|
    |sgm_kernel_stream_stream_ap_uint_8_0_stream_ap_uint_8_0_prevCostT_4_d0           |  14|          3|   12|         36|
    |sgm_kernel_stream_stream_ap_uint_8_0_stream_ap_uint_8_0_prevCostT_4_we0          |  14|          3|    1|          3|
    |sgm_kernel_stream_stream_ap_uint_8_0_stream_ap_uint_8_0_prevCostT_5_address0     |  14|          3|    9|         27|
    |sgm_kernel_stream_stream_ap_uint_8_0_stream_ap_uint_8_0_prevCostT_5_ce0          |  14|          3|    1|          3|
    |sgm_kernel_stream_stream_ap_uint_8_0_stream_ap_uint_8_0_prevCostT_5_d0           |  14|          3|   12|         36|
    |sgm_kernel_stream_stream_ap_uint_8_0_stream_ap_uint_8_0_prevCostT_5_we0          |  14|          3|    1|          3|
    |sgm_kernel_stream_stream_ap_uint_8_0_stream_ap_uint_8_0_prevCostT_6_address0     |  14|          3|    9|         27|
    |sgm_kernel_stream_stream_ap_uint_8_0_stream_ap_uint_8_0_prevCostT_6_ce0          |  14|          3|    1|          3|
    |sgm_kernel_stream_stream_ap_uint_8_0_stream_ap_uint_8_0_prevCostT_6_d0           |  14|          3|   12|         36|
    |sgm_kernel_stream_stream_ap_uint_8_0_stream_ap_uint_8_0_prevCostT_6_we0          |  14|          3|    1|          3|
    |sgm_kernel_stream_stream_ap_uint_8_0_stream_ap_uint_8_0_prevCostT_7_address0     |  14|          3|    9|         27|
    |sgm_kernel_stream_stream_ap_uint_8_0_stream_ap_uint_8_0_prevCostT_7_ce0          |  14|          3|    1|          3|
    |sgm_kernel_stream_stream_ap_uint_8_0_stream_ap_uint_8_0_prevCostT_7_d0           |  14|          3|   12|         36|
    |sgm_kernel_stream_stream_ap_uint_8_0_stream_ap_uint_8_0_prevCostT_7_we0          |  14|          3|    1|          3|
    |sgm_kernel_stream_stream_ap_uint_8_0_stream_ap_uint_8_0_prevCostT_8_address0     |  14|          3|    9|         27|
    |sgm_kernel_stream_stream_ap_uint_8_0_stream_ap_uint_8_0_prevCostT_8_ce0          |  14|          3|    1|          3|
    |sgm_kernel_stream_stream_ap_uint_8_0_stream_ap_uint_8_0_prevCostT_8_d0           |  14|          3|   12|         36|
    |sgm_kernel_stream_stream_ap_uint_8_0_stream_ap_uint_8_0_prevCostT_8_we0          |  14|          3|    1|          3|
    |sgm_kernel_stream_stream_ap_uint_8_0_stream_ap_uint_8_0_prevCostT_9_address0     |  14|          3|    9|         27|
    |sgm_kernel_stream_stream_ap_uint_8_0_stream_ap_uint_8_0_prevCostT_9_ce0          |  14|          3|    1|          3|
    |sgm_kernel_stream_stream_ap_uint_8_0_stream_ap_uint_8_0_prevCostT_9_d0           |  14|          3|   12|         36|
    |sgm_kernel_stream_stream_ap_uint_8_0_stream_ap_uint_8_0_prevCostT_9_we0          |  14|          3|    1|          3|
    |sgm_kernel_stream_stream_ap_uint_8_0_stream_ap_uint_8_0_prevCostT_address0       |  14|          3|    9|         27|
    |sgm_kernel_stream_stream_ap_uint_8_0_stream_ap_uint_8_0_prevCostT_ce0            |  14|          3|    1|          3|
    |sgm_kernel_stream_stream_ap_uint_8_0_stream_ap_uint_8_0_prevCostT_d0             |  14|          3|   12|         36|
    |sgm_kernel_stream_stream_ap_uint_8_0_stream_ap_uint_8_0_prevCostT_we0            |  14|          3|    1|          3|
    +---------------------------------------------------------------------------------+----+-----------+-----+-----------+
    |Total                                                                            |3543|        762| 1427|       3866|
    +---------------------------------------------------------------------------------+----+-----------+-----+-----------+

    * Register: 
    +------------------------------------------------------------------------------+----+----+-----+-----------+
    |                                     Name                                     | FF | LUT| Bits| Const Bits|
    +------------------------------------------------------------------------------+----+----+-----+-----------+
    |ap_CS_fsm                                                                     |  11|   0|   11|          0|
    |grp_sgm_kernel_Pipeline_InitBuf_VITIS_LOOP_301_1_fu_596_ap_start_reg          |   1|   0|    1|          0|
    |grp_sgm_kernel_Pipeline_InitLeftWin_VITIS_LOOP_365_2_fu_744_ap_start_reg      |   1|   0|    1|          0|
    |grp_sgm_kernel_Pipeline_InitRightStripe_VITIS_LOOP_374_3_fu_760_ap_start_reg  |   1|   0|    1|          0|
    |grp_sgm_kernel_Pipeline_InitTBRow_InitTBRowD_fu_676_ap_start_reg              |   1|   0|    1|          0|
    |grp_sgm_kernel_Pipeline_ResetCosts_fu_608_ap_start_reg                        |   1|   0|    1|          0|
    |grp_sgm_kernel_Pipeline_VITIS_LOOP_380_4_fu_779_ap_start_reg                  |   1|   0|    1|          0|
    |icmp_ln347_reg_1438                                                           |   1|   0|    1|          0|
    |leftWin_1_0_fu_336                                                            |   8|   0|    8|          0|
    |leftWin_2_0_fu_340                                                            |   8|   0|    8|          0|
    |leftWin_4_0_fu_344                                                            |   8|   0|    8|          0|
    |leftWin_5_0_fu_348                                                            |   8|   0|    8|          0|
    |leftWin_7_0_fu_352                                                            |   8|   0|    8|          0|
    |leftWin_8_0_fu_356                                                            |   8|   0|    8|          0|
    |p_ZZ10sgm_kernelRN3hls6streamI7ap_uintILi8EELi0EEES4_S4_E9prevCostL_10        |  12|   0|   12|          0|
    |p_ZZ10sgm_kernelRN3hls6streamI7ap_uintILi8EELi0EEES4_S4_E9prevCostL_11        |  12|   0|   12|          0|
    |p_ZZ10sgm_kernelRN3hls6streamI7ap_uintILi8EELi0EEES4_S4_E9prevCostL_12        |  12|   0|   12|          0|
    |p_ZZ10sgm_kernelRN3hls6streamI7ap_uintILi8EELi0EEES4_S4_E9prevCostL_13        |  12|   0|   12|          0|
    |p_ZZ10sgm_kernelRN3hls6streamI7ap_uintILi8EELi0EEES4_S4_E9prevCostL_14        |  12|   0|   12|          0|
    |p_ZZ10sgm_kernelRN3hls6streamI7ap_uintILi8EELi0EEES4_S4_E9prevCostL_15        |  12|   0|   12|          0|
    |p_ZZ10sgm_kernelRN3hls6streamI7ap_uintILi8EELi0EEES4_S4_E9prevCostL_16        |  12|   0|   12|          0|
    |p_ZZ10sgm_kernelRN3hls6streamI7ap_uintILi8EELi0EEES4_S4_E9prevCostL_17        |  12|   0|   12|          0|
    |p_ZZ10sgm_kernelRN3hls6streamI7ap_uintILi8EELi0EEES4_S4_E9prevCostL_18        |  12|   0|   12|          0|
    |p_ZZ10sgm_kernelRN3hls6streamI7ap_uintILi8EELi0EEES4_S4_E9prevCostL_19        |  12|   0|   12|          0|
    |p_ZZ10sgm_kernelRN3hls6streamI7ap_uintILi8EELi0EEES4_S4_E9prevCostL_20        |  12|   0|   12|          0|
    |p_ZZ10sgm_kernelRN3hls6streamI7ap_uintILi8EELi0EEES4_S4_E9prevCostL_21        |  12|   0|   12|          0|
    |p_ZZ10sgm_kernelRN3hls6streamI7ap_uintILi8EELi0EEES4_S4_E9prevCostL_22        |  12|   0|   12|          0|
    |p_ZZ10sgm_kernelRN3hls6streamI7ap_uintILi8EELi0EEES4_S4_E9prevCostL_23        |  12|   0|   12|          0|
    |p_ZZ10sgm_kernelRN3hls6streamI7ap_uintILi8EELi0EEES4_S4_E9prevCostL_24        |  12|   0|   12|          0|
    |p_ZZ10sgm_kernelRN3hls6streamI7ap_uintILi8EELi0EEES4_S4_E9prevCostL_25        |  12|   0|   12|          0|
    |p_ZZ10sgm_kernelRN3hls6streamI7ap_uintILi8EELi0EEES4_S4_E9prevCostL_26        |  12|   0|   12|          0|
    |p_ZZ10sgm_kernelRN3hls6streamI7ap_uintILi8EELi0EEES4_S4_E9prevCostL_27        |  12|   0|   12|          0|
    |p_ZZ10sgm_kernelRN3hls6streamI7ap_uintILi8EELi0EEES4_S4_E9prevCostL_28        |  12|   0|   12|          0|
    |p_ZZ10sgm_kernelRN3hls6streamI7ap_uintILi8EELi0EEES4_S4_E9prevCostL_29        |  12|   0|   12|          0|
    |p_ZZ10sgm_kernelRN3hls6streamI7ap_uintILi8EELi0EEES4_S4_E9prevCostL_30        |  12|   0|   12|          0|
    |p_ZZ10sgm_kernelRN3hls6streamI7ap_uintILi8EELi0EEES4_S4_E9prevCostL_31        |  12|   0|   12|          0|
    |pkt_curCost_0_066_fu_360                                                      |  12|   0|   12|          0|
    |pkt_curCost_0_1_082_fu_392                                                    |  12|   0|   12|          0|
    |pkt_curCost_0_2_090_fu_424                                                    |  12|   0|   12|          0|
    |pkt_curCost_0_3_098_fu_456                                                    |  12|   0|   12|          0|
    |pkt_curCost_1_068_fu_364                                                      |  12|   0|   12|          0|
    |pkt_curCost_1_1_083_fu_396                                                    |  12|   0|   12|          0|
    |pkt_curCost_1_2_091_fu_428                                                    |  12|   0|   12|          0|
    |pkt_curCost_1_3_099_fu_460                                                    |  12|   0|   12|          0|
    |pkt_curCost_2_070_fu_368                                                      |  12|   0|   12|          0|
    |pkt_curCost_2_1_084_fu_400                                                    |  12|   0|   12|          0|
    |pkt_curCost_2_2_092_fu_432                                                    |  12|   0|   12|          0|
    |pkt_curCost_2_3_0100_fu_464                                                   |  12|   0|   12|          0|
    |pkt_curCost_3_072_fu_372                                                      |  12|   0|   12|          0|
    |pkt_curCost_3_1_085_fu_404                                                    |  12|   0|   12|          0|
    |pkt_curCost_3_2_093_fu_436                                                    |  12|   0|   12|          0|
    |pkt_curCost_3_3_0101_fu_468                                                   |  12|   0|   12|          0|
    |pkt_curCost_4_074_fu_376                                                      |  12|   0|   12|          0|
    |pkt_curCost_4_1_086_fu_408                                                    |  12|   0|   12|          0|
    |pkt_curCost_4_2_094_fu_440                                                    |  12|   0|   12|          0|
    |pkt_curCost_4_3_0102_fu_472                                                   |  12|   0|   12|          0|
    |pkt_curCost_5_076_fu_380                                                      |  12|   0|   12|          0|
    |pkt_curCost_5_1_087_fu_412                                                    |  12|   0|   12|          0|
    |pkt_curCost_5_2_095_fu_444                                                    |  12|   0|   12|          0|
    |pkt_curCost_5_3_0103_fu_476                                                   |  12|   0|   12|          0|
    |pkt_curCost_6_078_fu_384                                                      |  12|   0|   12|          0|
    |pkt_curCost_6_1_088_fu_416                                                    |  12|   0|   12|          0|
    |pkt_curCost_6_2_096_fu_448                                                    |  12|   0|   12|          0|
    |pkt_curCost_6_3_0104_fu_480                                                   |  12|   0|   12|          0|
    |pkt_curCost_7_080_fu_388                                                      |  12|   0|   12|          0|
    |pkt_curCost_7_1_089_fu_420                                                    |  12|   0|   12|          0|
    |pkt_curCost_7_2_097_fu_452                                                    |  12|   0|   12|          0|
    |pkt_curCost_7_3_0105_fu_484                                                   |  12|   0|   12|          0|
    |r_1_reg_1425                                                                  |   7|   0|    7|          0|
    |r_2_reg_1433                                                                  |   7|   0|    7|          0|
    |r_fu_332                                                                      |   7|   0|    7|          0|
    |sgm_kernel_stream_stream_ap_uint_8_0_stream_ap_uint_8_0_prevCostL             |  12|   0|   12|          0|
    |sgm_kernel_stream_stream_ap_uint_8_0_stream_ap_uint_8_0_prevCostL_1           |  12|   0|   12|          0|
    |sgm_kernel_stream_stream_ap_uint_8_0_stream_ap_uint_8_0_prevCostL_2           |  12|   0|   12|          0|
    |sgm_kernel_stream_stream_ap_uint_8_0_stream_ap_uint_8_0_prevCostL_3           |  12|   0|   12|          0|
    |sgm_kernel_stream_stream_ap_uint_8_0_stream_ap_uint_8_0_prevCostL_4           |  12|   0|   12|          0|
    |sgm_kernel_stream_stream_ap_uint_8_0_stream_ap_uint_8_0_prevCostL_5           |  12|   0|   12|          0|
    |sgm_kernel_stream_stream_ap_uint_8_0_stream_ap_uint_8_0_prevCostL_6           |  12|   0|   12|          0|
    |sgm_kernel_stream_stream_ap_uint_8_0_stream_ap_uint_8_0_prevCostL_7           |  12|   0|   12|          0|
    |sgm_kernel_stream_stream_ap_uint_8_0_stream_ap_uint_8_0_prevCostL_8           |  12|   0|   12|          0|
    |sgm_kernel_stream_stream_ap_uint_8_0_stream_ap_uint_8_0_prevCostL_9           |  12|   0|   12|          0|
    +------------------------------------------------------------------------------+----+----+-----+-----------+
    |Total                                                                         | 855|   0|  855|          0|
    +------------------------------------------------------------------------------+----+----+-----+-----------+



================================================================
== Interface
================================================================
* Summary: 
+----------------+-----+-----+--------------+--------------+--------------+
|    RTL Ports   | Dir | Bits|   Protocol   | Source Object|    C Type    |
+----------------+-----+-----+--------------+--------------+--------------+
|ap_clk          |   in|    1|  ap_ctrl_none|    sgm_kernel|  return value|
|ap_rst_n        |   in|    1|  ap_ctrl_none|    sgm_kernel|  return value|
|left_r_TDATA    |   in|    8|          axis|        left_r|       pointer|
|left_r_TVALID   |   in|    1|          axis|        left_r|       pointer|
|left_r_TREADY   |  out|    1|          axis|        left_r|       pointer|
|right_r_TDATA   |   in|    8|          axis|       right_r|       pointer|
|right_r_TVALID  |   in|    1|          axis|       right_r|       pointer|
|right_r_TREADY  |  out|    1|          axis|       right_r|       pointer|
|disp_TDATA      |  out|    8|          axis|          disp|       pointer|
|disp_TVALID     |  out|    1|          axis|          disp|       pointer|
|disp_TREADY     |   in|    1|          axis|          disp|       pointer|
+----------------+-----+-----+--------------+--------------+--------------+

